<!doctype html public "-//w3c//dtd html 4.0 transitional//en">
<html><head>
<title>Static Call Graph - [.\Objects\led.axf]</title></head>
<body><HR>
<H1>Static Call Graph for image .\Objects\led.axf</H1><HR>
<BR><P>#&#060CALLGRAPH&#062# ARM Linker, 6190004: Last Updated: Mon Dec 19 11:28:58 2022
<BR><P>
<H3>Maximum Stack Usage =        564 bytes + Unknown(Functions without stacksize, Cycles, Untraceable Function Pointers)</H3><H3>
Call chain for Maximum Stack Depth:</H3>
__rt_entry_main &rArr; main &rArr; rtthread_startup &rArr; rt_application_init &rArr; rt_thread_create &rArr; rt_object_allocate &rArr; rt_malloc &rArr; rt_sem_take &rArr; rt_ipc_list_suspend &rArr; rt_thread_suspend &rArr; rt_timer_stop &rArr; rt_assert_handler &rArr; rt_kprintf &rArr; rt_vsnprintf &rArr; print_number &rArr; divide
<P>
<H3>
Functions with no stack information
</H3><UL>
 <LI><a href="#[81]">__user_initial_stackheap</a>
</UL>
</UL>
<P>
<H3>
Mutually Recursive functions
</H3> <LI><a href="#[1c]">ADC1_2_IRQHandler</a>&nbsp;&nbsp;&nbsp;&rArr;&nbsp;&nbsp;&nbsp;<a href="#[1c]">ADC1_2_IRQHandler</a><BR>
 <LI><a href="#[f7]">rt_device_write</a>&nbsp;&nbsp;&nbsp;&rArr;&nbsp;&nbsp;&nbsp;<a href="#[a5]">rt_assert_handler</a><BR>
 <LI><a href="#[ea]">rt_object_get_type</a>&nbsp;&nbsp;&nbsp;&rArr;&nbsp;&nbsp;&nbsp;<a href="#[a5]">rt_assert_handler</a><BR>
</UL>
<P>
<H3>
Function Pointers
</H3><UL>
 <LI><a href="#[1c]">ADC1_2_IRQHandler</a> from startup_n32g4fr.o(.text) referenced from startup_n32g4fr.o(RESET)
 <LI><a href="#[4]">BusFault_Handler</a> from n32g4fr_it.o(.text) referenced from startup_n32g4fr.o(RESET)
 <LI><a href="#[1f]">CAN1_RX1_IRQHandler</a> from startup_n32g4fr.o(.text) referenced from startup_n32g4fr.o(RESET)
 <LI><a href="#[20]">CAN1_SCE_IRQHandler</a> from startup_n32g4fr.o(.text) referenced from startup_n32g4fr.o(RESET)
 <LI><a href="#[4a]">CAN2_RX0_IRQHandler</a> from startup_n32g4fr.o(.text) referenced from startup_n32g4fr.o(RESET)
 <LI><a href="#[4b]">CAN2_RX1_IRQHandler</a> from startup_n32g4fr.o(.text) referenced from startup_n32g4fr.o(RESET)
 <LI><a href="#[4c]">CAN2_SCE_IRQHandler</a> from startup_n32g4fr.o(.text) referenced from startup_n32g4fr.o(RESET)
 <LI><a href="#[49]">CAN2_TX_IRQHandler</a> from startup_n32g4fr.o(.text) referenced from startup_n32g4fr.o(RESET)
 <LI><a href="#[15]">DMA1_Channel1_IRQHandler</a> from startup_n32g4fr.o(.text) referenced from startup_n32g4fr.o(RESET)
 <LI><a href="#[16]">DMA1_Channel2_IRQHandler</a> from startup_n32g4fr.o(.text) referenced from startup_n32g4fr.o(RESET)
 <LI><a href="#[17]">DMA1_Channel3_IRQHandler</a> from startup_n32g4fr.o(.text) referenced from startup_n32g4fr.o(RESET)
 <LI><a href="#[18]">DMA1_Channel4_IRQHandler</a> from startup_n32g4fr.o(.text) referenced from startup_n32g4fr.o(RESET)
 <LI><a href="#[19]">DMA1_Channel5_IRQHandler</a> from startup_n32g4fr.o(.text) referenced from startup_n32g4fr.o(RESET)
 <LI><a href="#[1a]">DMA1_Channel6_IRQHandler</a> from startup_n32g4fr.o(.text) referenced from startup_n32g4fr.o(RESET)
 <LI><a href="#[1b]">DMA1_Channel7_IRQHandler</a> from startup_n32g4fr.o(.text) referenced from startup_n32g4fr.o(RESET)
 <LI><a href="#[56]">DMA1_Channel8_IRQHandler</a> from startup_n32g4fr.o(.text) referenced from startup_n32g4fr.o(RESET)
 <LI><a href="#[42]">DMA2_Channel1_IRQHandler</a> from startup_n32g4fr.o(.text) referenced from startup_n32g4fr.o(RESET)
 <LI><a href="#[43]">DMA2_Channel2_IRQHandler</a> from startup_n32g4fr.o(.text) referenced from startup_n32g4fr.o(RESET)
 <LI><a href="#[44]">DMA2_Channel3_IRQHandler</a> from startup_n32g4fr.o(.text) referenced from startup_n32g4fr.o(RESET)
 <LI><a href="#[45]">DMA2_Channel4_IRQHandler</a> from startup_n32g4fr.o(.text) referenced from startup_n32g4fr.o(RESET)
 <LI><a href="#[46]">DMA2_Channel5_IRQHandler</a> from startup_n32g4fr.o(.text) referenced from startup_n32g4fr.o(RESET)
 <LI><a href="#[4e]">DMA2_Channel6_IRQHandler</a> from startup_n32g4fr.o(.text) referenced from startup_n32g4fr.o(RESET)
 <LI><a href="#[4f]">DMA2_Channel7_IRQHandler</a> from startup_n32g4fr.o(.text) referenced from startup_n32g4fr.o(RESET)
 <LI><a href="#[57]">DMA2_Channel8_IRQHandler</a> from startup_n32g4fr.o(.text) referenced from startup_n32g4fr.o(RESET)
 <LI><a href="#[58]">DVP_IRQHandler</a> from startup_n32g4fr.o(.text) referenced from startup_n32g4fr.o(RESET)
 <LI><a href="#[7]">DebugMon_Handler</a> from n32g4fr_it.o(.text) referenced from startup_n32g4fr.o(RESET)
 <LI><a href="#[10]">EXTI0_IRQHandler</a> from drv_gpio.o(.text) referenced from startup_n32g4fr.o(RESET)
 <LI><a href="#[32]">EXTI15_10_IRQHandler</a> from drv_gpio.o(.text) referenced from startup_n32g4fr.o(RESET)
 <LI><a href="#[11]">EXTI1_IRQHandler</a> from drv_gpio.o(.text) referenced from startup_n32g4fr.o(RESET)
 <LI><a href="#[12]">EXTI2_IRQHandler</a> from drv_gpio.o(.text) referenced from startup_n32g4fr.o(RESET)
 <LI><a href="#[13]">EXTI3_IRQHandler</a> from drv_gpio.o(.text) referenced from startup_n32g4fr.o(RESET)
 <LI><a href="#[14]">EXTI4_IRQHandler</a> from drv_gpio.o(.text) referenced from startup_n32g4fr.o(RESET)
 <LI><a href="#[21]">EXTI9_5_IRQHandler</a> from drv_gpio.o(.text) referenced from startup_n32g4fr.o(RESET)
 <LI><a href="#[e]">FLASH_IRQHandler</a> from startup_n32g4fr.o(.text) referenced from startup_n32g4fr.o(RESET)
 <LI><a href="#[2]">HardFault_Handler</a> from context_rvds.o(.text) referenced from startup_n32g4fr.o(RESET)
 <LI><a href="#[2a]">I2C1_ER_IRQHandler</a> from startup_n32g4fr.o(.text) referenced from startup_n32g4fr.o(RESET)
 <LI><a href="#[29]">I2C1_EV_IRQHandler</a> from startup_n32g4fr.o(.text) referenced from startup_n32g4fr.o(RESET)
 <LI><a href="#[2c]">I2C2_ER_IRQHandler</a> from startup_n32g4fr.o(.text) referenced from startup_n32g4fr.o(RESET)
 <LI><a href="#[2b]">I2C2_EV_IRQHandler</a> from startup_n32g4fr.o(.text) referenced from startup_n32g4fr.o(RESET)
 <LI><a href="#[51]">I2C3_ER_IRQHandler</a> from startup_n32g4fr.o(.text) referenced from startup_n32g4fr.o(RESET)
 <LI><a href="#[50]">I2C3_EV_IRQHandler</a> from startup_n32g4fr.o(.text) referenced from startup_n32g4fr.o(RESET)
 <LI><a href="#[53]">I2C4_ER_IRQHandler</a> from startup_n32g4fr.o(.text) referenced from startup_n32g4fr.o(RESET)
 <LI><a href="#[52]">I2C4_EV_IRQHandler</a> from startup_n32g4fr.o(.text) referenced from startup_n32g4fr.o(RESET)
 <LI><a href="#[5a]">MMU_IRQHandler</a> from startup_n32g4fr.o(.text) referenced from startup_n32g4fr.o(RESET)
 <LI><a href="#[3]">MemManage_Handler</a> from n32g4fr_it.o(.text) referenced from startup_n32g4fr.o(RESET)
 <LI><a href="#[74]">N32G4FR_pin_attach_irq</a> from drv_gpio.o(.text) referenced from drv_gpio.o(.rodata._N32G4FR_pin_ops)
 <LI><a href="#[75]">N32G4FR_pin_dettach_irq</a> from drv_gpio.o(.text) referenced from drv_gpio.o(.rodata._N32G4FR_pin_ops)
 <LI><a href="#[76]">N32G4FR_pin_irq_enable</a> from drv_gpio.o(.text) referenced from drv_gpio.o(.rodata._N32G4FR_pin_ops)
 <LI><a href="#[71]">N32G4FR_pin_mode</a> from drv_gpio.o(.text) referenced from drv_gpio.o(.rodata._N32G4FR_pin_ops)
 <LI><a href="#[73]">N32G4FR_pin_read</a> from drv_gpio.o(.text) referenced from drv_gpio.o(.rodata._N32G4FR_pin_ops)
 <LI><a href="#[72]">N32G4FR_pin_write</a> from drv_gpio.o(.text) referenced from drv_gpio.o(.rodata._N32G4FR_pin_ops)
 <LI><a href="#[1]">NMI_Handler</a> from n32g4fr_it.o(.text) referenced from startup_n32g4fr.o(RESET)
 <LI><a href="#[b]">PVD_IRQHandler</a> from startup_n32g4fr.o(.text) referenced from startup_n32g4fr.o(RESET)
 <LI><a href="#[8]">PendSV_Handler</a> from context_rvds.o(.text) referenced from startup_n32g4fr.o(RESET)
 <LI><a href="#[4d]">QSPI_IRQHandler</a> from startup_n32g4fr.o(.text) referenced from startup_n32g4fr.o(RESET)
 <LI><a href="#[f]">RCC_IRQHandler</a> from startup_n32g4fr.o(.text) referenced from startup_n32g4fr.o(RESET)
 <LI><a href="#[39]">RESERVE47_IRQHandler</a> from startup_n32g4fr.o(.text) referenced from startup_n32g4fr.o(RESET)
 <LI><a href="#[3a]">RESERVE48_IRQHandler</a> from startup_n32g4fr.o(.text) referenced from startup_n32g4fr.o(RESET)
 <LI><a href="#[47]">RESERVE61_IRQHandler</a> from startup_n32g4fr.o(.text) referenced from startup_n32g4fr.o(RESET)
 <LI><a href="#[48]">RESERVE62_IRQHandler</a> from startup_n32g4fr.o(.text) referenced from startup_n32g4fr.o(RESET)
 <LI><a href="#[5c]">RESERVE82_IRQHandler</a> from startup_n32g4fr.o(.text) referenced from startup_n32g4fr.o(RESET)
 <LI><a href="#[5d]">RESERVE83_IRQHandler</a> from startup_n32g4fr.o(.text) referenced from startup_n32g4fr.o(RESET)
 <LI><a href="#[5e]">RESERVE84_IRQHandler</a> from startup_n32g4fr.o(.text) referenced from startup_n32g4fr.o(RESET)
 <LI><a href="#[5f]">RSRAM_IRQHandler</a> from startup_n32g4fr.o(.text) referenced from startup_n32g4fr.o(RESET)
 <LI><a href="#[33]">RTCAlarm_IRQHandler</a> from startup_n32g4fr.o(.text) referenced from startup_n32g4fr.o(RESET)
 <LI><a href="#[d]">RTC_WKUP_IRQHandler</a> from startup_n32g4fr.o(.text) referenced from startup_n32g4fr.o(RESET)
 <LI><a href="#[0]">Reset_Handler</a> from startup_n32g4fr.o(.text) referenced from startup_n32g4fr.o(RESET)
 <LI><a href="#[59]">SAC_IRQHandler</a> from startup_n32g4fr.o(.text) referenced from startup_n32g4fr.o(RESET)
 <LI><a href="#[3b]">SDIO_IRQHandler</a> from startup_n32g4fr.o(.text) referenced from startup_n32g4fr.o(RESET)
 <LI><a href="#[2d]">SPI1_IRQHandler</a> from startup_n32g4fr.o(.text) referenced from startup_n32g4fr.o(RESET)
 <LI><a href="#[2e]">SPI2_IRQHandler</a> from startup_n32g4fr.o(.text) referenced from startup_n32g4fr.o(RESET)
 <LI><a href="#[3d]">SPI3_IRQHandler</a> from startup_n32g4fr.o(.text) referenced from startup_n32g4fr.o(RESET)
 <LI><a href="#[6]">SVC_Handler</a> from n32g4fr_it.o(.text) referenced from startup_n32g4fr.o(RESET)
 <LI><a href="#[9]">SysTick_Handler</a> from board.o(.text) referenced from startup_n32g4fr.o(RESET)
 <LI><a href="#[60]">SystemInit</a> from system_n32g4fr.o(.text) referenced from startup_n32g4fr.o(.text)
 <LI><a href="#[c]">TAMPER_IRQHandler</a> from startup_n32g4fr.o(.text) referenced from startup_n32g4fr.o(RESET)
 <LI><a href="#[22]">TIM1_BRK_IRQHandler</a> from startup_n32g4fr.o(.text) referenced from startup_n32g4fr.o(RESET)
 <LI><a href="#[25]">TIM1_CC_IRQHandler</a> from startup_n32g4fr.o(.text) referenced from startup_n32g4fr.o(RESET)
 <LI><a href="#[24]">TIM1_TRG_COM_IRQHandler</a> from startup_n32g4fr.o(.text) referenced from startup_n32g4fr.o(RESET)
 <LI><a href="#[23]">TIM1_UP_IRQHandler</a> from startup_n32g4fr.o(.text) referenced from startup_n32g4fr.o(RESET)
 <LI><a href="#[26]">TIM2_IRQHandler</a> from startup_n32g4fr.o(.text) referenced from startup_n32g4fr.o(RESET)
 <LI><a href="#[27]">TIM3_IRQHandler</a> from startup_n32g4fr.o(.text) referenced from startup_n32g4fr.o(RESET)
 <LI><a href="#[28]">TIM4_IRQHandler</a> from startup_n32g4fr.o(.text) referenced from startup_n32g4fr.o(RESET)
 <LI><a href="#[3c]">TIM5_IRQHandler</a> from startup_n32g4fr.o(.text) referenced from startup_n32g4fr.o(RESET)
 <LI><a href="#[40]">TIM6_IRQHandler</a> from startup_n32g4fr.o(.text) referenced from startup_n32g4fr.o(RESET)
 <LI><a href="#[41]">TIM7_IRQHandler</a> from startup_n32g4fr.o(.text) referenced from startup_n32g4fr.o(RESET)
 <LI><a href="#[35]">TIM8_BRK_IRQHandler</a> from startup_n32g4fr.o(.text) referenced from startup_n32g4fr.o(RESET)
 <LI><a href="#[38]">TIM8_CC_IRQHandler</a> from startup_n32g4fr.o(.text) referenced from startup_n32g4fr.o(RESET)
 <LI><a href="#[37]">TIM8_TRG_COM_IRQHandler</a> from startup_n32g4fr.o(.text) referenced from startup_n32g4fr.o(RESET)
 <LI><a href="#[36]">TIM8_UP_IRQHandler</a> from startup_n32g4fr.o(.text) referenced from startup_n32g4fr.o(RESET)
 <LI><a href="#[5b]">TSC_IRQHandler</a> from startup_n32g4fr.o(.text) referenced from startup_n32g4fr.o(RESET)
 <LI><a href="#[3e]">UART4_IRQHandler</a> from startup_n32g4fr.o(.text) referenced from startup_n32g4fr.o(RESET)
 <LI><a href="#[3f]">UART5_IRQHandler</a> from startup_n32g4fr.o(.text) referenced from startup_n32g4fr.o(RESET)
 <LI><a href="#[54]">UART6_IRQHandler</a> from startup_n32g4fr.o(.text) referenced from startup_n32g4fr.o(RESET)
 <LI><a href="#[55]">UART7_IRQHandler</a> from startup_n32g4fr.o(.text) referenced from startup_n32g4fr.o(RESET)
 <LI><a href="#[2f]">USART1_IRQHandler</a> from drv_usart.o(.text) referenced from startup_n32g4fr.o(RESET)
 <LI><a href="#[30]">USART2_IRQHandler</a> from startup_n32g4fr.o(.text) referenced from startup_n32g4fr.o(RESET)
 <LI><a href="#[31]">USART3_IRQHandler</a> from startup_n32g4fr.o(.text) referenced from startup_n32g4fr.o(RESET)
 <LI><a href="#[34]">USBWakeUp_IRQHandler</a> from startup_n32g4fr.o(.text) referenced from startup_n32g4fr.o(RESET)
 <LI><a href="#[1d]">USB_HP_CAN1_TX_IRQHandler</a> from startup_n32g4fr.o(.text) referenced from startup_n32g4fr.o(RESET)
 <LI><a href="#[1e]">USB_LP_CAN1_RX0_IRQHandler</a> from startup_n32g4fr.o(.text) referenced from startup_n32g4fr.o(RESET)
 <LI><a href="#[5]">UsageFault_Handler</a> from n32g4fr_it.o(.text) referenced from startup_n32g4fr.o(RESET)
 <LI><a href="#[a]">WWDG_IRQHandler</a> from startup_n32g4fr.o(.text) referenced from startup_n32g4fr.o(RESET)
 <LI><a href="#[61]">__main</a> from __main.o(!!!main) referenced from startup_n32g4fr.o(.text)
 <LI><a href="#[6a]">_pin_control</a> from pin.o(.text) referenced 2 times from pin.o(.text)
 <LI><a href="#[68]">_pin_read</a> from pin.o(.text) referenced 2 times from pin.o(.text)
 <LI><a href="#[69]">_pin_write</a> from pin.o(.text) referenced 2 times from pin.o(.text)
 <LI><a href="#[62]">led0_thread_entry</a> from main.o(.text) referenced 2 times from main.o(.text)
 <LI><a href="#[63]">led1_thread_entry</a> from main.o(.text) referenced 2 times from main.o(.text)
 <LI><a href="#[64]">main_thread_entry</a> from components.o(.text) referenced 2 times from components.o(.text)
 <LI><a href="#[77]">n32g4fr_configure</a> from drv_usart.o(.text) referenced from drv_usart.o(.rodata.n32g4fr_uart_ops)
 <LI><a href="#[78]">n32g4fr_control</a> from drv_usart.o(.text) referenced from drv_usart.o(.rodata.n32g4fr_uart_ops)
 <LI><a href="#[7a]">n32g4fr_getc</a> from drv_usart.o(.text) referenced from drv_usart.o(.rodata.n32g4fr_uart_ops)
 <LI><a href="#[79]">n32g4fr_putc</a> from drv_usart.o(.text) referenced from drv_usart.o(.rodata.n32g4fr_uart_ops)
 <LI><a href="#[7e]">rt_hw_pin_init</a> from drv_gpio.o(.text) referenced from drv_gpio.o(.rti_fn.1)
 <LI><a href="#[7d]">rt_hw_usart_init</a> from drv_usart.o(.text) referenced from drv_usart.o(.rti_fn.1)
 <LI><a href="#[6d]">rt_serial_close</a> from serial.o(.text) referenced 2 times from serial.o(.text)
 <LI><a href="#[70]">rt_serial_control</a> from serial.o(.text) referenced 2 times from serial.o(.text)
 <LI><a href="#[6b]">rt_serial_init</a> from serial.o(.text) referenced 2 times from serial.o(.text)
 <LI><a href="#[6c]">rt_serial_open</a> from serial.o(.text) referenced 2 times from serial.o(.text)
 <LI><a href="#[6e]">rt_serial_read</a> from serial.o(.text) referenced 2 times from serial.o(.text)
 <LI><a href="#[6f]">rt_serial_write</a> from serial.o(.text) referenced 2 times from serial.o(.text)
 <LI><a href="#[66]">rt_thread_exit</a> from thread.o(.text) referenced 2 times from thread.o(.text)
 <LI><a href="#[65]">rt_thread_idle_entry</a> from idle.o(.text) referenced 2 times from idle.o(.text)
 <LI><a href="#[67]">rt_thread_timeout</a> from thread.o(.text) referenced 2 times from thread.o(.text)
 <LI><a href="#[7f]">rti_board_end</a> from components.o(.text) referenced from components.o(.rti_fn.1.end)
 <LI><a href="#[7c]">rti_board_start</a> from components.o(.text) referenced from components.o(.rti_fn.0.end)
 <LI><a href="#[80]">rti_end</a> from components.o(.text) referenced from components.o(.rti_fn.6.end)
 <LI><a href="#[7b]">rti_start</a> from components.o(.text) referenced from components.o(.rti_fn.0)
</UL>
<P>
<H3>
Global Symbols
</H3>
<P><STRONG><a name="[61]"></a>__main</STRONG> (Thumb, 8 bytes, Stack size 0 bytes, __main.o(!!!main))
<BR><BR>[Calls]<UL><LI><a href="#[83]">&gt;&gt;</a>&nbsp;&nbsp;&nbsp;__rt_entry
<LI><a href="#[82]">&gt;&gt;</a>&nbsp;&nbsp;&nbsp;__scatterload
</UL>
<BR>[Address Reference Count : 1]<UL><LI> startup_n32g4fr.o(.text)
</UL>
<P><STRONG><a name="[82]"></a>__scatterload</STRONG> (Thumb, 0 bytes, Stack size unknown bytes, __scatter.o(!!!scatter))
<BR><BR>[Called By]<UL><LI><a href="#[61]">&gt;&gt;</a>&nbsp;&nbsp;&nbsp;__main
</UL>

<P><STRONG><a name="[84]"></a>__scatterload_rt2</STRONG> (Thumb, 44 bytes, Stack size unknown bytes, __scatter.o(!!!scatter), UNUSED)
<BR><BR>[Calls]<UL><LI><a href="#[83]">&gt;&gt;</a>&nbsp;&nbsp;&nbsp;__rt_entry
</UL>

<P><STRONG><a name="[170]"></a>__scatterload_rt2_thumb_only</STRONG> (Thumb, 0 bytes, Stack size unknown bytes, __scatter.o(!!!scatter), UNUSED)

<P><STRONG><a name="[171]"></a>__scatterload_null</STRONG> (Thumb, 0 bytes, Stack size unknown bytes, __scatter.o(!!!scatter), UNUSED)

<P><STRONG><a name="[85]"></a>__scatterload_copy</STRONG> (Thumb, 26 bytes, Stack size unknown bytes, __scatter_copy.o(!!handler_copy), UNUSED)
<BR><BR>[Calls]<UL><LI><a href="#[85]">&gt;&gt;</a>&nbsp;&nbsp;&nbsp;__scatterload_copy
</UL>
<BR>[Called By]<UL><LI><a href="#[85]">&gt;&gt;</a>&nbsp;&nbsp;&nbsp;__scatterload_copy
</UL>

<P><STRONG><a name="[172]"></a>__scatterload_zeroinit</STRONG> (Thumb, 28 bytes, Stack size unknown bytes, __scatter_zi.o(!!handler_zi), UNUSED)

<P><STRONG><a name="[8b]"></a>__rt_lib_init</STRONG> (Thumb, 0 bytes, Stack size unknown bytes, libinit.o(.ARM.Collect$$libinit$$00000000))
<BR><BR>[Called By]<UL><LI><a href="#[8a]">&gt;&gt;</a>&nbsp;&nbsp;&nbsp;__rt_entry_li
</UL>

<P><STRONG><a name="[86]"></a>__rt_lib_init_fp_1</STRONG> (Thumb, 0 bytes, Stack size unknown bytes, libinit2.o(.ARM.Collect$$libinit$$00000001))
<BR><BR>[Calls]<UL><LI><a href="#[87]">&gt;&gt;</a>&nbsp;&nbsp;&nbsp;_fp_init
</UL>

<P><STRONG><a name="[173]"></a>__rt_lib_init_alloca_1</STRONG> (Thumb, 0 bytes, Stack size unknown bytes, libinit2.o(.ARM.Collect$$libinit$$00000030))

<P><STRONG><a name="[174]"></a>__rt_lib_init_argv_1</STRONG> (Thumb, 0 bytes, Stack size unknown bytes, libinit2.o(.ARM.Collect$$libinit$$0000002E))

<P><STRONG><a name="[175]"></a>__rt_lib_init_atexit_1</STRONG> (Thumb, 0 bytes, Stack size unknown bytes, libinit2.o(.ARM.Collect$$libinit$$0000001D))

<P><STRONG><a name="[176]"></a>__rt_lib_init_clock_1</STRONG> (Thumb, 0 bytes, Stack size unknown bytes, libinit2.o(.ARM.Collect$$libinit$$00000023))

<P><STRONG><a name="[177]"></a>__rt_lib_init_cpp_1</STRONG> (Thumb, 0 bytes, Stack size unknown bytes, libinit2.o(.ARM.Collect$$libinit$$00000034))

<P><STRONG><a name="[178]"></a>__rt_lib_init_exceptions_1</STRONG> (Thumb, 0 bytes, Stack size unknown bytes, libinit2.o(.ARM.Collect$$libinit$$00000032))

<P><STRONG><a name="[179]"></a>__rt_lib_init_fp_trap_1</STRONG> (Thumb, 0 bytes, Stack size unknown bytes, libinit2.o(.ARM.Collect$$libinit$$00000021))

<P><STRONG><a name="[17a]"></a>__rt_lib_init_getenv_1</STRONG> (Thumb, 0 bytes, Stack size unknown bytes, libinit2.o(.ARM.Collect$$libinit$$00000025))

<P><STRONG><a name="[17b]"></a>__rt_lib_init_heap_1</STRONG> (Thumb, 0 bytes, Stack size unknown bytes, libinit2.o(.ARM.Collect$$libinit$$0000000C))

<P><STRONG><a name="[17c]"></a>__rt_lib_init_lc_collate_1</STRONG> (Thumb, 0 bytes, Stack size unknown bytes, libinit2.o(.ARM.Collect$$libinit$$00000013))

<P><STRONG><a name="[17d]"></a>__rt_lib_init_lc_ctype_1</STRONG> (Thumb, 0 bytes, Stack size unknown bytes, libinit2.o(.ARM.Collect$$libinit$$00000015))

<P><STRONG><a name="[17e]"></a>__rt_lib_init_lc_monetary_1</STRONG> (Thumb, 0 bytes, Stack size unknown bytes, libinit2.o(.ARM.Collect$$libinit$$00000017))

<P><STRONG><a name="[17f]"></a>__rt_lib_init_lc_numeric_1</STRONG> (Thumb, 0 bytes, Stack size unknown bytes, libinit2.o(.ARM.Collect$$libinit$$00000019))

<P><STRONG><a name="[180]"></a>__rt_lib_init_lc_time_1</STRONG> (Thumb, 0 bytes, Stack size unknown bytes, libinit2.o(.ARM.Collect$$libinit$$0000001B))

<P><STRONG><a name="[181]"></a>__rt_lib_init_preinit_1</STRONG> (Thumb, 0 bytes, Stack size unknown bytes, libinit2.o(.ARM.Collect$$libinit$$00000006))

<P><STRONG><a name="[182]"></a>__rt_lib_init_rand_1</STRONG> (Thumb, 0 bytes, Stack size unknown bytes, libinit2.o(.ARM.Collect$$libinit$$00000010))

<P><STRONG><a name="[183]"></a>__rt_lib_init_relocate_pie_1</STRONG> (Thumb, 0 bytes, Stack size unknown bytes, libinit2.o(.ARM.Collect$$libinit$$00000004))

<P><STRONG><a name="[184]"></a>__rt_lib_init_return</STRONG> (Thumb, 0 bytes, Stack size unknown bytes, libinit2.o(.ARM.Collect$$libinit$$00000035))

<P><STRONG><a name="[185]"></a>__rt_lib_init_signal_1</STRONG> (Thumb, 0 bytes, Stack size unknown bytes, libinit2.o(.ARM.Collect$$libinit$$0000001F))

<P><STRONG><a name="[186]"></a>__rt_lib_init_stdio_1</STRONG> (Thumb, 0 bytes, Stack size unknown bytes, libinit2.o(.ARM.Collect$$libinit$$00000027))

<P><STRONG><a name="[187]"></a>__rt_lib_init_user_alloc_1</STRONG> (Thumb, 0 bytes, Stack size unknown bytes, libinit2.o(.ARM.Collect$$libinit$$0000000E))

<P><STRONG><a name="[90]"></a>__rt_lib_shutdown</STRONG> (Thumb, 0 bytes, Stack size unknown bytes, libshutdown.o(.ARM.Collect$$libshutdown$$00000000))
<BR><BR>[Called By]<UL><LI><a href="#[8f]">&gt;&gt;</a>&nbsp;&nbsp;&nbsp;__rt_exit_ls
</UL>

<P><STRONG><a name="[188]"></a>__rt_lib_shutdown_cpp_1</STRONG> (Thumb, 0 bytes, Stack size unknown bytes, libshutdown2.o(.ARM.Collect$$libshutdown$$00000002))

<P><STRONG><a name="[189]"></a>__rt_lib_shutdown_fp_trap_1</STRONG> (Thumb, 0 bytes, Stack size unknown bytes, libshutdown2.o(.ARM.Collect$$libshutdown$$00000007))

<P><STRONG><a name="[18a]"></a>__rt_lib_shutdown_heap_1</STRONG> (Thumb, 0 bytes, Stack size unknown bytes, libshutdown2.o(.ARM.Collect$$libshutdown$$0000000F))

<P><STRONG><a name="[18b]"></a>__rt_lib_shutdown_return</STRONG> (Thumb, 0 bytes, Stack size unknown bytes, libshutdown2.o(.ARM.Collect$$libshutdown$$00000010))

<P><STRONG><a name="[18c]"></a>__rt_lib_shutdown_signal_1</STRONG> (Thumb, 0 bytes, Stack size unknown bytes, libshutdown2.o(.ARM.Collect$$libshutdown$$0000000A))

<P><STRONG><a name="[18d]"></a>__rt_lib_shutdown_stdio_1</STRONG> (Thumb, 0 bytes, Stack size unknown bytes, libshutdown2.o(.ARM.Collect$$libshutdown$$00000004))

<P><STRONG><a name="[18e]"></a>__rt_lib_shutdown_user_alloc_1</STRONG> (Thumb, 0 bytes, Stack size unknown bytes, libshutdown2.o(.ARM.Collect$$libshutdown$$0000000C))

<P><STRONG><a name="[83]"></a>__rt_entry</STRONG> (Thumb, 0 bytes, Stack size unknown bytes, __rtentry.o(.ARM.Collect$$rtentry$$00000000))
<BR><BR>[Called By]<UL><LI><a href="#[61]">&gt;&gt;</a>&nbsp;&nbsp;&nbsp;__main
<LI><a href="#[84]">&gt;&gt;</a>&nbsp;&nbsp;&nbsp;__scatterload_rt2
</UL>

<P><STRONG><a name="[18f]"></a>__rt_entry_presh_1</STRONG> (Thumb, 0 bytes, Stack size unknown bytes, __rtentry2.o(.ARM.Collect$$rtentry$$00000002))

<P><STRONG><a name="[88]"></a>__rt_entry_sh</STRONG> (Thumb, 0 bytes, Stack size unknown bytes, __rtentry4.o(.ARM.Collect$$rtentry$$00000004))
<BR><BR>[Stack]<UL><LI>Max Depth = 8 + Unknown Stack Size
<LI>Call Chain = __rt_entry_sh &rArr; __user_setup_stackheap
</UL>
<BR>[Calls]<UL><LI><a href="#[89]">&gt;&gt;</a>&nbsp;&nbsp;&nbsp;__user_setup_stackheap
</UL>

<P><STRONG><a name="[8a]"></a>__rt_entry_li</STRONG> (Thumb, 0 bytes, Stack size unknown bytes, __rtentry2.o(.ARM.Collect$$rtentry$$0000000A))
<BR><BR>[Calls]<UL><LI><a href="#[8b]">&gt;&gt;</a>&nbsp;&nbsp;&nbsp;__rt_lib_init
</UL>

<P><STRONG><a name="[190]"></a>__rt_entry_postsh_1</STRONG> (Thumb, 0 bytes, Stack size unknown bytes, __rtentry2.o(.ARM.Collect$$rtentry$$00000009))

<P><STRONG><a name="[8c]"></a>__rt_entry_main</STRONG> (Thumb, 0 bytes, Stack size unknown bytes, __rtentry2.o(.ARM.Collect$$rtentry$$0000000D))
<BR><BR>[Stack]<UL><LI>Max Depth = 564 + Unknown Stack Size
<LI>Call Chain = __rt_entry_main &rArr; main &rArr; rtthread_startup &rArr; rt_application_init &rArr; rt_thread_create &rArr; rt_object_allocate &rArr; rt_malloc &rArr; rt_sem_take &rArr; rt_ipc_list_suspend &rArr; rt_thread_suspend &rArr; rt_timer_stop &rArr; rt_assert_handler &rArr; rt_kprintf &rArr; rt_vsnprintf &rArr; print_number &rArr; divide
</UL>
<BR>[Calls]<UL><LI><a href="#[8e]">&gt;&gt;</a>&nbsp;&nbsp;&nbsp;exit
<LI><a href="#[8d]">&gt;&gt;</a>&nbsp;&nbsp;&nbsp;main
</UL>

<P><STRONG><a name="[191]"></a>__rt_entry_postli_1</STRONG> (Thumb, 0 bytes, Stack size unknown bytes, __rtentry2.o(.ARM.Collect$$rtentry$$0000000C))

<P><STRONG><a name="[16f]"></a>__rt_exit</STRONG> (Thumb, 0 bytes, Stack size unknown bytes, rtexit.o(.ARM.Collect$$rtexit$$00000000))
<BR><BR>[Called By]<UL><LI><a href="#[8e]">&gt;&gt;</a>&nbsp;&nbsp;&nbsp;exit
</UL>

<P><STRONG><a name="[8f]"></a>__rt_exit_ls</STRONG> (Thumb, 0 bytes, Stack size unknown bytes, rtexit2.o(.ARM.Collect$$rtexit$$00000003))
<BR><BR>[Calls]<UL><LI><a href="#[90]">&gt;&gt;</a>&nbsp;&nbsp;&nbsp;__rt_lib_shutdown
</UL>

<P><STRONG><a name="[192]"></a>__rt_exit_prels_1</STRONG> (Thumb, 0 bytes, Stack size unknown bytes, rtexit2.o(.ARM.Collect$$rtexit$$00000002))

<P><STRONG><a name="[91]"></a>__rt_exit_exit</STRONG> (Thumb, 0 bytes, Stack size unknown bytes, rtexit2.o(.ARM.Collect$$rtexit$$00000004))
<BR><BR>[Calls]<UL><LI><a href="#[92]">&gt;&gt;</a>&nbsp;&nbsp;&nbsp;_sys_exit
</UL>

<P><STRONG><a name="[0]"></a>Reset_Handler</STRONG> (Thumb, 8 bytes, Stack size 0 bytes, startup_n32g4fr.o(.text))
<BR>[Address Reference Count : 1]<UL><LI> startup_n32g4fr.o(RESET)
</UL>
<P><STRONG><a name="[1c]"></a>ADC1_2_IRQHandler</STRONG> (Thumb, 0 bytes, Stack size 0 bytes, startup_n32g4fr.o(.text))
<BR><BR>[Calls]<UL><LI><a href="#[1c]">&gt;&gt;</a>&nbsp;&nbsp;&nbsp;ADC1_2_IRQHandler
</UL>
<BR>[Called By]<UL><LI><a href="#[1c]">&gt;&gt;</a>&nbsp;&nbsp;&nbsp;ADC1_2_IRQHandler
</UL>
<BR>[Address Reference Count : 1]<UL><LI> startup_n32g4fr.o(RESET)
</UL>
<P><STRONG><a name="[1f]"></a>CAN1_RX1_IRQHandler</STRONG> (Thumb, 0 bytes, Stack size 0 bytes, startup_n32g4fr.o(.text))
<BR>[Address Reference Count : 1]<UL><LI> startup_n32g4fr.o(RESET)
</UL>
<P><STRONG><a name="[20]"></a>CAN1_SCE_IRQHandler</STRONG> (Thumb, 0 bytes, Stack size 0 bytes, startup_n32g4fr.o(.text))
<BR>[Address Reference Count : 1]<UL><LI> startup_n32g4fr.o(RESET)
</UL>
<P><STRONG><a name="[4a]"></a>CAN2_RX0_IRQHandler</STRONG> (Thumb, 0 bytes, Stack size 0 bytes, startup_n32g4fr.o(.text))
<BR>[Address Reference Count : 1]<UL><LI> startup_n32g4fr.o(RESET)
</UL>
<P><STRONG><a name="[4b]"></a>CAN2_RX1_IRQHandler</STRONG> (Thumb, 0 bytes, Stack size 0 bytes, startup_n32g4fr.o(.text))
<BR>[Address Reference Count : 1]<UL><LI> startup_n32g4fr.o(RESET)
</UL>
<P><STRONG><a name="[4c]"></a>CAN2_SCE_IRQHandler</STRONG> (Thumb, 0 bytes, Stack size 0 bytes, startup_n32g4fr.o(.text))
<BR>[Address Reference Count : 1]<UL><LI> startup_n32g4fr.o(RESET)
</UL>
<P><STRONG><a name="[49]"></a>CAN2_TX_IRQHandler</STRONG> (Thumb, 0 bytes, Stack size 0 bytes, startup_n32g4fr.o(.text))
<BR>[Address Reference Count : 1]<UL><LI> startup_n32g4fr.o(RESET)
</UL>
<P><STRONG><a name="[15]"></a>DMA1_Channel1_IRQHandler</STRONG> (Thumb, 0 bytes, Stack size 0 bytes, startup_n32g4fr.o(.text))
<BR>[Address Reference Count : 1]<UL><LI> startup_n32g4fr.o(RESET)
</UL>
<P><STRONG><a name="[16]"></a>DMA1_Channel2_IRQHandler</STRONG> (Thumb, 0 bytes, Stack size 0 bytes, startup_n32g4fr.o(.text))
<BR>[Address Reference Count : 1]<UL><LI> startup_n32g4fr.o(RESET)
</UL>
<P><STRONG><a name="[17]"></a>DMA1_Channel3_IRQHandler</STRONG> (Thumb, 0 bytes, Stack size 0 bytes, startup_n32g4fr.o(.text))
<BR>[Address Reference Count : 1]<UL><LI> startup_n32g4fr.o(RESET)
</UL>
<P><STRONG><a name="[18]"></a>DMA1_Channel4_IRQHandler</STRONG> (Thumb, 0 bytes, Stack size 0 bytes, startup_n32g4fr.o(.text))
<BR>[Address Reference Count : 1]<UL><LI> startup_n32g4fr.o(RESET)
</UL>
<P><STRONG><a name="[19]"></a>DMA1_Channel5_IRQHandler</STRONG> (Thumb, 0 bytes, Stack size 0 bytes, startup_n32g4fr.o(.text))
<BR>[Address Reference Count : 1]<UL><LI> startup_n32g4fr.o(RESET)
</UL>
<P><STRONG><a name="[1a]"></a>DMA1_Channel6_IRQHandler</STRONG> (Thumb, 0 bytes, Stack size 0 bytes, startup_n32g4fr.o(.text))
<BR>[Address Reference Count : 1]<UL><LI> startup_n32g4fr.o(RESET)
</UL>
<P><STRONG><a name="[1b]"></a>DMA1_Channel7_IRQHandler</STRONG> (Thumb, 0 bytes, Stack size 0 bytes, startup_n32g4fr.o(.text))
<BR>[Address Reference Count : 1]<UL><LI> startup_n32g4fr.o(RESET)
</UL>
<P><STRONG><a name="[56]"></a>DMA1_Channel8_IRQHandler</STRONG> (Thumb, 0 bytes, Stack size 0 bytes, startup_n32g4fr.o(.text))
<BR>[Address Reference Count : 1]<UL><LI> startup_n32g4fr.o(RESET)
</UL>
<P><STRONG><a name="[42]"></a>DMA2_Channel1_IRQHandler</STRONG> (Thumb, 0 bytes, Stack size 0 bytes, startup_n32g4fr.o(.text))
<BR>[Address Reference Count : 1]<UL><LI> startup_n32g4fr.o(RESET)
</UL>
<P><STRONG><a name="[43]"></a>DMA2_Channel2_IRQHandler</STRONG> (Thumb, 0 bytes, Stack size 0 bytes, startup_n32g4fr.o(.text))
<BR>[Address Reference Count : 1]<UL><LI> startup_n32g4fr.o(RESET)
</UL>
<P><STRONG><a name="[44]"></a>DMA2_Channel3_IRQHandler</STRONG> (Thumb, 0 bytes, Stack size 0 bytes, startup_n32g4fr.o(.text))
<BR>[Address Reference Count : 1]<UL><LI> startup_n32g4fr.o(RESET)
</UL>
<P><STRONG><a name="[45]"></a>DMA2_Channel4_IRQHandler</STRONG> (Thumb, 0 bytes, Stack size 0 bytes, startup_n32g4fr.o(.text))
<BR>[Address Reference Count : 1]<UL><LI> startup_n32g4fr.o(RESET)
</UL>
<P><STRONG><a name="[46]"></a>DMA2_Channel5_IRQHandler</STRONG> (Thumb, 0 bytes, Stack size 0 bytes, startup_n32g4fr.o(.text))
<BR>[Address Reference Count : 1]<UL><LI> startup_n32g4fr.o(RESET)
</UL>
<P><STRONG><a name="[4e]"></a>DMA2_Channel6_IRQHandler</STRONG> (Thumb, 0 bytes, Stack size 0 bytes, startup_n32g4fr.o(.text))
<BR>[Address Reference Count : 1]<UL><LI> startup_n32g4fr.o(RESET)
</UL>
<P><STRONG><a name="[4f]"></a>DMA2_Channel7_IRQHandler</STRONG> (Thumb, 0 bytes, Stack size 0 bytes, startup_n32g4fr.o(.text))
<BR>[Address Reference Count : 1]<UL><LI> startup_n32g4fr.o(RESET)
</UL>
<P><STRONG><a name="[57]"></a>DMA2_Channel8_IRQHandler</STRONG> (Thumb, 0 bytes, Stack size 0 bytes, startup_n32g4fr.o(.text))
<BR>[Address Reference Count : 1]<UL><LI> startup_n32g4fr.o(RESET)
</UL>
<P><STRONG><a name="[58]"></a>DVP_IRQHandler</STRONG> (Thumb, 0 bytes, Stack size 0 bytes, startup_n32g4fr.o(.text))
<BR>[Address Reference Count : 1]<UL><LI> startup_n32g4fr.o(RESET)
</UL>
<P><STRONG><a name="[e]"></a>FLASH_IRQHandler</STRONG> (Thumb, 0 bytes, Stack size 0 bytes, startup_n32g4fr.o(.text))
<BR>[Address Reference Count : 1]<UL><LI> startup_n32g4fr.o(RESET)
</UL>
<P><STRONG><a name="[2a]"></a>I2C1_ER_IRQHandler</STRONG> (Thumb, 0 bytes, Stack size 0 bytes, startup_n32g4fr.o(.text))
<BR>[Address Reference Count : 1]<UL><LI> startup_n32g4fr.o(RESET)
</UL>
<P><STRONG><a name="[29]"></a>I2C1_EV_IRQHandler</STRONG> (Thumb, 0 bytes, Stack size 0 bytes, startup_n32g4fr.o(.text))
<BR>[Address Reference Count : 1]<UL><LI> startup_n32g4fr.o(RESET)
</UL>
<P><STRONG><a name="[2c]"></a>I2C2_ER_IRQHandler</STRONG> (Thumb, 0 bytes, Stack size 0 bytes, startup_n32g4fr.o(.text))
<BR>[Address Reference Count : 1]<UL><LI> startup_n32g4fr.o(RESET)
</UL>
<P><STRONG><a name="[2b]"></a>I2C2_EV_IRQHandler</STRONG> (Thumb, 0 bytes, Stack size 0 bytes, startup_n32g4fr.o(.text))
<BR>[Address Reference Count : 1]<UL><LI> startup_n32g4fr.o(RESET)
</UL>
<P><STRONG><a name="[51]"></a>I2C3_ER_IRQHandler</STRONG> (Thumb, 0 bytes, Stack size 0 bytes, startup_n32g4fr.o(.text))
<BR>[Address Reference Count : 1]<UL><LI> startup_n32g4fr.o(RESET)
</UL>
<P><STRONG><a name="[50]"></a>I2C3_EV_IRQHandler</STRONG> (Thumb, 0 bytes, Stack size 0 bytes, startup_n32g4fr.o(.text))
<BR>[Address Reference Count : 1]<UL><LI> startup_n32g4fr.o(RESET)
</UL>
<P><STRONG><a name="[53]"></a>I2C4_ER_IRQHandler</STRONG> (Thumb, 0 bytes, Stack size 0 bytes, startup_n32g4fr.o(.text))
<BR>[Address Reference Count : 1]<UL><LI> startup_n32g4fr.o(RESET)
</UL>
<P><STRONG><a name="[52]"></a>I2C4_EV_IRQHandler</STRONG> (Thumb, 0 bytes, Stack size 0 bytes, startup_n32g4fr.o(.text))
<BR>[Address Reference Count : 1]<UL><LI> startup_n32g4fr.o(RESET)
</UL>
<P><STRONG><a name="[5a]"></a>MMU_IRQHandler</STRONG> (Thumb, 0 bytes, Stack size 0 bytes, startup_n32g4fr.o(.text))
<BR>[Address Reference Count : 1]<UL><LI> startup_n32g4fr.o(RESET)
</UL>
<P><STRONG><a name="[b]"></a>PVD_IRQHandler</STRONG> (Thumb, 0 bytes, Stack size 0 bytes, startup_n32g4fr.o(.text))
<BR>[Address Reference Count : 1]<UL><LI> startup_n32g4fr.o(RESET)
</UL>
<P><STRONG><a name="[4d]"></a>QSPI_IRQHandler</STRONG> (Thumb, 0 bytes, Stack size 0 bytes, startup_n32g4fr.o(.text))
<BR>[Address Reference Count : 1]<UL><LI> startup_n32g4fr.o(RESET)
</UL>
<P><STRONG><a name="[f]"></a>RCC_IRQHandler</STRONG> (Thumb, 0 bytes, Stack size 0 bytes, startup_n32g4fr.o(.text))
<BR>[Address Reference Count : 1]<UL><LI> startup_n32g4fr.o(RESET)
</UL>
<P><STRONG><a name="[5f]"></a>RSRAM_IRQHandler</STRONG> (Thumb, 0 bytes, Stack size 0 bytes, startup_n32g4fr.o(.text))
<BR>[Address Reference Count : 1]<UL><LI> startup_n32g4fr.o(RESET)
</UL>
<P><STRONG><a name="[33]"></a>RTCAlarm_IRQHandler</STRONG> (Thumb, 0 bytes, Stack size 0 bytes, startup_n32g4fr.o(.text))
<BR>[Address Reference Count : 1]<UL><LI> startup_n32g4fr.o(RESET)
</UL>
<P><STRONG><a name="[d]"></a>RTC_WKUP_IRQHandler</STRONG> (Thumb, 0 bytes, Stack size 0 bytes, startup_n32g4fr.o(.text))
<BR>[Address Reference Count : 1]<UL><LI> startup_n32g4fr.o(RESET)
</UL>
<P><STRONG><a name="[59]"></a>SAC_IRQHandler</STRONG> (Thumb, 0 bytes, Stack size 0 bytes, startup_n32g4fr.o(.text))
<BR>[Address Reference Count : 1]<UL><LI> startup_n32g4fr.o(RESET)
</UL>
<P><STRONG><a name="[3b]"></a>SDIO_IRQHandler</STRONG> (Thumb, 0 bytes, Stack size 0 bytes, startup_n32g4fr.o(.text))
<BR>[Address Reference Count : 1]<UL><LI> startup_n32g4fr.o(RESET)
</UL>
<P><STRONG><a name="[2d]"></a>SPI1_IRQHandler</STRONG> (Thumb, 0 bytes, Stack size 0 bytes, startup_n32g4fr.o(.text))
<BR>[Address Reference Count : 1]<UL><LI> startup_n32g4fr.o(RESET)
</UL>
<P><STRONG><a name="[2e]"></a>SPI2_IRQHandler</STRONG> (Thumb, 0 bytes, Stack size 0 bytes, startup_n32g4fr.o(.text))
<BR>[Address Reference Count : 1]<UL><LI> startup_n32g4fr.o(RESET)
</UL>
<P><STRONG><a name="[3d]"></a>SPI3_IRQHandler</STRONG> (Thumb, 0 bytes, Stack size 0 bytes, startup_n32g4fr.o(.text))
<BR>[Address Reference Count : 1]<UL><LI> startup_n32g4fr.o(RESET)
</UL>
<P><STRONG><a name="[c]"></a>TAMPER_IRQHandler</STRONG> (Thumb, 0 bytes, Stack size 0 bytes, startup_n32g4fr.o(.text))
<BR>[Address Reference Count : 1]<UL><LI> startup_n32g4fr.o(RESET)
</UL>
<P><STRONG><a name="[22]"></a>TIM1_BRK_IRQHandler</STRONG> (Thumb, 0 bytes, Stack size 0 bytes, startup_n32g4fr.o(.text))
<BR>[Address Reference Count : 1]<UL><LI> startup_n32g4fr.o(RESET)
</UL>
<P><STRONG><a name="[25]"></a>TIM1_CC_IRQHandler</STRONG> (Thumb, 0 bytes, Stack size 0 bytes, startup_n32g4fr.o(.text))
<BR>[Address Reference Count : 1]<UL><LI> startup_n32g4fr.o(RESET)
</UL>
<P><STRONG><a name="[24]"></a>TIM1_TRG_COM_IRQHandler</STRONG> (Thumb, 0 bytes, Stack size 0 bytes, startup_n32g4fr.o(.text))
<BR>[Address Reference Count : 1]<UL><LI> startup_n32g4fr.o(RESET)
</UL>
<P><STRONG><a name="[23]"></a>TIM1_UP_IRQHandler</STRONG> (Thumb, 0 bytes, Stack size 0 bytes, startup_n32g4fr.o(.text))
<BR>[Address Reference Count : 1]<UL><LI> startup_n32g4fr.o(RESET)
</UL>
<P><STRONG><a name="[26]"></a>TIM2_IRQHandler</STRONG> (Thumb, 0 bytes, Stack size 0 bytes, startup_n32g4fr.o(.text))
<BR>[Address Reference Count : 1]<UL><LI> startup_n32g4fr.o(RESET)
</UL>
<P><STRONG><a name="[27]"></a>TIM3_IRQHandler</STRONG> (Thumb, 0 bytes, Stack size 0 bytes, startup_n32g4fr.o(.text))
<BR>[Address Reference Count : 1]<UL><LI> startup_n32g4fr.o(RESET)
</UL>
<P><STRONG><a name="[28]"></a>TIM4_IRQHandler</STRONG> (Thumb, 0 bytes, Stack size 0 bytes, startup_n32g4fr.o(.text))
<BR>[Address Reference Count : 1]<UL><LI> startup_n32g4fr.o(RESET)
</UL>
<P><STRONG><a name="[3c]"></a>TIM5_IRQHandler</STRONG> (Thumb, 0 bytes, Stack size 0 bytes, startup_n32g4fr.o(.text))
<BR>[Address Reference Count : 1]<UL><LI> startup_n32g4fr.o(RESET)
</UL>
<P><STRONG><a name="[40]"></a>TIM6_IRQHandler</STRONG> (Thumb, 0 bytes, Stack size 0 bytes, startup_n32g4fr.o(.text))
<BR>[Address Reference Count : 1]<UL><LI> startup_n32g4fr.o(RESET)
</UL>
<P><STRONG><a name="[41]"></a>TIM7_IRQHandler</STRONG> (Thumb, 0 bytes, Stack size 0 bytes, startup_n32g4fr.o(.text))
<BR>[Address Reference Count : 1]<UL><LI> startup_n32g4fr.o(RESET)
</UL>
<P><STRONG><a name="[35]"></a>TIM8_BRK_IRQHandler</STRONG> (Thumb, 0 bytes, Stack size 0 bytes, startup_n32g4fr.o(.text))
<BR>[Address Reference Count : 1]<UL><LI> startup_n32g4fr.o(RESET)
</UL>
<P><STRONG><a name="[38]"></a>TIM8_CC_IRQHandler</STRONG> (Thumb, 0 bytes, Stack size 0 bytes, startup_n32g4fr.o(.text))
<BR>[Address Reference Count : 1]<UL><LI> startup_n32g4fr.o(RESET)
</UL>
<P><STRONG><a name="[37]"></a>TIM8_TRG_COM_IRQHandler</STRONG> (Thumb, 0 bytes, Stack size 0 bytes, startup_n32g4fr.o(.text))
<BR>[Address Reference Count : 1]<UL><LI> startup_n32g4fr.o(RESET)
</UL>
<P><STRONG><a name="[36]"></a>TIM8_UP_IRQHandler</STRONG> (Thumb, 0 bytes, Stack size 0 bytes, startup_n32g4fr.o(.text))
<BR>[Address Reference Count : 1]<UL><LI> startup_n32g4fr.o(RESET)
</UL>
<P><STRONG><a name="[5b]"></a>TSC_IRQHandler</STRONG> (Thumb, 0 bytes, Stack size 0 bytes, startup_n32g4fr.o(.text))
<BR>[Address Reference Count : 1]<UL><LI> startup_n32g4fr.o(RESET)
</UL>
<P><STRONG><a name="[3e]"></a>UART4_IRQHandler</STRONG> (Thumb, 0 bytes, Stack size 0 bytes, startup_n32g4fr.o(.text))
<BR>[Address Reference Count : 1]<UL><LI> startup_n32g4fr.o(RESET)
</UL>
<P><STRONG><a name="[3f]"></a>UART5_IRQHandler</STRONG> (Thumb, 0 bytes, Stack size 0 bytes, startup_n32g4fr.o(.text))
<BR>[Address Reference Count : 1]<UL><LI> startup_n32g4fr.o(RESET)
</UL>
<P><STRONG><a name="[54]"></a>UART6_IRQHandler</STRONG> (Thumb, 0 bytes, Stack size 0 bytes, startup_n32g4fr.o(.text))
<BR>[Address Reference Count : 1]<UL><LI> startup_n32g4fr.o(RESET)
</UL>
<P><STRONG><a name="[55]"></a>UART7_IRQHandler</STRONG> (Thumb, 0 bytes, Stack size 0 bytes, startup_n32g4fr.o(.text))
<BR>[Address Reference Count : 1]<UL><LI> startup_n32g4fr.o(RESET)
</UL>
<P><STRONG><a name="[30]"></a>USART2_IRQHandler</STRONG> (Thumb, 0 bytes, Stack size 0 bytes, startup_n32g4fr.o(.text))
<BR>[Address Reference Count : 1]<UL><LI> startup_n32g4fr.o(RESET)
</UL>
<P><STRONG><a name="[31]"></a>USART3_IRQHandler</STRONG> (Thumb, 0 bytes, Stack size 0 bytes, startup_n32g4fr.o(.text))
<BR>[Address Reference Count : 1]<UL><LI> startup_n32g4fr.o(RESET)
</UL>
<P><STRONG><a name="[34]"></a>USBWakeUp_IRQHandler</STRONG> (Thumb, 0 bytes, Stack size 0 bytes, startup_n32g4fr.o(.text))
<BR>[Address Reference Count : 1]<UL><LI> startup_n32g4fr.o(RESET)
</UL>
<P><STRONG><a name="[1d]"></a>USB_HP_CAN1_TX_IRQHandler</STRONG> (Thumb, 0 bytes, Stack size 0 bytes, startup_n32g4fr.o(.text))
<BR>[Address Reference Count : 1]<UL><LI> startup_n32g4fr.o(RESET)
</UL>
<P><STRONG><a name="[1e]"></a>USB_LP_CAN1_RX0_IRQHandler</STRONG> (Thumb, 0 bytes, Stack size 0 bytes, startup_n32g4fr.o(.text))
<BR>[Address Reference Count : 1]<UL><LI> startup_n32g4fr.o(RESET)
</UL>
<P><STRONG><a name="[a]"></a>WWDG_IRQHandler</STRONG> (Thumb, 0 bytes, Stack size 0 bytes, startup_n32g4fr.o(.text))
<BR>[Address Reference Count : 1]<UL><LI> startup_n32g4fr.o(RESET)
</UL>
<P><STRONG><a name="[81]"></a>__user_initial_stackheap</STRONG> (Thumb, 0 bytes, Stack size unknown bytes, startup_n32g4fr.o(.text))
<BR><BR>[Called By]<UL><LI><a href="#[89]">&gt;&gt;</a>&nbsp;&nbsp;&nbsp;__user_setup_stackheap
</UL>

<P><STRONG><a name="[93]"></a>NVIC_Configuration</STRONG> (Thumb, 14 bytes, Stack size 8 bytes, board.o(.text))
<BR><BR>[Stack]<UL><LI>Max Depth = 16<LI>Call Chain = NVIC_Configuration &rArr; NVIC_SetVectorTable
</UL>
<BR>[Calls]<UL><LI><a href="#[94]">&gt;&gt;</a>&nbsp;&nbsp;&nbsp;NVIC_SetVectorTable
</UL>
<BR>[Called By]<UL><LI><a href="#[98]">&gt;&gt;</a>&nbsp;&nbsp;&nbsp;rt_hw_board_init
</UL>

<P><STRONG><a name="[9]"></a>SysTick_Handler</STRONG> (Thumb, 16 bytes, Stack size 8 bytes, board.o(.text))
<BR><BR>[Stack]<UL><LI>Max Depth = 324<LI>Call Chain = SysTick_Handler &rArr; rt_tick_increase &rArr; rt_timer_check &rArr; rt_timer_start &rArr; rt_assert_handler &rArr; rt_kprintf &rArr; rt_vsnprintf &rArr; print_number &rArr; divide
</UL>
<BR>[Calls]<UL><LI><a href="#[97]">&gt;&gt;</a>&nbsp;&nbsp;&nbsp;rt_interrupt_leave
<LI><a href="#[96]">&gt;&gt;</a>&nbsp;&nbsp;&nbsp;rt_tick_increase
<LI><a href="#[95]">&gt;&gt;</a>&nbsp;&nbsp;&nbsp;rt_interrupt_enter
</UL>
<BR>[Address Reference Count : 1]<UL><LI> startup_n32g4fr.o(RESET)
</UL>
<P><STRONG><a name="[98]"></a>rt_hw_board_init</STRONG> (Thumb, 72 bytes, Stack size 8 bytes, board.o(.text))
<BR><BR>[Stack]<UL><LI>Max Depth = 404<LI>Call Chain = rt_hw_board_init &rArr; rt_system_heap_init &rArr; rt_sem_init &rArr; rt_object_init &rArr; rt_exit_critical &rArr; rt_schedule &rArr; _rt_scheduler_stack_check &rArr; rt_assert_handler &rArr; rt_kprintf &rArr; rt_vsnprintf &rArr; print_number &rArr; divide
</UL>
<BR>[Calls]<UL><LI><a href="#[9c]">&gt;&gt;</a>&nbsp;&nbsp;&nbsp;rt_console_set_device
<LI><a href="#[9b]">&gt;&gt;</a>&nbsp;&nbsp;&nbsp;rt_components_board_init
<LI><a href="#[9a]">&gt;&gt;</a>&nbsp;&nbsp;&nbsp;rt_system_heap_init
<LI><a href="#[93]">&gt;&gt;</a>&nbsp;&nbsp;&nbsp;NVIC_Configuration
<LI><a href="#[99]">&gt;&gt;</a>&nbsp;&nbsp;&nbsp;SysTick_Config
</UL>
<BR>[Called By]<UL><LI><a href="#[d9]">&gt;&gt;</a>&nbsp;&nbsp;&nbsp;rtthread_startup
</UL>

<P><STRONG><a name="[9e]"></a>$Super$$main</STRONG> (Thumb, 188 bytes, Stack size 40 bytes, main.o(.text))
<BR><BR>[Stack]<UL><LI>Max Depth = 500<LI>Call Chain = $Super$$main &rArr; rt_thread_init &rArr; _rt_thread_init &rArr; rt_timer_init &rArr; rt_object_init &rArr; rt_exit_critical &rArr; rt_schedule &rArr; _rt_scheduler_stack_check &rArr; rt_assert_handler &rArr; rt_kprintf &rArr; rt_vsnprintf &rArr; print_number &rArr; divide
</UL>
<BR>[Calls]<UL><LI><a href="#[a2]">&gt;&gt;</a>&nbsp;&nbsp;&nbsp;rt_thread_delay
<LI><a href="#[a1]">&gt;&gt;</a>&nbsp;&nbsp;&nbsp;rt_thread_startup
<LI><a href="#[a0]">&gt;&gt;</a>&nbsp;&nbsp;&nbsp;rt_thread_init
<LI><a href="#[9f]">&gt;&gt;</a>&nbsp;&nbsp;&nbsp;rt_pin_mode
</UL>
<BR>[Called By]<UL><LI><a href="#[64]">&gt;&gt;</a>&nbsp;&nbsp;&nbsp;main_thread_entry
</UL>

<P><STRONG><a name="[1]"></a>NMI_Handler</STRONG> (Thumb, 2 bytes, Stack size 0 bytes, n32g4fr_it.o(.text))
<BR>[Address Reference Count : 1]<UL><LI> startup_n32g4fr.o(RESET)
</UL>
<P><STRONG><a name="[3]"></a>MemManage_Handler</STRONG> (Thumb, 4 bytes, Stack size 0 bytes, n32g4fr_it.o(.text))
<BR>[Address Reference Count : 1]<UL><LI> startup_n32g4fr.o(RESET)
</UL>
<P><STRONG><a name="[4]"></a>BusFault_Handler</STRONG> (Thumb, 4 bytes, Stack size 0 bytes, n32g4fr_it.o(.text))
<BR>[Address Reference Count : 1]<UL><LI> startup_n32g4fr.o(RESET)
</UL>
<P><STRONG><a name="[5]"></a>UsageFault_Handler</STRONG> (Thumb, 4 bytes, Stack size 0 bytes, n32g4fr_it.o(.text))
<BR>[Address Reference Count : 1]<UL><LI> startup_n32g4fr.o(RESET)
</UL>
<P><STRONG><a name="[6]"></a>SVC_Handler</STRONG> (Thumb, 2 bytes, Stack size 0 bytes, n32g4fr_it.o(.text))
<BR>[Address Reference Count : 1]<UL><LI> startup_n32g4fr.o(RESET)
</UL>
<P><STRONG><a name="[7]"></a>DebugMon_Handler</STRONG> (Thumb, 2 bytes, Stack size 0 bytes, n32g4fr_it.o(.text))
<BR>[Address Reference Count : 1]<UL><LI> startup_n32g4fr.o(RESET)
</UL>
<P><STRONG><a name="[193]"></a>DMA_IRQ_HANDLER</STRONG> (Thumb, 2 bytes, Stack size 0 bytes, n32g4fr_it.o(.text), UNUSED)

<P><STRONG><a name="[2f]"></a>USART1_IRQHandler</STRONG> (Thumb, 24 bytes, Stack size 8 bytes, drv_usart.o(.text))
<BR><BR>[Stack]<UL><LI>Max Depth = 380<LI>Call Chain = USART1_IRQHandler &rArr; uart_isr &rArr; rt_hw_serial_isr &rArr; rt_completion_done &rArr; rt_thread_resume &rArr; rt_timer_stop &rArr; rt_assert_handler &rArr; rt_kprintf &rArr; rt_vsnprintf &rArr; print_number &rArr; divide
</UL>
<BR>[Calls]<UL><LI><a href="#[a4]">&gt;&gt;</a>&nbsp;&nbsp;&nbsp;uart_isr
<LI><a href="#[97]">&gt;&gt;</a>&nbsp;&nbsp;&nbsp;rt_interrupt_leave
<LI><a href="#[95]">&gt;&gt;</a>&nbsp;&nbsp;&nbsp;rt_interrupt_enter
</UL>
<BR>[Address Reference Count : 1]<UL><LI> startup_n32g4fr.o(RESET)
</UL>
<P><STRONG><a name="[a9]"></a>n32g4fr_uart_gpio_init</STRONG> (Thumb, 212 bytes, Stack size 32 bytes, drv_usart.o(.text))
<BR><BR>[Stack]<UL><LI>Max Depth = 64<LI>Call Chain = n32g4fr_uart_gpio_init &rArr; GPIO_InitPeripheral
</UL>
<BR>[Calls]<UL><LI><a href="#[ac]">&gt;&gt;</a>&nbsp;&nbsp;&nbsp;GPIO_InitPeripheral
<LI><a href="#[ab]">&gt;&gt;</a>&nbsp;&nbsp;&nbsp;RCC_EnableAPB1PeriphClk
<LI><a href="#[aa]">&gt;&gt;</a>&nbsp;&nbsp;&nbsp;RCC_EnableAPB2PeriphClk
<LI><a href="#[ae]">&gt;&gt;</a>&nbsp;&nbsp;&nbsp;__NVIC_EnableIRQ
<LI><a href="#[ad]">&gt;&gt;</a>&nbsp;&nbsp;&nbsp;__NVIC_SetPriority
</UL>
<BR>[Called By]<UL><LI><a href="#[77]">&gt;&gt;</a>&nbsp;&nbsp;&nbsp;n32g4fr_configure
</UL>

<P><STRONG><a name="[7d]"></a>rt_hw_usart_init</STRONG> (Thumb, 124 bytes, Stack size 24 bytes, drv_usart.o(.text))
<BR><BR>[Stack]<UL><LI>Max Depth = 412<LI>Call Chain = rt_hw_usart_init &rArr; rt_hw_serial_register &rArr; rt_device_register &rArr; rt_object_init &rArr; rt_exit_critical &rArr; rt_schedule &rArr; _rt_scheduler_stack_check &rArr; rt_assert_handler &rArr; rt_kprintf &rArr; rt_vsnprintf &rArr; print_number &rArr; divide
</UL>
<BR>[Calls]<UL><LI><a href="#[af]">&gt;&gt;</a>&nbsp;&nbsp;&nbsp;rt_hw_serial_register
</UL>
<BR>[Address Reference Count : 1]<UL><LI> drv_usart.o(.rti_fn.1)
</UL>
<P><STRONG><a name="[7e]"></a>rt_hw_pin_init</STRONG> (Thumb, 56 bytes, Stack size 16 bytes, drv_gpio.o(.text))
<BR><BR>[Stack]<UL><LI>Max Depth = 396<LI>Call Chain = rt_hw_pin_init &rArr; rt_device_pin_register &rArr; rt_device_register &rArr; rt_object_init &rArr; rt_exit_critical &rArr; rt_schedule &rArr; _rt_scheduler_stack_check &rArr; rt_assert_handler &rArr; rt_kprintf &rArr; rt_vsnprintf &rArr; print_number &rArr; divide
</UL>
<BR>[Calls]<UL><LI><a href="#[b7]">&gt;&gt;</a>&nbsp;&nbsp;&nbsp;rt_device_pin_register
<LI><a href="#[aa]">&gt;&gt;</a>&nbsp;&nbsp;&nbsp;RCC_EnableAPB2PeriphClk
</UL>
<BR>[Address Reference Count : 1]<UL><LI> drv_gpio.o(.rti_fn.1)
</UL>
<P><STRONG><a name="[b8]"></a>N32G4FR_GPIO_EXTI_IRQHandler</STRONG> (Thumb, 50 bytes, Stack size 16 bytes, drv_gpio.o(.text))
<BR><BR>[Stack]<UL><LI>Max Depth = 32<LI>Call Chain = N32G4FR_GPIO_EXTI_IRQHandler &rArr; pin_irq_hdr
</UL>
<BR>[Calls]<UL><LI><a href="#[bb]">&gt;&gt;</a>&nbsp;&nbsp;&nbsp;EXTI_ClrITPendBit
<LI><a href="#[b9]">&gt;&gt;</a>&nbsp;&nbsp;&nbsp;EXTI_GetITStatus
<LI><a href="#[ba]">&gt;&gt;</a>&nbsp;&nbsp;&nbsp;pin_irq_hdr
</UL>
<BR>[Called By]<UL><LI><a href="#[32]">&gt;&gt;</a>&nbsp;&nbsp;&nbsp;EXTI15_10_IRQHandler
<LI><a href="#[21]">&gt;&gt;</a>&nbsp;&nbsp;&nbsp;EXTI9_5_IRQHandler
<LI><a href="#[14]">&gt;&gt;</a>&nbsp;&nbsp;&nbsp;EXTI4_IRQHandler
<LI><a href="#[13]">&gt;&gt;</a>&nbsp;&nbsp;&nbsp;EXTI3_IRQHandler
<LI><a href="#[12]">&gt;&gt;</a>&nbsp;&nbsp;&nbsp;EXTI2_IRQHandler
<LI><a href="#[11]">&gt;&gt;</a>&nbsp;&nbsp;&nbsp;EXTI1_IRQHandler
<LI><a href="#[10]">&gt;&gt;</a>&nbsp;&nbsp;&nbsp;EXTI0_IRQHandler
</UL>

<P><STRONG><a name="[10]"></a>EXTI0_IRQHandler</STRONG> (Thumb, 18 bytes, Stack size 8 bytes, drv_gpio.o(.text))
<BR><BR>[Stack]<UL><LI>Max Depth = 40<LI>Call Chain = EXTI0_IRQHandler &rArr; N32G4FR_GPIO_EXTI_IRQHandler &rArr; pin_irq_hdr
</UL>
<BR>[Calls]<UL><LI><a href="#[b8]">&gt;&gt;</a>&nbsp;&nbsp;&nbsp;N32G4FR_GPIO_EXTI_IRQHandler
<LI><a href="#[97]">&gt;&gt;</a>&nbsp;&nbsp;&nbsp;rt_interrupt_leave
<LI><a href="#[95]">&gt;&gt;</a>&nbsp;&nbsp;&nbsp;rt_interrupt_enter
</UL>
<BR>[Address Reference Count : 1]<UL><LI> startup_n32g4fr.o(RESET)
</UL>
<P><STRONG><a name="[11]"></a>EXTI1_IRQHandler</STRONG> (Thumb, 18 bytes, Stack size 8 bytes, drv_gpio.o(.text))
<BR><BR>[Stack]<UL><LI>Max Depth = 40<LI>Call Chain = EXTI1_IRQHandler &rArr; N32G4FR_GPIO_EXTI_IRQHandler &rArr; pin_irq_hdr
</UL>
<BR>[Calls]<UL><LI><a href="#[b8]">&gt;&gt;</a>&nbsp;&nbsp;&nbsp;N32G4FR_GPIO_EXTI_IRQHandler
<LI><a href="#[97]">&gt;&gt;</a>&nbsp;&nbsp;&nbsp;rt_interrupt_leave
<LI><a href="#[95]">&gt;&gt;</a>&nbsp;&nbsp;&nbsp;rt_interrupt_enter
</UL>
<BR>[Address Reference Count : 1]<UL><LI> startup_n32g4fr.o(RESET)
</UL>
<P><STRONG><a name="[12]"></a>EXTI2_IRQHandler</STRONG> (Thumb, 18 bytes, Stack size 8 bytes, drv_gpio.o(.text))
<BR><BR>[Stack]<UL><LI>Max Depth = 40<LI>Call Chain = EXTI2_IRQHandler &rArr; N32G4FR_GPIO_EXTI_IRQHandler &rArr; pin_irq_hdr
</UL>
<BR>[Calls]<UL><LI><a href="#[b8]">&gt;&gt;</a>&nbsp;&nbsp;&nbsp;N32G4FR_GPIO_EXTI_IRQHandler
<LI><a href="#[97]">&gt;&gt;</a>&nbsp;&nbsp;&nbsp;rt_interrupt_leave
<LI><a href="#[95]">&gt;&gt;</a>&nbsp;&nbsp;&nbsp;rt_interrupt_enter
</UL>
<BR>[Address Reference Count : 1]<UL><LI> startup_n32g4fr.o(RESET)
</UL>
<P><STRONG><a name="[13]"></a>EXTI3_IRQHandler</STRONG> (Thumb, 18 bytes, Stack size 8 bytes, drv_gpio.o(.text))
<BR><BR>[Stack]<UL><LI>Max Depth = 40<LI>Call Chain = EXTI3_IRQHandler &rArr; N32G4FR_GPIO_EXTI_IRQHandler &rArr; pin_irq_hdr
</UL>
<BR>[Calls]<UL><LI><a href="#[b8]">&gt;&gt;</a>&nbsp;&nbsp;&nbsp;N32G4FR_GPIO_EXTI_IRQHandler
<LI><a href="#[97]">&gt;&gt;</a>&nbsp;&nbsp;&nbsp;rt_interrupt_leave
<LI><a href="#[95]">&gt;&gt;</a>&nbsp;&nbsp;&nbsp;rt_interrupt_enter
</UL>
<BR>[Address Reference Count : 1]<UL><LI> startup_n32g4fr.o(RESET)
</UL>
<P><STRONG><a name="[14]"></a>EXTI4_IRQHandler</STRONG> (Thumb, 18 bytes, Stack size 8 bytes, drv_gpio.o(.text))
<BR><BR>[Stack]<UL><LI>Max Depth = 40<LI>Call Chain = EXTI4_IRQHandler &rArr; N32G4FR_GPIO_EXTI_IRQHandler &rArr; pin_irq_hdr
</UL>
<BR>[Calls]<UL><LI><a href="#[b8]">&gt;&gt;</a>&nbsp;&nbsp;&nbsp;N32G4FR_GPIO_EXTI_IRQHandler
<LI><a href="#[97]">&gt;&gt;</a>&nbsp;&nbsp;&nbsp;rt_interrupt_leave
<LI><a href="#[95]">&gt;&gt;</a>&nbsp;&nbsp;&nbsp;rt_interrupt_enter
</UL>
<BR>[Address Reference Count : 1]<UL><LI> startup_n32g4fr.o(RESET)
</UL>
<P><STRONG><a name="[21]"></a>EXTI9_5_IRQHandler</STRONG> (Thumb, 42 bytes, Stack size 8 bytes, drv_gpio.o(.text))
<BR><BR>[Stack]<UL><LI>Max Depth = 40<LI>Call Chain = EXTI9_5_IRQHandler &rArr; N32G4FR_GPIO_EXTI_IRQHandler &rArr; pin_irq_hdr
</UL>
<BR>[Calls]<UL><LI><a href="#[b8]">&gt;&gt;</a>&nbsp;&nbsp;&nbsp;N32G4FR_GPIO_EXTI_IRQHandler
<LI><a href="#[97]">&gt;&gt;</a>&nbsp;&nbsp;&nbsp;rt_interrupt_leave
<LI><a href="#[95]">&gt;&gt;</a>&nbsp;&nbsp;&nbsp;rt_interrupt_enter
</UL>
<BR>[Address Reference Count : 1]<UL><LI> startup_n32g4fr.o(RESET)
</UL>
<P><STRONG><a name="[32]"></a>EXTI15_10_IRQHandler</STRONG> (Thumb, 48 bytes, Stack size 8 bytes, drv_gpio.o(.text))
<BR><BR>[Stack]<UL><LI>Max Depth = 40<LI>Call Chain = EXTI15_10_IRQHandler &rArr; N32G4FR_GPIO_EXTI_IRQHandler &rArr; pin_irq_hdr
</UL>
<BR>[Calls]<UL><LI><a href="#[b8]">&gt;&gt;</a>&nbsp;&nbsp;&nbsp;N32G4FR_GPIO_EXTI_IRQHandler
<LI><a href="#[97]">&gt;&gt;</a>&nbsp;&nbsp;&nbsp;rt_interrupt_leave
<LI><a href="#[95]">&gt;&gt;</a>&nbsp;&nbsp;&nbsp;rt_interrupt_enter
</UL>
<BR>[Address Reference Count : 1]<UL><LI> startup_n32g4fr.o(RESET)
</UL>
<P><STRONG><a name="[bc]"></a>GPIOInit</STRONG> (Thumb, 194 bytes, Stack size 40 bytes, drv_gpio.o(.text), UNUSED)
<BR><BR>[Calls]<UL><LI><a href="#[ac]">&gt;&gt;</a>&nbsp;&nbsp;&nbsp;GPIO_InitPeripheral
<LI><a href="#[aa]">&gt;&gt;</a>&nbsp;&nbsp;&nbsp;RCC_EnableAPB2PeriphClk
</UL>

<P><STRONG><a name="[b2]"></a>NVIC_PriorityGroupConfig</STRONG> (Thumb, 28 bytes, Stack size 4 bytes, misc.o(.text))
<BR><BR>[Stack]<UL><LI>Max Depth = 4<LI>Call Chain = NVIC_PriorityGroupConfig
</UL>
<BR>[Called By]<UL><LI><a href="#[78]">&gt;&gt;</a>&nbsp;&nbsp;&nbsp;n32g4fr_control
</UL>

<P><STRONG><a name="[b3]"></a>NVIC_Init</STRONG> (Thumb, 170 bytes, Stack size 16 bytes, misc.o(.text))
<BR><BR>[Stack]<UL><LI>Max Depth = 16<LI>Call Chain = NVIC_Init
</UL>
<BR>[Called By]<UL><LI><a href="#[78]">&gt;&gt;</a>&nbsp;&nbsp;&nbsp;n32g4fr_control
</UL>

<P><STRONG><a name="[94]"></a>NVIC_SetVectorTable</STRONG> (Thumb, 36 bytes, Stack size 8 bytes, misc.o(.text))
<BR><BR>[Stack]<UL><LI>Max Depth = 8<LI>Call Chain = NVIC_SetVectorTable
</UL>
<BR>[Called By]<UL><LI><a href="#[93]">&gt;&gt;</a>&nbsp;&nbsp;&nbsp;NVIC_Configuration
</UL>

<P><STRONG><a name="[194]"></a>NVIC_SystemLPConfig</STRONG> (Thumb, 58 bytes, Stack size 8 bytes, misc.o(.text), UNUSED)

<P><STRONG><a name="[195]"></a>SysTick_CLKSourceConfig</STRONG> (Thumb, 34 bytes, Stack size 4 bytes, misc.o(.text), UNUSED)

<P><STRONG><a name="[196]"></a>EXTI_DeInit</STRONG> (Thumb, 62 bytes, Stack size 0 bytes, n32g4fr_exti.o(.text), UNUSED)

<P><STRONG><a name="[c6]"></a>EXTI_InitPeripheral</STRONG> (Thumb, 234 bytes, Stack size 8 bytes, n32g4fr_exti.o(.text))
<BR><BR>[Stack]<UL><LI>Max Depth = 8<LI>Call Chain = EXTI_InitPeripheral
</UL>
<BR>[Called By]<UL><LI><a href="#[76]">&gt;&gt;</a>&nbsp;&nbsp;&nbsp;N32G4FR_pin_irq_enable
</UL>

<P><STRONG><a name="[197]"></a>EXTI_InitStruct</STRONG> (Thumb, 28 bytes, Stack size 4 bytes, n32g4fr_exti.o(.text), UNUSED)

<P><STRONG><a name="[198]"></a>EXTI_TriggerSWInt</STRONG> (Thumb, 24 bytes, Stack size 4 bytes, n32g4fr_exti.o(.text), UNUSED)

<P><STRONG><a name="[199]"></a>EXTI_GetStatusFlag</STRONG> (Thumb, 44 bytes, Stack size 8 bytes, n32g4fr_exti.o(.text), UNUSED)

<P><STRONG><a name="[19a]"></a>EXTI_ClrStatusFlag</STRONG> (Thumb, 20 bytes, Stack size 4 bytes, n32g4fr_exti.o(.text), UNUSED)

<P><STRONG><a name="[b9]"></a>EXTI_GetITStatus</STRONG> (Thumb, 68 bytes, Stack size 12 bytes, n32g4fr_exti.o(.text))
<BR><BR>[Stack]<UL><LI>Max Depth = 12<LI>Call Chain = EXTI_GetITStatus
</UL>
<BR>[Called By]<UL><LI><a href="#[b8]">&gt;&gt;</a>&nbsp;&nbsp;&nbsp;N32G4FR_GPIO_EXTI_IRQHandler
</UL>

<P><STRONG><a name="[bb]"></a>EXTI_ClrITPendBit</STRONG> (Thumb, 20 bytes, Stack size 4 bytes, n32g4fr_exti.o(.text))
<BR><BR>[Stack]<UL><LI>Max Depth = 4<LI>Call Chain = EXTI_ClrITPendBit
</UL>
<BR>[Called By]<UL><LI><a href="#[b8]">&gt;&gt;</a>&nbsp;&nbsp;&nbsp;N32G4FR_GPIO_EXTI_IRQHandler
<LI><a href="#[76]">&gt;&gt;</a>&nbsp;&nbsp;&nbsp;N32G4FR_pin_irq_enable
</UL>

<P><STRONG><a name="[19b]"></a>EXTI_RTCTimeStampSel</STRONG> (Thumb, 32 bytes, Stack size 4 bytes, n32g4fr_exti.o(.text), UNUSED)

<P><STRONG><a name="[cb]"></a>GPIO_DeInit</STRONG> (Thumb, 200 bytes, Stack size 32 bytes, n32g4fr_gpio.o(.text), UNUSED)
<BR><BR>[Calls]<UL><LI><a href="#[cc]">&gt;&gt;</a>&nbsp;&nbsp;&nbsp;RCC_EnableAPB2PeriphReset
</UL>

<P><STRONG><a name="[cd]"></a>GPIO_AFIOInitDefault</STRONG> (Thumb, 26 bytes, Stack size 16 bytes, n32g4fr_gpio.o(.text), UNUSED)
<BR><BR>[Calls]<UL><LI><a href="#[cc]">&gt;&gt;</a>&nbsp;&nbsp;&nbsp;RCC_EnableAPB2PeriphReset
</UL>

<P><STRONG><a name="[ac]"></a>GPIO_InitPeripheral</STRONG> (Thumb, 390 bytes, Stack size 32 bytes, n32g4fr_gpio.o(.text))
<BR><BR>[Stack]<UL><LI>Max Depth = 32<LI>Call Chain = GPIO_InitPeripheral
</UL>
<BR>[Called By]<UL><LI><a href="#[bc]">&gt;&gt;</a>&nbsp;&nbsp;&nbsp;GPIOInit
<LI><a href="#[71]">&gt;&gt;</a>&nbsp;&nbsp;&nbsp;N32G4FR_pin_mode
<LI><a href="#[a9]">&gt;&gt;</a>&nbsp;&nbsp;&nbsp;n32g4fr_uart_gpio_init
</UL>

<P><STRONG><a name="[be]"></a>GPIO_InitStruct</STRONG> (Thumb, 28 bytes, Stack size 4 bytes, n32g4fr_gpio.o(.text))
<BR><BR>[Stack]<UL><LI>Max Depth = 4<LI>Call Chain = GPIO_InitStruct
</UL>
<BR>[Called By]<UL><LI><a href="#[71]">&gt;&gt;</a>&nbsp;&nbsp;&nbsp;N32G4FR_pin_mode
</UL>

<P><STRONG><a name="[c0]"></a>GPIO_ReadInputDataBit</STRONG> (Thumb, 52 bytes, Stack size 8 bytes, n32g4fr_gpio.o(.text))
<BR><BR>[Stack]<UL><LI>Max Depth = 8<LI>Call Chain = GPIO_ReadInputDataBit
</UL>
<BR>[Called By]<UL><LI><a href="#[73]">&gt;&gt;</a>&nbsp;&nbsp;&nbsp;N32G4FR_pin_read
</UL>

<P><STRONG><a name="[19c]"></a>GPIO_ReadInputData</STRONG> (Thumb, 14 bytes, Stack size 4 bytes, n32g4fr_gpio.o(.text), UNUSED)

<P><STRONG><a name="[19d]"></a>GPIO_ReadOutputDataBit</STRONG> (Thumb, 52 bytes, Stack size 8 bytes, n32g4fr_gpio.o(.text), UNUSED)

<P><STRONG><a name="[19e]"></a>GPIO_ReadOutputData</STRONG> (Thumb, 14 bytes, Stack size 4 bytes, n32g4fr_gpio.o(.text), UNUSED)

<P><STRONG><a name="[19f]"></a>GPIO_SetBits</STRONG> (Thumb, 20 bytes, Stack size 8 bytes, n32g4fr_gpio.o(.text), UNUSED)

<P><STRONG><a name="[1a0]"></a>GPIO_SetBitsHigh16</STRONG> (Thumb, 16 bytes, Stack size 8 bytes, n32g4fr_gpio.o(.text), UNUSED)

<P><STRONG><a name="[1a1]"></a>GPIO_ResetBits</STRONG> (Thumb, 20 bytes, Stack size 8 bytes, n32g4fr_gpio.o(.text), UNUSED)

<P><STRONG><a name="[bf]"></a>GPIO_WriteBit</STRONG> (Thumb, 40 bytes, Stack size 12 bytes, n32g4fr_gpio.o(.text))
<BR><BR>[Stack]<UL><LI>Max Depth = 12<LI>Call Chain = GPIO_WriteBit
</UL>
<BR>[Called By]<UL><LI><a href="#[72]">&gt;&gt;</a>&nbsp;&nbsp;&nbsp;N32G4FR_pin_write
</UL>

<P><STRONG><a name="[1a2]"></a>GPIO_Write</STRONG> (Thumb, 20 bytes, Stack size 8 bytes, n32g4fr_gpio.o(.text), UNUSED)

<P><STRONG><a name="[1a3]"></a>GPIO_ConfigPinLock</STRONG> (Thumb, 60 bytes, Stack size 12 bytes, n32g4fr_gpio.o(.text), UNUSED)

<P><STRONG><a name="[1a4]"></a>GPIO_ConfigEventOutput</STRONG> (Thumb, 64 bytes, Stack size 8 bytes, n32g4fr_gpio.o(.text), UNUSED)

<P><STRONG><a name="[1a5]"></a>GPIO_CtrlEventOutput</STRONG> (Thumb, 18 bytes, Stack size 4 bytes, n32g4fr_gpio.o(.text), UNUSED)

<P><STRONG><a name="[1a6]"></a>GPIO_ConfigPinRemap</STRONG> (Thumb, 974 bytes, Stack size 28 bytes, n32g4fr_gpio.o(.text), UNUSED)

<P><STRONG><a name="[c5]"></a>GPIO_ConfigEXTILine</STRONG> (Thumb, 84 bytes, Stack size 8 bytes, n32g4fr_gpio.o(.text))
<BR><BR>[Stack]<UL><LI>Max Depth = 8<LI>Call Chain = GPIO_ConfigEXTILine
</UL>
<BR>[Called By]<UL><LI><a href="#[76]">&gt;&gt;</a>&nbsp;&nbsp;&nbsp;N32G4FR_pin_irq_enable
</UL>

<P><STRONG><a name="[1a7]"></a>GPIO_ETH_ConfigMediaInterface</STRONG> (Thumb, 30 bytes, Stack size 4 bytes, n32g4fr_gpio.o(.text), UNUSED)

<P><STRONG><a name="[1a8]"></a>RCC_DeInit</STRONG> (Thumb, 118 bytes, Stack size 0 bytes, n32g4fr_rcc.o(.text), UNUSED)

<P><STRONG><a name="[1a9]"></a>RCC_ConfigHse</STRONG> (Thumb, 92 bytes, Stack size 8 bytes, n32g4fr_rcc.o(.text), UNUSED)

<P><STRONG><a name="[ce]"></a>RCC_WaitHseStable</STRONG> (Thumb, 94 bytes, Stack size 24 bytes, n32g4fr_rcc.o(.text), UNUSED)
<BR><BR>[Calls]<UL><LI><a href="#[cf]">&gt;&gt;</a>&nbsp;&nbsp;&nbsp;RCC_GetFlagStatus
</UL>

<P><STRONG><a name="[cf]"></a>RCC_GetFlagStatus</STRONG> (Thumb, 122 bytes, Stack size 16 bytes, n32g4fr_rcc.o(.text), UNUSED)
<BR><BR>[Called By]<UL><LI><a href="#[ce]">&gt;&gt;</a>&nbsp;&nbsp;&nbsp;RCC_WaitHseStable
</UL>

<P><STRONG><a name="[1aa]"></a>RCC_SetHsiCalibValue</STRONG> (Thumb, 50 bytes, Stack size 8 bytes, n32g4fr_rcc.o(.text), UNUSED)

<P><STRONG><a name="[1ab]"></a>RCC_EnableHsi</STRONG> (Thumb, 18 bytes, Stack size 4 bytes, n32g4fr_rcc.o(.text), UNUSED)

<P><STRONG><a name="[1ac]"></a>RCC_ConfigPll</STRONG> (Thumb, 56 bytes, Stack size 12 bytes, n32g4fr_rcc.o(.text), UNUSED)

<P><STRONG><a name="[1ad]"></a>RCC_EnablePll</STRONG> (Thumb, 18 bytes, Stack size 4 bytes, n32g4fr_rcc.o(.text), UNUSED)

<P><STRONG><a name="[1ae]"></a>RCC_ConfigSysclk</STRONG> (Thumb, 44 bytes, Stack size 8 bytes, n32g4fr_rcc.o(.text), UNUSED)

<P><STRONG><a name="[1af]"></a>RCC_GetSysclkSrc</STRONG> (Thumb, 16 bytes, Stack size 0 bytes, n32g4fr_rcc.o(.text), UNUSED)

<P><STRONG><a name="[1b0]"></a>RCC_ConfigHclk</STRONG> (Thumb, 44 bytes, Stack size 8 bytes, n32g4fr_rcc.o(.text), UNUSED)

<P><STRONG><a name="[1b1]"></a>RCC_ConfigPclk1</STRONG> (Thumb, 44 bytes, Stack size 8 bytes, n32g4fr_rcc.o(.text), UNUSED)

<P><STRONG><a name="[1b2]"></a>RCC_ConfigPclk2</STRONG> (Thumb, 46 bytes, Stack size 8 bytes, n32g4fr_rcc.o(.text), UNUSED)

<P><STRONG><a name="[1b3]"></a>RCC_ConfigInt</STRONG> (Thumb, 58 bytes, Stack size 8 bytes, n32g4fr_rcc.o(.text), UNUSED)

<P><STRONG><a name="[1b4]"></a>RCC_ConfigUsbClk</STRONG> (Thumb, 30 bytes, Stack size 4 bytes, n32g4fr_rcc.o(.text), UNUSED)

<P><STRONG><a name="[1b5]"></a>RCC_ConfigTim18Clk</STRONG> (Thumb, 44 bytes, Stack size 8 bytes, n32g4fr_rcc.o(.text), UNUSED)

<P><STRONG><a name="[1b6]"></a>RCC_ConfigRngcClk</STRONG> (Thumb, 44 bytes, Stack size 8 bytes, n32g4fr_rcc.o(.text), UNUSED)

<P><STRONG><a name="[1b7]"></a>RCC_ConfigAdc1mClk</STRONG> (Thumb, 62 bytes, Stack size 12 bytes, n32g4fr_rcc.o(.text), UNUSED)

<P><STRONG><a name="[1b8]"></a>RCC_ConfigAdcPllClk</STRONG> (Thumb, 80 bytes, Stack size 12 bytes, n32g4fr_rcc.o(.text), UNUSED)

<P><STRONG><a name="[1b9]"></a>RCC_ConfigAdcHclk</STRONG> (Thumb, 44 bytes, Stack size 8 bytes, n32g4fr_rcc.o(.text), UNUSED)

<P><STRONG><a name="[1ba]"></a>RCC_ConfigTrng1mClk</STRONG> (Thumb, 62 bytes, Stack size 12 bytes, n32g4fr_rcc.o(.text), UNUSED)

<P><STRONG><a name="[1bb]"></a>RCC_EnableTrng1mClk</STRONG> (Thumb, 50 bytes, Stack size 4 bytes, n32g4fr_rcc.o(.text), UNUSED)

<P><STRONG><a name="[1bc]"></a>RCC_ConfigLse</STRONG> (Thumb, 76 bytes, Stack size 8 bytes, n32g4fr_rcc.o(.text), UNUSED)

<P><STRONG><a name="[1bd]"></a>RCC_EnableLsi</STRONG> (Thumb, 20 bytes, Stack size 4 bytes, n32g4fr_rcc.o(.text), UNUSED)

<P><STRONG><a name="[1be]"></a>RCC_ConfigRtcClk</STRONG> (Thumb, 32 bytes, Stack size 4 bytes, n32g4fr_rcc.o(.text), UNUSED)

<P><STRONG><a name="[1bf]"></a>RCC_EnableRtcClk</STRONG> (Thumb, 20 bytes, Stack size 4 bytes, n32g4fr_rcc.o(.text), UNUSED)

<P><STRONG><a name="[d2]"></a>RCC_GetClocksFreqValue</STRONG> (Thumb, 452 bytes, Stack size 28 bytes, n32g4fr_rcc.o(.text))
<BR><BR>[Stack]<UL><LI>Max Depth = 28<LI>Call Chain = RCC_GetClocksFreqValue
</UL>
<BR>[Called By]<UL><LI><a href="#[b0]">&gt;&gt;</a>&nbsp;&nbsp;&nbsp;USART_Init
</UL>

<P><STRONG><a name="[1c0]"></a>RCC_EnableAHBPeriphClk</STRONG> (Thumb, 52 bytes, Stack size 8 bytes, n32g4fr_rcc.o(.text), UNUSED)

<P><STRONG><a name="[aa]"></a>RCC_EnableAPB2PeriphClk</STRONG> (Thumb, 52 bytes, Stack size 8 bytes, n32g4fr_rcc.o(.text))
<BR><BR>[Stack]<UL><LI>Max Depth = 8<LI>Call Chain = RCC_EnableAPB2PeriphClk
</UL>
<BR>[Called By]<UL><LI><a href="#[bc]">&gt;&gt;</a>&nbsp;&nbsp;&nbsp;GPIOInit
<LI><a href="#[7e]">&gt;&gt;</a>&nbsp;&nbsp;&nbsp;rt_hw_pin_init
<LI><a href="#[76]">&gt;&gt;</a>&nbsp;&nbsp;&nbsp;N32G4FR_pin_irq_enable
<LI><a href="#[a9]">&gt;&gt;</a>&nbsp;&nbsp;&nbsp;n32g4fr_uart_gpio_init
</UL>

<P><STRONG><a name="[ab]"></a>RCC_EnableAPB1PeriphClk</STRONG> (Thumb, 52 bytes, Stack size 8 bytes, n32g4fr_rcc.o(.text))
<BR><BR>[Stack]<UL><LI>Max Depth = 8<LI>Call Chain = RCC_EnableAPB1PeriphClk
</UL>
<BR>[Called By]<UL><LI><a href="#[a9]">&gt;&gt;</a>&nbsp;&nbsp;&nbsp;n32g4fr_uart_gpio_init
</UL>

<P><STRONG><a name="[1c1]"></a>RCC_EnableAHBPeriphReset</STRONG> (Thumb, 52 bytes, Stack size 8 bytes, n32g4fr_rcc.o(.text), UNUSED)

<P><STRONG><a name="[cc]"></a>RCC_EnableAPB2PeriphReset</STRONG> (Thumb, 52 bytes, Stack size 8 bytes, n32g4fr_rcc.o(.text), UNUSED)
<BR><BR>[Called By]<UL><LI><a href="#[d0]">&gt;&gt;</a>&nbsp;&nbsp;&nbsp;USART_DeInit
<LI><a href="#[cd]">&gt;&gt;</a>&nbsp;&nbsp;&nbsp;GPIO_AFIOInitDefault
<LI><a href="#[cb]">&gt;&gt;</a>&nbsp;&nbsp;&nbsp;GPIO_DeInit
</UL>

<P><STRONG><a name="[d1]"></a>RCC_EnableAPB1PeriphReset</STRONG> (Thumb, 52 bytes, Stack size 8 bytes, n32g4fr_rcc.o(.text), UNUSED)
<BR><BR>[Called By]<UL><LI><a href="#[d0]">&gt;&gt;</a>&nbsp;&nbsp;&nbsp;USART_DeInit
</UL>

<P><STRONG><a name="[1c2]"></a>RCC_EnableBORReset</STRONG> (Thumb, 50 bytes, Stack size 4 bytes, n32g4fr_rcc.o(.text), UNUSED)

<P><STRONG><a name="[1c3]"></a>RCC_EnableBackupReset</STRONG> (Thumb, 20 bytes, Stack size 4 bytes, n32g4fr_rcc.o(.text), UNUSED)

<P><STRONG><a name="[1c4]"></a>RCC_EnableClockSecuritySystem</STRONG> (Thumb, 18 bytes, Stack size 4 bytes, n32g4fr_rcc.o(.text), UNUSED)

<P><STRONG><a name="[1c5]"></a>RCC_ConfigMcoPllClk</STRONG> (Thumb, 44 bytes, Stack size 8 bytes, n32g4fr_rcc.o(.text), UNUSED)

<P><STRONG><a name="[1c6]"></a>RCC_ConfigMco</STRONG> (Thumb, 50 bytes, Stack size 8 bytes, n32g4fr_rcc.o(.text), UNUSED)

<P><STRONG><a name="[1c7]"></a>RCC_ClrFlag</STRONG> (Thumb, 26 bytes, Stack size 0 bytes, n32g4fr_rcc.o(.text), UNUSED)

<P><STRONG><a name="[1c8]"></a>RCC_GetIntStatus</STRONG> (Thumb, 48 bytes, Stack size 8 bytes, n32g4fr_rcc.o(.text), UNUSED)

<P><STRONG><a name="[1c9]"></a>RCC_ClrIntPendingBit</STRONG> (Thumb, 24 bytes, Stack size 4 bytes, n32g4fr_rcc.o(.text), UNUSED)

<P><STRONG><a name="[d0]"></a>USART_DeInit</STRONG> (Thumb, 288 bytes, Stack size 40 bytes, n32g4fr_usart.o(.text), UNUSED)
<BR><BR>[Calls]<UL><LI><a href="#[cc]">&gt;&gt;</a>&nbsp;&nbsp;&nbsp;RCC_EnableAPB2PeriphReset
<LI><a href="#[d1]">&gt;&gt;</a>&nbsp;&nbsp;&nbsp;RCC_EnableAPB1PeriphReset
</UL>

<P><STRONG><a name="[b0]"></a>USART_Init</STRONG> (Thumb, 334 bytes, Stack size 64 bytes, n32g4fr_usart.o(.text))
<BR><BR>[Stack]<UL><LI>Max Depth = 92<LI>Call Chain = USART_Init &rArr; RCC_GetClocksFreqValue
</UL>
<BR>[Calls]<UL><LI><a href="#[d2]">&gt;&gt;</a>&nbsp;&nbsp;&nbsp;RCC_GetClocksFreqValue
</UL>
<BR>[Called By]<UL><LI><a href="#[77]">&gt;&gt;</a>&nbsp;&nbsp;&nbsp;n32g4fr_configure
</UL>

<P><STRONG><a name="[1ca]"></a>USART_StructInit</STRONG> (Thumb, 40 bytes, Stack size 4 bytes, n32g4fr_usart.o(.text), UNUSED)

<P><STRONG><a name="[1cb]"></a>USART_ClockInit</STRONG> (Thumb, 58 bytes, Stack size 12 bytes, n32g4fr_usart.o(.text), UNUSED)

<P><STRONG><a name="[1cc]"></a>USART_ClockStructInit</STRONG> (Thumb, 26 bytes, Stack size 4 bytes, n32g4fr_usart.o(.text), UNUSED)

<P><STRONG><a name="[b1]"></a>USART_Enable</STRONG> (Thumb, 40 bytes, Stack size 8 bytes, n32g4fr_usart.o(.text))
<BR><BR>[Stack]<UL><LI>Max Depth = 8<LI>Call Chain = USART_Enable
</UL>
<BR>[Called By]<UL><LI><a href="#[77]">&gt;&gt;</a>&nbsp;&nbsp;&nbsp;n32g4fr_configure
</UL>

<P><STRONG><a name="[b4]"></a>USART_ConfigInt</STRONG> (Thumb, 142 bytes, Stack size 28 bytes, n32g4fr_usart.o(.text))
<BR><BR>[Stack]<UL><LI>Max Depth = 28<LI>Call Chain = USART_ConfigInt
</UL>
<BR>[Called By]<UL><LI><a href="#[78]">&gt;&gt;</a>&nbsp;&nbsp;&nbsp;n32g4fr_control
</UL>

<P><STRONG><a name="[1cd]"></a>USART_EnableDMA</STRONG> (Thumb, 48 bytes, Stack size 12 bytes, n32g4fr_usart.o(.text), UNUSED)

<P><STRONG><a name="[1ce]"></a>USART_SetAddr</STRONG> (Thumb, 34 bytes, Stack size 8 bytes, n32g4fr_usart.o(.text), UNUSED)

<P><STRONG><a name="[1cf]"></a>USART_ConfigWakeUpMode</STRONG> (Thumb, 34 bytes, Stack size 8 bytes, n32g4fr_usart.o(.text), UNUSED)

<P><STRONG><a name="[1d0]"></a>USART_EnableRcvWakeUp</STRONG> (Thumb, 40 bytes, Stack size 8 bytes, n32g4fr_usart.o(.text), UNUSED)

<P><STRONG><a name="[1d1]"></a>USART_ConfigLINBreakDetectLength</STRONG> (Thumb, 34 bytes, Stack size 8 bytes, n32g4fr_usart.o(.text), UNUSED)

<P><STRONG><a name="[1d2]"></a>USART_EnableLIN</STRONG> (Thumb, 40 bytes, Stack size 8 bytes, n32g4fr_usart.o(.text), UNUSED)

<P><STRONG><a name="[b5]"></a>USART_SendData</STRONG> (Thumb, 24 bytes, Stack size 8 bytes, n32g4fr_usart.o(.text))
<BR><BR>[Stack]<UL><LI>Max Depth = 8<LI>Call Chain = USART_SendData
</UL>
<BR>[Called By]<UL><LI><a href="#[79]">&gt;&gt;</a>&nbsp;&nbsp;&nbsp;n32g4fr_putc
</UL>

<P><STRONG><a name="[b6]"></a>USART_ReceiveData</STRONG> (Thumb, 16 bytes, Stack size 4 bytes, n32g4fr_usart.o(.text))
<BR><BR>[Stack]<UL><LI>Max Depth = 4<LI>Call Chain = USART_ReceiveData
</UL>
<BR>[Called By]<UL><LI><a href="#[7a]">&gt;&gt;</a>&nbsp;&nbsp;&nbsp;n32g4fr_getc
</UL>

<P><STRONG><a name="[1d3]"></a>USART_SendBreak</STRONG> (Thumb, 18 bytes, Stack size 4 bytes, n32g4fr_usart.o(.text), UNUSED)

<P><STRONG><a name="[1d4]"></a>USART_SetGuardTime</STRONG> (Thumb, 34 bytes, Stack size 8 bytes, n32g4fr_usart.o(.text), UNUSED)

<P><STRONG><a name="[1d5]"></a>USART_SetPrescaler</STRONG> (Thumb, 34 bytes, Stack size 8 bytes, n32g4fr_usart.o(.text), UNUSED)

<P><STRONG><a name="[1d6]"></a>USART_EnableSmartCard</STRONG> (Thumb, 40 bytes, Stack size 8 bytes, n32g4fr_usart.o(.text), UNUSED)

<P><STRONG><a name="[1d7]"></a>USART_SetSmartCardNACK</STRONG> (Thumb, 40 bytes, Stack size 8 bytes, n32g4fr_usart.o(.text), UNUSED)

<P><STRONG><a name="[1d8]"></a>USART_EnableHalfDuplex</STRONG> (Thumb, 40 bytes, Stack size 8 bytes, n32g4fr_usart.o(.text), UNUSED)

<P><STRONG><a name="[1d9]"></a>USART_ConfigIrDAMode</STRONG> (Thumb, 34 bytes, Stack size 8 bytes, n32g4fr_usart.o(.text), UNUSED)

<P><STRONG><a name="[1da]"></a>USART_EnableIrDA</STRONG> (Thumb, 40 bytes, Stack size 8 bytes, n32g4fr_usart.o(.text), UNUSED)

<P><STRONG><a name="[a7]"></a>USART_GetFlagStatus</STRONG> (Thumb, 60 bytes, Stack size 12 bytes, n32g4fr_usart.o(.text))
<BR><BR>[Stack]<UL><LI>Max Depth = 12<LI>Call Chain = USART_GetFlagStatus
</UL>
<BR>[Called By]<UL><LI><a href="#[7a]">&gt;&gt;</a>&nbsp;&nbsp;&nbsp;n32g4fr_getc
<LI><a href="#[79]">&gt;&gt;</a>&nbsp;&nbsp;&nbsp;n32g4fr_putc
<LI><a href="#[a4]">&gt;&gt;</a>&nbsp;&nbsp;&nbsp;uart_isr
</UL>

<P><STRONG><a name="[1db]"></a>USART_ClrFlag</STRONG> (Thumb, 36 bytes, Stack size 8 bytes, n32g4fr_usart.o(.text), UNUSED)

<P><STRONG><a name="[a6]"></a>USART_GetIntStatus</STRONG> (Thumb, 168 bytes, Stack size 24 bytes, n32g4fr_usart.o(.text))
<BR><BR>[Stack]<UL><LI>Max Depth = 24<LI>Call Chain = USART_GetIntStatus
</UL>
<BR>[Called By]<UL><LI><a href="#[a4]">&gt;&gt;</a>&nbsp;&nbsp;&nbsp;uart_isr
</UL>

<P><STRONG><a name="[1dc]"></a>USART_ClrIntPendingBit</STRONG> (Thumb, 68 bytes, Stack size 12 bytes, n32g4fr_usart.o(.text), UNUSED)

<P><STRONG><a name="[1dd]"></a>rt_system_tick_init</STRONG> (Thumb, 2 bytes, Stack size 0 bytes, clock.o(.text), UNUSED)

<P><STRONG><a name="[14e]"></a>rt_tick_get</STRONG> (Thumb, 12 bytes, Stack size 0 bytes, clock.o(.text))
<BR><BR>[Called By]<UL><LI><a href="#[d6]">&gt;&gt;</a>&nbsp;&nbsp;&nbsp;rt_timer_check
<LI><a href="#[14d]">&gt;&gt;</a>&nbsp;&nbsp;&nbsp;rt_thread_delay_until
<LI><a href="#[10d]">&gt;&gt;</a>&nbsp;&nbsp;&nbsp;rt_timer_start
</UL>

<P><STRONG><a name="[d3]"></a>rt_tick_set</STRONG> (Thumb, 34 bytes, Stack size 16 bytes, clock.o(.text), UNUSED)
<BR><BR>[Calls]<UL><LI><a href="#[c3]">&gt;&gt;</a>&nbsp;&nbsp;&nbsp;rt_hw_interrupt_enable
<LI><a href="#[c2]">&gt;&gt;</a>&nbsp;&nbsp;&nbsp;rt_hw_interrupt_disable
</UL>

<P><STRONG><a name="[96]"></a>rt_tick_increase</STRONG> (Thumb, 60 bytes, Stack size 16 bytes, clock.o(.text))
<BR><BR>[Stack]<UL><LI>Max Depth = 316<LI>Call Chain = rt_tick_increase &rArr; rt_timer_check &rArr; rt_timer_start &rArr; rt_assert_handler &rArr; rt_kprintf &rArr; rt_vsnprintf &rArr; print_number &rArr; divide
</UL>
<BR>[Calls]<UL><LI><a href="#[d6]">&gt;&gt;</a>&nbsp;&nbsp;&nbsp;rt_timer_check
<LI><a href="#[d5]">&gt;&gt;</a>&nbsp;&nbsp;&nbsp;rt_thread_yield
<LI><a href="#[d4]">&gt;&gt;</a>&nbsp;&nbsp;&nbsp;rt_thread_self
</UL>
<BR>[Called By]<UL><LI><a href="#[9]">&gt;&gt;</a>&nbsp;&nbsp;&nbsp;SysTick_Handler
</UL>

<P><STRONG><a name="[150]"></a>rt_tick_from_millisecond</STRONG> (Thumb, 100 bytes, Stack size 8 bytes, clock.o(.text), UNUSED)
<BR><BR>[Called By]<UL><LI><a href="#[14f]">&gt;&gt;</a>&nbsp;&nbsp;&nbsp;rt_thread_mdelay
</UL>

<P><STRONG><a name="[9b]"></a>rt_components_board_init</STRONG> (Thumb, 84 bytes, Stack size 16 bytes, components.o(.text))
<BR><BR>[Stack]<UL><LI>Max Depth = 228<LI>Call Chain = rt_components_board_init &rArr; rt_kprintf &rArr; rt_vsnprintf &rArr; print_number &rArr; divide
</UL>
<BR>[Calls]<UL><LI><a href="#[d7]">&gt;&gt;</a>&nbsp;&nbsp;&nbsp;rt_kprintf
</UL>
<BR>[Called By]<UL><LI><a href="#[98]">&gt;&gt;</a>&nbsp;&nbsp;&nbsp;rt_hw_board_init
</UL>

<P><STRONG><a name="[d8]"></a>rt_components_init</STRONG> (Thumb, 96 bytes, Stack size 16 bytes, components.o(.text))
<BR><BR>[Stack]<UL><LI>Max Depth = 228<LI>Call Chain = rt_components_init &rArr; rt_kprintf &rArr; rt_vsnprintf &rArr; print_number &rArr; divide
</UL>
<BR>[Calls]<UL><LI><a href="#[d7]">&gt;&gt;</a>&nbsp;&nbsp;&nbsp;rt_kprintf
</UL>
<BR>[Called By]<UL><LI><a href="#[64]">&gt;&gt;</a>&nbsp;&nbsp;&nbsp;main_thread_entry
</UL>

<P><STRONG><a name="[8d]"></a>main</STRONG> (Thumb, 10 bytes, Stack size 8 bytes, components.o(.text))
<BR><BR>[Stack]<UL><LI>Max Depth = 564<LI>Call Chain = main &rArr; rtthread_startup &rArr; rt_application_init &rArr; rt_thread_create &rArr; rt_object_allocate &rArr; rt_malloc &rArr; rt_sem_take &rArr; rt_ipc_list_suspend &rArr; rt_thread_suspend &rArr; rt_timer_stop &rArr; rt_assert_handler &rArr; rt_kprintf &rArr; rt_vsnprintf &rArr; print_number &rArr; divide
</UL>
<BR>[Calls]<UL><LI><a href="#[d9]">&gt;&gt;</a>&nbsp;&nbsp;&nbsp;rtthread_startup
</UL>
<BR>[Called By]<UL><LI><a href="#[8c]">&gt;&gt;</a>&nbsp;&nbsp;&nbsp;__rt_entry_main
</UL>

<P><STRONG><a name="[d9]"></a>rtthread_startup</STRONG> (Thumb, 42 bytes, Stack size 8 bytes, components.o(.text))
<BR><BR>[Stack]<UL><LI>Max Depth = 556<LI>Call Chain = rtthread_startup &rArr; rt_application_init &rArr; rt_thread_create &rArr; rt_object_allocate &rArr; rt_malloc &rArr; rt_sem_take &rArr; rt_ipc_list_suspend &rArr; rt_thread_suspend &rArr; rt_timer_stop &rArr; rt_assert_handler &rArr; rt_kprintf &rArr; rt_vsnprintf &rArr; print_number &rArr; divide
</UL>
<BR>[Calls]<UL><LI><a href="#[c2]">&gt;&gt;</a>&nbsp;&nbsp;&nbsp;rt_hw_interrupt_disable
<LI><a href="#[98]">&gt;&gt;</a>&nbsp;&nbsp;&nbsp;rt_hw_board_init
<LI><a href="#[e0]">&gt;&gt;</a>&nbsp;&nbsp;&nbsp;rt_system_scheduler_start
<LI><a href="#[df]">&gt;&gt;</a>&nbsp;&nbsp;&nbsp;rt_thread_idle_init
<LI><a href="#[de]">&gt;&gt;</a>&nbsp;&nbsp;&nbsp;rt_system_timer_thread_init
<LI><a href="#[dd]">&gt;&gt;</a>&nbsp;&nbsp;&nbsp;rt_application_init
<LI><a href="#[dc]">&gt;&gt;</a>&nbsp;&nbsp;&nbsp;rt_system_scheduler_init
<LI><a href="#[db]">&gt;&gt;</a>&nbsp;&nbsp;&nbsp;rt_system_timer_init
<LI><a href="#[da]">&gt;&gt;</a>&nbsp;&nbsp;&nbsp;rt_show_version
</UL>
<BR>[Called By]<UL><LI><a href="#[8d]">&gt;&gt;</a>&nbsp;&nbsp;&nbsp;main
</UL>

<P><STRONG><a name="[64]"></a>main_thread_entry</STRONG> (Thumb, 18 bytes, Stack size 16 bytes, components.o(.text))
<BR><BR>[Stack]<UL><LI>Max Depth = 516<LI>Call Chain = main_thread_entry &rArr; $Super$$main &rArr; rt_thread_init &rArr; _rt_thread_init &rArr; rt_timer_init &rArr; rt_object_init &rArr; rt_exit_critical &rArr; rt_schedule &rArr; _rt_scheduler_stack_check &rArr; rt_assert_handler &rArr; rt_kprintf &rArr; rt_vsnprintf &rArr; print_number &rArr; divide
</UL>
<BR>[Calls]<UL><LI><a href="#[9e]">&gt;&gt;</a>&nbsp;&nbsp;&nbsp;$Super$$main
<LI><a href="#[d8]">&gt;&gt;</a>&nbsp;&nbsp;&nbsp;rt_components_init
</UL>
<BR>[Address Reference Count : 1]<UL><LI> components.o(.text)
</UL>
<P><STRONG><a name="[dd]"></a>rt_application_init</STRONG> (Thumb, 82 bytes, Stack size 24 bytes, components.o(.text))
<BR><BR>[Stack]<UL><LI>Max Depth = 548<LI>Call Chain = rt_application_init &rArr; rt_thread_create &rArr; rt_object_allocate &rArr; rt_malloc &rArr; rt_sem_take &rArr; rt_ipc_list_suspend &rArr; rt_thread_suspend &rArr; rt_timer_stop &rArr; rt_assert_handler &rArr; rt_kprintf &rArr; rt_vsnprintf &rArr; print_number &rArr; divide
</UL>
<BR>[Calls]<UL><LI><a href="#[a5]">&gt;&gt;</a>&nbsp;&nbsp;&nbsp;rt_assert_handler
<LI><a href="#[a1]">&gt;&gt;</a>&nbsp;&nbsp;&nbsp;rt_thread_startup
<LI><a href="#[e1]">&gt;&gt;</a>&nbsp;&nbsp;&nbsp;rt_thread_create
</UL>
<BR>[Called By]<UL><LI><a href="#[d9]">&gt;&gt;</a>&nbsp;&nbsp;&nbsp;rtthread_startup
</UL>

<P><STRONG><a name="[e2]"></a>rt_device_register</STRONG> (Thumb, 82 bytes, Stack size 24 bytes, device.o(.text))
<BR><BR>[Stack]<UL><LI>Max Depth = 356<LI>Call Chain = rt_device_register &rArr; rt_object_init &rArr; rt_exit_critical &rArr; rt_schedule &rArr; _rt_scheduler_stack_check &rArr; rt_assert_handler &rArr; rt_kprintf &rArr; rt_vsnprintf &rArr; print_number &rArr; divide
</UL>
<BR>[Calls]<UL><LI><a href="#[e4]">&gt;&gt;</a>&nbsp;&nbsp;&nbsp;rt_object_init
<LI><a href="#[e3]">&gt;&gt;</a>&nbsp;&nbsp;&nbsp;rt_device_find
</UL>
<BR>[Called By]<UL><LI><a href="#[b7]">&gt;&gt;</a>&nbsp;&nbsp;&nbsp;rt_device_pin_register
<LI><a href="#[af]">&gt;&gt;</a>&nbsp;&nbsp;&nbsp;rt_hw_serial_register
</UL>

<P><STRONG><a name="[e3]"></a>rt_device_find</STRONG> (Thumb, 154 bytes, Stack size 32 bytes, device.o(.text))
<BR><BR>[Stack]<UL><LI>Max Depth = 324<LI>Call Chain = rt_device_find &rArr; rt_exit_critical &rArr; rt_schedule &rArr; _rt_scheduler_stack_check &rArr; rt_assert_handler &rArr; rt_kprintf &rArr; rt_vsnprintf &rArr; print_number &rArr; divide
</UL>
<BR>[Calls]<UL><LI><a href="#[d4]">&gt;&gt;</a>&nbsp;&nbsp;&nbsp;rt_thread_self
<LI><a href="#[a5]">&gt;&gt;</a>&nbsp;&nbsp;&nbsp;rt_assert_handler
<LI><a href="#[e8]">&gt;&gt;</a>&nbsp;&nbsp;&nbsp;rt_exit_critical
<LI><a href="#[e7]">&gt;&gt;</a>&nbsp;&nbsp;&nbsp;rt_strncmp
<LI><a href="#[e6]">&gt;&gt;</a>&nbsp;&nbsp;&nbsp;rt_object_get_information
<LI><a href="#[e5]">&gt;&gt;</a>&nbsp;&nbsp;&nbsp;rt_enter_critical
</UL>
<BR>[Called By]<UL><LI><a href="#[9c]">&gt;&gt;</a>&nbsp;&nbsp;&nbsp;rt_console_set_device
<LI><a href="#[e2]">&gt;&gt;</a>&nbsp;&nbsp;&nbsp;rt_device_register
</UL>

<P><STRONG><a name="[e9]"></a>rt_device_unregister</STRONG> (Thumb, 118 bytes, Stack size 16 bytes, device.o(.text), UNUSED)
<BR><BR>[Calls]<UL><LI><a href="#[a5]">&gt;&gt;</a>&nbsp;&nbsp;&nbsp;rt_assert_handler
<LI><a href="#[ec]">&gt;&gt;</a>&nbsp;&nbsp;&nbsp;rt_object_detach
<LI><a href="#[eb]">&gt;&gt;</a>&nbsp;&nbsp;&nbsp;rt_object_is_systemobject
<LI><a href="#[ea]">&gt;&gt;</a>&nbsp;&nbsp;&nbsp;rt_object_get_type
</UL>

<P><STRONG><a name="[1de]"></a>rt_device_init_all</STRONG> (Thumb, 4 bytes, Stack size 0 bytes, device.o(.text), UNUSED)

<P><STRONG><a name="[ed]"></a>rt_device_create</STRONG> (Thumb, 68 bytes, Stack size 24 bytes, device.o(.text), UNUSED)
<BR><BR>[Calls]<UL><LI><a href="#[ef]">&gt;&gt;</a>&nbsp;&nbsp;&nbsp;rt_memset
<LI><a href="#[ee]">&gt;&gt;</a>&nbsp;&nbsp;&nbsp;rt_malloc
</UL>

<P><STRONG><a name="[f0]"></a>rt_device_destroy</STRONG> (Thumb, 122 bytes, Stack size 16 bytes, device.o(.text), UNUSED)
<BR><BR>[Calls]<UL><LI><a href="#[a5]">&gt;&gt;</a>&nbsp;&nbsp;&nbsp;rt_assert_handler
<LI><a href="#[f1]">&gt;&gt;</a>&nbsp;&nbsp;&nbsp;rt_free
<LI><a href="#[ec]">&gt;&gt;</a>&nbsp;&nbsp;&nbsp;rt_object_detach
<LI><a href="#[eb]">&gt;&gt;</a>&nbsp;&nbsp;&nbsp;rt_object_is_systemobject
<LI><a href="#[ea]">&gt;&gt;</a>&nbsp;&nbsp;&nbsp;rt_object_get_type
</UL>

<P><STRONG><a name="[f2]"></a>rt_device_init</STRONG> (Thumb, 114 bytes, Stack size 16 bytes, device.o(.text), UNUSED)
<BR><BR>[Calls]<UL><LI><a href="#[a5]">&gt;&gt;</a>&nbsp;&nbsp;&nbsp;rt_assert_handler
<LI><a href="#[d7]">&gt;&gt;</a>&nbsp;&nbsp;&nbsp;rt_kprintf
</UL>

<P><STRONG><a name="[f3]"></a>rt_device_open</STRONG> (Thumb, 300 bytes, Stack size 24 bytes, device.o(.text))
<BR><BR>[Stack]<UL><LI>Max Depth = 260<LI>Call Chain = rt_device_open &rArr; rt_assert_handler &rArr; rt_kprintf &rArr; rt_vsnprintf &rArr; print_number &rArr; divide
</UL>
<BR>[Calls]<UL><LI><a href="#[a5]">&gt;&gt;</a>&nbsp;&nbsp;&nbsp;rt_assert_handler
<LI><a href="#[ea]">&gt;&gt;</a>&nbsp;&nbsp;&nbsp;rt_object_get_type
<LI><a href="#[d7]">&gt;&gt;</a>&nbsp;&nbsp;&nbsp;rt_kprintf
</UL>
<BR>[Called By]<UL><LI><a href="#[9c]">&gt;&gt;</a>&nbsp;&nbsp;&nbsp;rt_console_set_device
</UL>

<P><STRONG><a name="[f4]"></a>rt_device_close</STRONG> (Thumb, 170 bytes, Stack size 24 bytes, device.o(.text))
<BR><BR>[Stack]<UL><LI>Max Depth = 260<LI>Call Chain = rt_device_close &rArr; rt_assert_handler &rArr; rt_kprintf &rArr; rt_vsnprintf &rArr; print_number &rArr; divide
</UL>
<BR>[Calls]<UL><LI><a href="#[a5]">&gt;&gt;</a>&nbsp;&nbsp;&nbsp;rt_assert_handler
<LI><a href="#[ea]">&gt;&gt;</a>&nbsp;&nbsp;&nbsp;rt_object_get_type
</UL>
<BR>[Called By]<UL><LI><a href="#[9c]">&gt;&gt;</a>&nbsp;&nbsp;&nbsp;rt_console_set_device
</UL>

<P><STRONG><a name="[f5]"></a>rt_device_read</STRONG> (Thumb, 150 bytes, Stack size 32 bytes, device.o(.text), UNUSED)
<BR><BR>[Calls]<UL><LI><a href="#[a5]">&gt;&gt;</a>&nbsp;&nbsp;&nbsp;rt_assert_handler
[...]
<LI><a href="#[106]">&gt;&gt;</a>&nbsp;&nbsp;&nbsp;rt_thread_resume
<LI><a href="#[105]">&gt;&gt;</a>&nbsp;&nbsp;&nbsp;rt_list_isempty
</UL>
<BR>[Called By]<UL><LI><a href="#[118]">&gt;&gt;</a>&nbsp;&nbsp;&nbsp;rt_mutex_delete
<LI><a href="#[116]">&gt;&gt;</a>&nbsp;&nbsp;&nbsp;rt_mutex_detach
<LI><a href="#[114]">&gt;&gt;</a>&nbsp;&nbsp;&nbsp;rt_sem_control
<LI><a href="#[109]">&gt;&gt;</a>&nbsp;&nbsp;&nbsp;rt_sem_delete
<LI><a href="#[103]">&gt;&gt;</a>&nbsp;&nbsp;&nbsp;rt_sem_detach
</UL>

<P><STRONG><a name="[105]"></a>rt_list_isempty</STRONG> (Thumb, 20 bytes, Stack size 4 bytes, ipc.o(.text))
<BR><BR>[Stack]<UL><LI>Max Depth = 4<LI>Call Chain = rt_list_isempty
</UL>
<BR>[Called By]<UL><LI><a href="#[11b]">&gt;&gt;</a>&nbsp;&nbsp;&nbsp;rt_mutex_release
<LI><a href="#[112]">&gt;&gt;</a>&nbsp;&nbsp;&nbsp;rt_sem_release
<LI><a href="#[104]">&gt;&gt;</a>&nbsp;&nbsp;&nbsp;rt_ipc_list_resume_all
</UL>

<P><STRONG><a name="[10b]"></a>rt_ipc_list_suspend</STRONG> (Thumb, 146 bytes, Stack size 32 bytes, ipc.o(.text))
<BR><BR>[Stack]<UL><LI>Max Depth = 316<LI>Call Chain = rt_ipc_list_suspend &rArr; rt_thread_suspend &rArr; rt_timer_stop &rArr; rt_assert_handler &rArr; rt_kprintf &rArr; rt_vsnprintf &rArr; print_number &rArr; divide
</UL>
<BR>[Calls]<UL><LI><a href="#[10f]">&gt;&gt;</a>&nbsp;&nbsp;&nbsp;rt_thread_suspend
<LI><a href="#[110]">&gt;&gt;</a>&nbsp;&nbsp;&nbsp;rt_list_insert_before
</UL>
<BR>[Called By]<UL><LI><a href="#[119]">&gt;&gt;</a>&nbsp;&nbsp;&nbsp;rt_mutex_take
<LI><a href="#[10a]">&gt;&gt;</a>&nbsp;&nbsp;&nbsp;rt_sem_take
</UL>

<P><STRONG><a name="[110]"></a>rt_list_insert_before</STRONG> (Thumb, 38 bytes, Stack size 8 bytes, ipc.o(.text))
<BR><BR>[Stack]<UL><LI>Max Depth = 8<LI>Call Chain = rt_list_insert_before
</UL>
<BR>[Called By]<UL><LI><a href="#[10b]">&gt;&gt;</a>&nbsp;&nbsp;&nbsp;rt_ipc_list_suspend
</UL>

<P><STRONG><a name="[113]"></a>rt_ipc_list_resume</STRONG> (Thumb, 30 bytes, Stack size 16 bytes, ipc.o(.text))
<BR><BR>[Stack]<UL><LI>Max Depth = 300<LI>Call Chain = rt_ipc_list_resume &rArr; rt_thread_resume &rArr; rt_timer_stop &rArr; rt_assert_handler &rArr; rt_kprintf &rArr; rt_vsnprintf &rArr; print_number &rArr; divide
</UL>
<BR>[Calls]<UL><LI><a href="#[106]">&gt;&gt;</a>&nbsp;&nbsp;&nbsp;rt_thread_resume
</UL>
<BR>[Called By]<UL><LI><a href="#[11b]">&gt;&gt;</a>&nbsp;&nbsp;&nbsp;rt_mutex_release
<LI><a href="#[112]">&gt;&gt;</a>&nbsp;&nbsp;&nbsp;rt_sem_release
</UL>

<P><STRONG><a name="[126]"></a>skip_atoi</STRONG> (Thumb, 56 bytes, Stack size 8 bytes, kservice.o(.text))
<BR><BR>[Stack]<UL><LI>Max Depth = 8<LI>Call Chain = skip_atoi
</UL>
<BR>[Called By]<UL><LI><a href="#[124]">&gt;&gt;</a>&nbsp;&nbsp;&nbsp;rt_vsnprintf
</UL>

<P><STRONG><a name="[127]"></a>print_number</STRONG> (Thumb, 612 bytes, Stack size 72 bytes, kservice.o(.text))
<BR><BR>[Stack]<UL><LI>Max Depth = 84<LI>Call Chain = print_number &rArr; divide
</UL>
<BR>[Calls]<UL><LI><a href="#[128]">&gt;&gt;</a>&nbsp;&nbsp;&nbsp;divide
</UL>
<BR>[Called By]<UL><LI><a href="#[124]">&gt;&gt;</a>&nbsp;&nbsp;&nbsp;rt_vsnprintf
</UL>

<P><STRONG><a name="[128]"></a>divide</STRONG> (Thumb, 82 bytes, Stack size 12 bytes, kservice.o(.text))
<BR><BR>[Stack]<UL><LI>Max Depth = 12<LI>Call Chain = divide
</UL>
<BR>[Called By]<UL><LI><a href="#[127]">&gt;&gt;</a>&nbsp;&nbsp;&nbsp;print_number
</UL>

<P><STRONG><a name="[130]"></a>plug_holes</STRONG> (Thumb, 344 bytes, Stack size 24 bytes, mem.o(.text))
<BR><BR>[Stack]<UL><LI>Max Depth = 260<LI>Call Chain = plug_holes &rArr; rt_assert_handler &rArr; rt_kprintf &rArr; rt_vsnprintf &rArr; print_number &rArr; divide
</UL>
<BR>[Calls]<UL><LI><a href="#[a5]">&gt;&gt;</a>&nbsp;&nbsp;&nbsp;rt_assert_handler
</UL>
<BR>[Called By]<UL><LI><a href="#[12f]">&gt;&gt;</a>&nbsp;&nbsp;&nbsp;rt_realloc
<LI><a href="#[f1]">&gt;&gt;</a>&nbsp;&nbsp;&nbsp;rt_free
</UL>

<P><STRONG><a name="[133]"></a>rt_list_insert_after</STRONG> (Thumb, 38 bytes, Stack size 8 bytes, object.o(.text))
<BR><BR>[Stack]<UL><LI>Max Depth = 8<LI>Call Chain = rt_list_insert_after
</UL>
<BR>[Called By]<UL><LI><a href="#[108]">&gt;&gt;</a>&nbsp;&nbsp;&nbsp;rt_object_allocate
<LI><a href="#[e4]">&gt;&gt;</a>&nbsp;&nbsp;&nbsp;rt_object_init
</UL>

<P><STRONG><a name="[134]"></a>rt_list_remove</STRONG> (Thumb, 32 bytes, Stack size 4 bytes, object.o(.text))
<BR><BR>[Stack]<UL><LI>Max Depth = 4<LI>Call Chain = rt_list_remove
</UL>
<BR>[Called By]<UL><LI><a href="#[ff]">&gt;&gt;</a>&nbsp;&nbsp;&nbsp;rt_object_delete
<LI><a href="#[ec]">&gt;&gt;</a>&nbsp;&nbsp;&nbsp;rt_object_detach
</UL>

<P><STRONG><a name="[136]"></a>rt_list_init</STRONG> (Thumb, 16 bytes, Stack size 4 bytes, scheduler.o(.text))
<BR><BR>[Stack]<UL><LI>Max Depth = 4<LI>Call Chain = rt_list_init
</UL>
<BR>[Called By]<UL><LI><a href="#[dc]">&gt;&gt;</a>&nbsp;&nbsp;&nbsp;rt_system_scheduler_init
</UL>

<P><STRONG><a name="[139]"></a>_rt_scheduler_stack_check</STRONG> (Thumb, 144 bytes, Stack size 16 bytes, scheduler.o(.text))
<BR><BR>[Stack]<UL><LI>Max Depth = 252<LI>Call Chain = _rt_scheduler_stack_check &rArr; rt_assert_handler &rArr; rt_kprintf &rArr; rt_vsnprintf &rArr; print_number &rArr; divide
</UL>
<BR>[Calls]<UL><LI><a href="#[c2]">&gt;&gt;</a>&nbsp;&nbsp;&nbsp;rt_hw_interrupt_disable
<LI><a href="#[a5]">&gt;&gt;</a>&nbsp;&nbsp;&nbsp;rt_assert_handler
<LI><a href="#[d7]">&gt;&gt;</a>&nbsp;&nbsp;&nbsp;rt_kprintf
</UL>
<BR>[Called By]<UL><LI><a href="#[10e]">&gt;&gt;</a>&nbsp;&nbsp;&nbsp;rt_schedule
</UL>

<P><STRONG><a name="[13d]"></a>rt_list_insert_before</STRONG> (Thumb, 38 bytes, Stack size 8 bytes, scheduler.o(.text))
<BR><BR>[Stack]<UL><LI>Max Depth = 8<LI>Call Chain = rt_list_insert_before
</UL>
<BR>[Called By]<UL><LI><a href="#[13c]">&gt;&gt;</a>&nbsp;&nbsp;&nbsp;rt_schedule_insert_thread
</UL>

<P><STRONG><a name="[13f]"></a>rt_list_remove</STRONG> (Thumb, 32 bytes, Stack size 4 bytes, scheduler.o(.text))
<BR><BR>[Stack]<UL><LI>Max Depth = 4<LI>Call Chain = rt_list_remove
</UL>
<BR>[Called By]<UL><LI><a href="#[13e]">&gt;&gt;</a>&nbsp;&nbsp;&nbsp;rt_schedule_remove_thread
</UL>

<P><STRONG><a name="[140]"></a>rt_list_isempty</STRONG> (Thumb, 20 bytes, Stack size 4 bytes, scheduler.o(.text))
<BR><BR>[Stack]<UL><LI>Max Depth = 4<LI>Call Chain = rt_list_isempty
</UL>
<BR>[Called By]<UL><LI><a href="#[13e]">&gt;&gt;</a>&nbsp;&nbsp;&nbsp;rt_schedule_remove_thread
</UL>

<P><STRONG><a name="[142]"></a>rt_list_insert_after</STRONG> (Thumb, 38 bytes, Stack size 8 bytes, thread.o(.text))
<BR><BR>[Stack]<UL><LI>Max Depth = 8<LI>Call Chain = rt_list_insert_after
</UL>
<BR>[Called By]<UL><LI><a href="#[14a]">&gt;&gt;</a>&nbsp;&nbsp;&nbsp;rt_thread_delete
<LI><a href="#[149]">&gt;&gt;</a>&nbsp;&nbsp;&nbsp;rt_thread_detach
<LI><a href="#[66]">&gt;&gt;</a>&nbsp;&nbsp;&nbsp;rt_thread_exit
</UL>

<P><STRONG><a name="[143]"></a>_rt_thread_init</STRONG> (Thumb, 230 bytes, Stack size 40 bytes, thread.o(.text))
<BR><BR>[Stack]<UL><LI>Max Depth = 404<LI>Call Chain = _rt_thread_init &rArr; rt_timer_init &rArr; rt_object_init &rArr; rt_exit_critical &rArr; rt_schedule &rArr; _rt_scheduler_stack_check &rArr; rt_assert_handler &rArr; rt_kprintf &rArr; rt_vsnprintf &rArr; print_number &rArr; divide
</UL>
<BR>[Calls]<UL><LI><a href="#[a5]">&gt;&gt;</a>&nbsp;&nbsp;&nbsp;rt_assert_handler
<LI><a href="#[146]">&gt;&gt;</a>&nbsp;&nbsp;&nbsp;rt_timer_init
<LI><a href="#[145]">&gt;&gt;</a>&nbsp;&nbsp;&nbsp;rt_hw_stack_init
<LI><a href="#[144]">&gt;&gt;</a>&nbsp;&nbsp;&nbsp;rt_list_init
<LI><a href="#[ef]">&gt;&gt;</a>&nbsp;&nbsp;&nbsp;rt_memset
</UL>
<BR>[Called By]<UL><LI><a href="#[a0]">&gt;&gt;</a>&nbsp;&nbsp;&nbsp;rt_thread_init
<LI><a href="#[e1]">&gt;&gt;</a>&nbsp;&nbsp;&nbsp;rt_thread_create
</UL>

<P><STRONG><a name="[144]"></a>rt_list_init</STRONG> (Thumb, 16 bytes, Stack size 4 bytes, thread.o(.text))
<BR><BR>[Stack]<UL><LI>Max Depth = 4<LI>Call Chain = rt_list_init
</UL>
<BR>[Called By]<UL><LI><a href="#[143]">&gt;&gt;</a>&nbsp;&nbsp;&nbsp;_rt_thread_init
</UL>

<P><STRONG><a name="[147]"></a>rt_list_remove</STRONG> (Thumb, 32 bytes, Stack size 4 bytes, thread.o(.text))
<BR><BR>[Stack]<UL><LI>Max Depth = 4<LI>Call Chain = rt_list_remove
</UL>
<BR>[Called By]<UL><LI><a href="#[d5]">&gt;&gt;</a>&nbsp;&nbsp;&nbsp;rt_thread_yield
<LI><a href="#[67]">&gt;&gt;</a>&nbsp;&nbsp;&nbsp;rt_thread_timeout
<LI><a href="#[106]">&gt;&gt;</a>&nbsp;&nbsp;&nbsp;rt_thread_resume
</UL>

<P><STRONG><a name="[14b]"></a>rt_list_insert_before</STRONG> (Thumb, 38 bytes, Stack size 8 bytes, thread.o(.text))
<BR><BR>[Stack]<UL><LI>Max Depth = 8<LI>Call Chain = rt_list_insert_before
</UL>
<BR>[Called By]<UL><LI><a href="#[d5]">&gt;&gt;</a>&nbsp;&nbsp;&nbsp;rt_thread_yield
</UL>

<P><STRONG><a name="[152]"></a>_rt_timer_init</STRONG> (Thumb, 104 bytes, Stack size 32 bytes, timer.o(.text))
<BR><BR>[Stack]<UL><LI>Max Depth = 36<LI>Call Chain = _rt_timer_init &rArr; rt_list_init
</UL>
<BR>[Calls]<UL><LI><a href="#[153]">&gt;&gt;</a>&nbsp;&nbsp;&nbsp;rt_list_init
</UL>
<BR>[Called By]<UL><LI><a href="#[156]">&gt;&gt;</a>&nbsp;&nbsp;&nbsp;rt_timer_create
<LI><a href="#[146]">&gt;&gt;</a>&nbsp;&nbsp;&nbsp;rt_timer_init
</UL>

<P><STRONG><a name="[153]"></a>rt_list_init</STRONG> (Thumb, 16 bytes, Stack size 4 bytes, timer.o(.text))
<BR><BR>[Stack]<UL><LI>Max Depth = 4<LI>Call Chain = rt_list_init
</UL>
<BR>[Called By]<UL><LI><a href="#[152]">&gt;&gt;</a>&nbsp;&nbsp;&nbsp;_rt_timer_init
<LI><a href="#[db]">&gt;&gt;</a>&nbsp;&nbsp;&nbsp;rt_system_timer_init
</UL>

<P><STRONG><a name="[154]"></a>_rt_timer_remove</STRONG> (Thumb, 48 bytes, Stack size 16 bytes, timer.o(.text))
<BR><BR>[Stack]<UL><LI>Max Depth = 20<LI>Call Chain = _rt_timer_remove &rArr; rt_list_remove
</UL>
<BR>[Calls]<UL><LI><a href="#[155]">&gt;&gt;</a>&nbsp;&nbsp;&nbsp;rt_list_remove
</UL>
<BR>[Called By]<UL><LI><a href="#[d6]">&gt;&gt;</a>&nbsp;&nbsp;&nbsp;rt_timer_check
<LI><a href="#[157]">&gt;&gt;</a>&nbsp;&nbsp;&nbsp;rt_timer_delete
<LI><a href="#[148]">&gt;&gt;</a>&nbsp;&nbsp;&nbsp;rt_timer_stop
<LI><a href="#[141]">&gt;&gt;</a>&nbsp;&nbsp;&nbsp;rt_timer_detach
<LI><a href="#[10d]">&gt;&gt;</a>&nbsp;&nbsp;&nbsp;rt_timer_start
</UL>

<P><STRONG><a name="[155]"></a>rt_list_remove</STRONG> (Thumb, 32 bytes, Stack size 4 bytes, timer.o(.text))
<BR><BR>[Stack]<UL><LI>Max Depth = 4<LI>Call Chain = rt_list_remove
</UL>
<BR>[Called By]<UL><LI><a href="#[154]">&gt;&gt;</a>&nbsp;&nbsp;&nbsp;_rt_timer_remove
</UL>

<P><STRONG><a name="[158]"></a>rt_list_insert_after</STRONG> (Thumb, 38 bytes, Stack size 8 bytes, timer.o(.text))
<BR><BR>[Stack]<UL><LI>Max Depth = 8<LI>Call Chain = rt_list_insert_after
</UL>
<BR>[Called By]<UL><LI><a href="#[10d]">&gt;&gt;</a>&nbsp;&nbsp;&nbsp;rt_timer_start
</UL>

<P><STRONG><a name="[159]"></a>rt_list_isempty</STRONG> (Thumb, 20 bytes, Stack size 4 bytes, timer.o(.text))
<BR><BR>[Stack]<UL><LI>Max Depth = 4<LI>Call Chain = rt_list_isempty
</UL>
<BR>[Called By]<UL><LI><a href="#[d6]">&gt;&gt;</a>&nbsp;&nbsp;&nbsp;rt_timer_check
<LI><a href="#[15b]">&gt;&gt;</a>&nbsp;&nbsp;&nbsp;rt_timer_list_next_timeout
</UL>

<P><STRONG><a name="[15b]"></a>rt_timer_list_next_timeout</STRONG> (Thumb, 46 bytes, Stack size 24 bytes, timer.o(.text), UNUSED)
<BR><BR>[Calls]<UL><LI><a href="#[159]">&gt;&gt;</a>&nbsp;&nbsp;&nbsp;rt_list_isempty
</UL>
<BR>[Called By]<UL><LI><a href="#[15a]">&gt;&gt;</a>&nbsp;&nbsp;&nbsp;rt_timer_next_timeout_tick
</UL>

<P><STRONG><a name="[15c]"></a>SetSysClock</STRONG> (Thumb, 328 bytes, Stack size 20 bytes, system_n32g4fr.o(.text))
<BR><BR>[Stack]<UL><LI>Max Depth = 20<LI>Call Chain = SetSysClock
</UL>
<BR>[Called By]<UL><LI><a href="#[60]">&gt;&gt;</a>&nbsp;&nbsp;&nbsp;SystemInit
</UL>

<P><STRONG><a name="[68]"></a>_pin_read</STRONG> (Thumb, 100 bytes, Stack size 40 bytes, pin.o(.text))
<BR><BR>[Stack]<UL><LI>Max Depth = 276<LI>Call Chain = _pin_read &rArr; rt_assert_handler &rArr; rt_kprintf &rArr; rt_vsnprintf &rArr; print_number &rArr; divide
</UL>
<BR>[Calls]<UL><LI><a href="#[a5]">&gt;&gt;</a>&nbsp;&nbsp;&nbsp;rt_assert_handler
</UL>
<BR>[Address Reference Count : 1]<UL><LI> pin.o(.text)
</UL>
<P><STRONG><a name="[69]"></a>_pin_write</STRONG> (Thumb, 98 bytes, Stack size 40 bytes, pin.o(.text))
<BR><BR>[Stack]<UL><LI>Max Depth = 276<LI>Call Chain = _pin_write &rArr; rt_assert_handler &rArr; rt_kprintf &rArr; rt_vsnprintf &rArr; print_number &rArr; divide
</UL>
<BR>[Calls]<UL><LI><a href="#[a5]">&gt;&gt;</a>&nbsp;&nbsp;&nbsp;rt_assert_handler
</UL>
<BR>[Address Reference Count : 1]<UL><LI> pin.o(.text)
</UL>
<P><STRONG><a name="[6a]"></a>_pin_control</STRONG> (Thumb, 90 bytes, Stack size 32 bytes, pin.o(.text))
<BR><BR>[Stack]<UL><LI>Max Depth = 268<LI>Call Chain = _pin_control &rArr; rt_assert_handler &rArr; rt_kprintf &rArr; rt_vsnprintf &rArr; print_number &rArr; divide
</UL>
<BR>[Calls]<UL><LI><a href="#[a5]">&gt;&gt;</a>&nbsp;&nbsp;&nbsp;rt_assert_handler
</UL>
<BR>[Address Reference Count : 1]<UL><LI> pin.o(.text)
</UL>
<P><STRONG><a name="[6b]"></a>rt_serial_init</STRONG> (Thumb, 88 bytes, Stack size 24 bytes, serial.o(.text))
<BR><BR>[Stack]<UL><LI>Max Depth = 260<LI>Call Chain = rt_serial_init &rArr; rt_assert_handler &rArr; rt_kprintf &rArr; rt_vsnprintf &rArr; print_number &rArr; divide
</UL>
<BR>[Calls]<UL><LI><a href="#[a5]">&gt;&gt;</a>&nbsp;&nbsp;&nbsp;rt_assert_handler
</UL>
<BR>[Address Reference Count : 1]<UL><LI> serial.o(.text)
</UL>
<P><STRONG><a name="[6c]"></a>rt_serial_open</STRONG> (Thumb, 580 bytes, Stack size 40 bytes, serial.o(.text))
<BR><BR>[Stack]<UL><LI>Max Depth = 452<LI>Call Chain = rt_serial_open &rArr; rt_malloc &rArr; rt_sem_take &rArr; rt_ipc_list_suspend &rArr; rt_thread_suspend &rArr; rt_timer_stop &rArr; rt_assert_handler &rArr; rt_kprintf &rArr; rt_vsnprintf &rArr; print_number &rArr; divide
</UL>
<BR>[Calls]<UL><LI><a href="#[a5]">&gt;&gt;</a>&nbsp;&nbsp;&nbsp;rt_assert_handler
<LI><a href="#[161]">&gt;&gt;</a>&nbsp;&nbsp;&nbsp;rt_completion_init
<LI><a href="#[ef]">&gt;&gt;</a>&nbsp;&nbsp;&nbsp;rt_memset
<LI><a href="#[ee]">&gt;&gt;</a>&nbsp;&nbsp;&nbsp;rt_malloc
</UL>
<BR>[Address Reference Count : 1]<UL><LI> serial.o(.text)
</UL>
<P><STRONG><a name="[6d]"></a>rt_serial_close</STRONG> (Thumb, 246 bytes, Stack size 32 bytes, serial.o(.text))
<BR><BR>[Stack]<UL><LI>Max Depth = 420<LI>Call Chain = rt_serial_close &rArr; rt_free &rArr; rt_sem_take &rArr; rt_ipc_list_suspend &rArr; rt_thread_suspend &rArr; rt_timer_stop &rArr; rt_assert_handler &rArr; rt_kprintf &rArr; rt_vsnprintf &rArr; print_number &rArr; divide
</UL>
<BR>[Calls]<UL><LI><a href="#[a5]">&gt;&gt;</a>&nbsp;&nbsp;&nbsp;rt_assert_handler
<LI><a href="#[f1]">&gt;&gt;</a>&nbsp;&nbsp;&nbsp;rt_free
</UL>
<BR>[Address Reference Count : 1]<UL><LI> serial.o(.text)
</UL>
<P><STRONG><a name="[6e]"></a>rt_serial_read</STRONG> (Thumb, 106 bytes, Stack size 32 bytes, serial.o(.text))
<BR><BR>[Stack]<UL><LI>Max Depth = 308<LI>Call Chain = rt_serial_read &rArr; _serial_int_rx &rArr; rt_assert_handler &rArr; rt_kprintf &rArr; rt_vsnprintf &rArr; print_number &rArr; divide
</UL>
<BR>[Calls]<UL><LI><a href="#[a5]">&gt;&gt;</a>&nbsp;&nbsp;&nbsp;rt_assert_handler
<LI><a href="#[163]">&gt;&gt;</a>&nbsp;&nbsp;&nbsp;_serial_poll_rx
<LI><a href="#[162]">&gt;&gt;</a>&nbsp;&nbsp;&nbsp;_serial_int_rx
</UL>
<BR>[Address Reference Count : 1]<UL><LI> serial.o(.text)
</UL>
<P><STRONG><a name="[6f]"></a>rt_serial_write</STRONG> (Thumb, 106 bytes, Stack size 32 bytes, serial.o(.text))
<BR><BR>[Stack]<UL><LI>Max Depth = 388<LI>Call Chain = rt_serial_write &rArr; _serial_int_tx &rArr; rt_completion_wait &rArr; rt_thread_suspend &rArr; rt_timer_stop &rArr; rt_assert_handler &rArr; rt_kprintf &rArr; rt_vsnprintf &rArr; print_number &rArr; divide
</UL>
<BR>[Calls]<UL><LI><a href="#[a5]">&gt;&gt;</a>&nbsp;&nbsp;&nbsp;rt_assert_handler
<LI><a href="#[165]">&gt;&gt;</a>&nbsp;&nbsp;&nbsp;_serial_poll_tx
<LI><a href="#[164]">&gt;&gt;</a>&nbsp;&nbsp;&nbsp;_serial_int_tx
</UL>
<BR>[Address Reference Count : 1]<UL><LI> serial.o(.text)
</UL>
<P><STRONG><a name="[70]"></a>rt_serial_control</STRONG> (Thumb, 232 bytes, Stack size 40 bytes, serial.o(.text))
<BR><BR>[Stack]<UL><LI>Max Depth = 276<LI>Call Chain = rt_serial_control &rArr; rt_assert_handler &rArr; rt_kprintf &rArr; rt_vsnprintf &rArr; print_number &rArr; divide
</UL>
<BR>[Calls]<UL><LI><a href="#[a5]">&gt;&gt;</a>&nbsp;&nbsp;&nbsp;rt_assert_handler
</UL>
<BR>[Address Reference Count : 1]<UL><LI> serial.o(.text)
</UL>
<P><STRONG><a name="[162]"></a>_serial_int_rx</STRONG> (Thumb, 236 bytes, Stack size 40 bytes, serial.o(.text))
<BR><BR>[Stack]<UL><LI>Max Depth = 276<LI>Call Chain = _serial_int_rx &rArr; rt_assert_handler &rArr; rt_kprintf &rArr; rt_vsnprintf &rArr; print_number &rArr; divide
</UL>
<BR>[Calls]<UL><LI><a href="#[c3]">&gt;&gt;</a>&nbsp;&nbsp;&nbsp;rt_hw_interrupt_enable
<LI><a href="#[c2]">&gt;&gt;</a>&nbsp;&nbsp;&nbsp;rt_hw_interrupt_disable
<LI><a href="#[a5]">&gt;&gt;</a>&nbsp;&nbsp;&nbsp;rt_assert_handler
</UL>
<BR>[Called By]<UL><LI><a href="#[6e]">&gt;&gt;</a>&nbsp;&nbsp;&nbsp;rt_serial_read
</UL>

<P><STRONG><a name="[163]"></a>_serial_poll_rx</STRONG> (Thumb, 112 bytes, Stack size 32 bytes, serial.o(.text))
<BR><BR>[Stack]<UL><LI>Max Depth = 268<LI>Call Chain = _serial_poll_rx &rArr; rt_assert_handler &rArr; rt_kprintf &rArr; rt_vsnprintf &rArr; print_number &rArr; divide
</UL>
<BR>[Calls]<UL><LI><a href="#[a5]">&gt;&gt;</a>&nbsp;&nbsp;&nbsp;rt_assert_handler
</UL>
<BR>[Called By]<UL><LI><a href="#[6e]">&gt;&gt;</a>&nbsp;&nbsp;&nbsp;rt_serial_read
</UL>

<P><STRONG><a name="[164]"></a>_serial_int_tx</STRONG> (Thumb, 146 bytes, Stack size 32 bytes, serial.o(.text))
<BR><BR>[Stack]<UL><LI>Max Depth = 356<LI>Call Chain = _serial_int_tx &rArr; rt_completion_wait &rArr; rt_thread_suspend &rArr; rt_timer_stop &rArr; rt_assert_handler &rArr; rt_kprintf &rArr; rt_vsnprintf &rArr; print_number &rArr; divide
</UL>
<BR>[Calls]<UL><LI><a href="#[a5]">&gt;&gt;</a>&nbsp;&nbsp;&nbsp;rt_assert_handler
<LI><a href="#[168]">&gt;&gt;</a>&nbsp;&nbsp;&nbsp;rt_completion_wait
</UL>
<BR>[Called By]<UL><LI><a href="#[6f]">&gt;&gt;</a>&nbsp;&nbsp;&nbsp;rt_serial_write
</UL>

<P><STRONG><a name="[165]"></a>_serial_poll_tx</STRONG> (Thumb, 122 bytes, Stack size 24 bytes, serial.o(.text))
<BR><BR>[Stack]<UL><LI>Max Depth = 260<LI>Call Chain = _serial_poll_tx &rArr; rt_assert_handler &rArr; rt_kprintf &rArr; rt_vsnprintf &rArr; print_number &rArr; divide
</UL>
<BR>[Calls]<UL><LI><a href="#[a5]">&gt;&gt;</a>&nbsp;&nbsp;&nbsp;rt_assert_handler
</UL>
<BR>[Called By]<UL><LI><a href="#[6f]">&gt;&gt;</a>&nbsp;&nbsp;&nbsp;rt_serial_write
</UL>

<P><STRONG><a name="[166]"></a>_serial_check_buffer_size</STRONG> (Thumb, 72 bytes, Stack size 8 bytes, serial.o(.text))
<BR><BR>[Stack]<UL><LI>Max Depth = 220<LI>Call Chain = _serial_check_buffer_size &rArr; rt_kprintf &rArr; rt_vsnprintf &rArr; print_number &rArr; divide
</UL>
<BR>[Calls]<UL><LI><a href="#[d7]">&gt;&gt;</a>&nbsp;&nbsp;&nbsp;rt_kprintf
</UL>
<BR>[Called By]<UL><LI><a href="#[a8]">&gt;&gt;</a>&nbsp;&nbsp;&nbsp;rt_hw_serial_isr
</UL>

<P><STRONG><a name="[169]"></a>rt_list_init</STRONG> (Thumb, 16 bytes, Stack size 4 bytes, completion.o(.text))
<BR><BR>[Stack]<UL><LI>Max Depth = 4<LI>Call Chain = rt_list_init
</UL>
<BR>[Called By]<UL><LI><a href="#[161]">&gt;&gt;</a>&nbsp;&nbsp;&nbsp;rt_completion_init
</UL>

<P><STRONG><a name="[16a]"></a>rt_list_isempty</STRONG> (Thumb, 20 bytes, Stack size 4 bytes, completion.o(.text))
<BR><BR>[Stack]<UL><LI>Max Depth = 4<LI>Call Chain = rt_list_isempty
</UL>
<BR>[Called By]<UL><LI><a href="#[168]">&gt;&gt;</a>&nbsp;&nbsp;&nbsp;rt_completion_wait
<LI><a href="#[167]">&gt;&gt;</a>&nbsp;&nbsp;&nbsp;rt_completion_done
</UL>

<P><STRONG><a name="[16b]"></a>rt_list_insert_before</STRONG> (Thumb, 38 bytes, Stack size 8 bytes, completion.o(.text))
<BR><BR>[Stack]<UL><LI>Max Depth = 8<LI>Call Chain = rt_list_insert_before
</UL>
<BR>[Called By]<UL><LI><a href="#[168]">&gt;&gt;</a>&nbsp;&nbsp;&nbsp;rt_completion_wait
</UL>
<P>
<H3>
Undefined Global Symbols
</H3><HR></body></html>
