<html>
<body>
<pre>
<h1>µVision Build Log</h1>
<h2>Tool Versions:</h2>
IDE-Version: µVision V5.38.0.0
Copyright (C) 2022 ARM Ltd and ARM Germany GmbH. All rights reserved.
License Information: Jingyi Gao, flex, LIC=Y5IS8-M3M1B-6UQ4Q-1RQ25-62JWP-CGLZ6
 
Tool Versions:
Toolchain:       MDK-ARM Community  Version: 5.38.0.0
Toolchain Path:  C:\Keil_v5\ARM\ARMCLANG\Bin
C Compiler:      ArmClang.exe V6.19
Assembler:       Armasm.exe V6.19
Linker/Locator:  ArmLink.exe V6.19
Library Manager: ArmAr.exe V6.19
Hex Converter:   FromElf.exe V6.19
CPU DLL:         SARMCM3.DLL V5.38.0.0
Dialog DLL:      DCM.DLL V1.17.5.0
Target DLL:      CMSIS_AGDI.dll V1.33.15.0
Dialog DLL:      TCM.DLL V1.56.4.0
 
<h2>Project:</h2>
D:\Users\rx-ted\Desktop\N32-RTT\project\led\led.uvprojx
Project File Date:  12/28/2022

<h2>Output:</h2>
*** Using Compiler 'V6.19', folder: 'C:\Keil_v5\ARM\ARMCLANG\Bin'
Rebuild target 'led'
user/src/main.c(120): warning: GCC does not allow variable declarations in for loop initializers before C99 [-Wgcc-compat]
            for (uint8_t i = 0; i < 20; i++)
                 ^
1 warning generated.
compiling main.c...
compiling drv_usart.c...
compiling board.c...
compiling misc.c...
compiling n32g4fr_dma.c...
compiling n32g4fr_adc.c...
compiling n32g4fr_dbg.c...
compiling n32g4fr_bkp.c...
compiling n32g4fr_dvp.c...
compiling n32g4fr_dac.c...
compiling n32g4fr_crc.c...
compiling n32g4fr_it.c...
compiling n32g4fr_can.c...
compiling drv_gpio.c...
assembling startup_n32g4fr.s...
compiling n32g4fr_exti.c...
compiling n32g4fr_iwdg.c...
compiling n32g4fr_flash.c...
compiling n32g4fr_pwr.c...
compiling n32g4fr_gpio.c...
compiling n32g4fr_i2c.c...
compiling n32g4fr_qspi.c...
compiling n32g4fr_sdio.c...
compiling n32g4fr_rcc.c...
compiling n32g4fr_rtc.c...
compiling n32g4fr_wwdg.c...
compiling clock.c...
compiling n32g4fr_spi.c...
compiling n32g4fr_usart.c...
compiling n32g4fr_tsc.c...
compiling n32g4fr_tim.c...
compiling components.c...
compiling idle.c...
compiling device.c...
compiling cpu.c...
compiling memheap.c...
compiling irq.c...
compiling mem.c...
compiling mempool.c...
compiling scheduler.c...
compiling kservice.c...
compiling ipc.c...
compiling signal.c...
compiling object.c...
compiling slab.c...
compiling thread.c...
compiling pin.c...
compiling timer.c...
compiling serial.c...
compiling system_n32g4fr.c...
compiling cpuport.c...
compiling completion.c...
assembling context_rvds.S...
linking...
Program Size: Code=37116 RO-data=6604 RW-data=276 ZI-data=7304  
FromELF: creating hex file...
".\Objects\led.axf" - 0 Error(s), 1 Warning(s).

<h2>Software Packages used:</h2>

Package Vendor: Nationstech
                http://www.keil.com/pack/Nationstech.N32G4FR_DFP.1.0.4.pack
                Nationstech.N32G4FR_DFP.1.0.4
                Nationstech N32G4FR Series Device Support, Drivers and Examples

<h2>Collection of Component include folders:</h2>
  C:/Users/15524/AppData/Local/Arm/Packs/Nationstech/N32G4FR_DFP/1.0.4/firmware/CMSIS/device

<h2>Collection of Component Files used:</h2>
Build Time Elapsed:  00:00:06
</pre>
</body>
</html>
