Component: Arm Compiler for Embedded 6.19 Tool: armlink [5e73cb00]

==============================================================================

Section Cross References

    startup_n32g4fr.o(STACK) refers (Special) to heapauxi.o(.text) for __use_two_region_memory
    startup_n32g4fr.o(HEAP) refers (Special) to heapauxi.o(.text) for __use_two_region_memory
    startup_n32g4fr.o(RESET) refers (Special) to heapauxi.o(.text) for __use_two_region_memory
    startup_n32g4fr.o(RESET) refers to startup_n32g4fr.o(STACK) for __initial_sp
    startup_n32g4fr.o(RESET) refers to startup_n32g4fr.o(.text) for Reset_Handler
    startup_n32g4fr.o(RESET) refers to n32g4fr_it.o(.text) for NMI_Handler
    startup_n32g4fr.o(RESET) refers to context_rvds.o(.text) for HardFault_Handler
    startup_n32g4fr.o(RESET) refers to board.o(.text) for SysTick_Handler
    startup_n32g4fr.o(RESET) refers to drv_gpio.o(.text) for EXTI0_IRQHandler
    startup_n32g4fr.o(RESET) refers to drv_usart.o(.text) for USART1_IRQHandler
    startup_n32g4fr.o(.text) refers (Special) to heapauxi.o(.text) for __use_two_region_memory
    startup_n32g4fr.o(.text) refers to system_n32g4fr.o(.text) for SystemInit
    startup_n32g4fr.o(.text) refers to __main.o(!!!main) for __main
    startup_n32g4fr.o(.text) refers to startup_n32g4fr.o(HEAP) for Heap_Mem
    startup_n32g4fr.o(.text) refers to startup_n32g4fr.o(STACK) for Stack_Mem
    board.o(.text) refers to misc.o(.text) for NVIC_SetVectorTable
    board.o(.text) refers to irq.o(.text) for rt_interrupt_enter
    board.o(.text) refers to clock.o(.text) for rt_tick_increase
    board.o(.text) refers to system_n32g4fr.o(.data.SystemCoreClock) for SystemCoreClock
    board.o(.text) refers to mem.o(.text) for rt_system_heap_init
    board.o(.text) refers to components.o(.text) for rt_components_board_init
    board.o(.text) refers to board.o(.rodata.str1.1) for .L.str
    board.o(.text) refers to kservice.o(.text) for rt_console_set_device
    board.o(.ARM.exidx) refers to board.o(.text) for [Anonymous Symbol]
    main.o(.text) refers to pin.o(.text) for rt_pin_mode
    main.o(.text) refers to main.o(.bss.led0_stack) for led0_stack
    main.o(.text) refers to main.o(.bss.led0_thread) for led0_thread
    main.o(.text) refers to main.o(.rodata.str1.1) for .L.str
    main.o(.text) refers to thread.o(.text) for rt_thread_init
    main.o(.text) refers to main.o(.bss.led1_stack) for led1_stack
    main.o(.text) refers to main.o(.bss.led1_thread) for led1_thread
    main.o(.ARM.exidx) refers to main.o(.text) for [Anonymous Symbol]
    n32g4fr_it.o(.ARM.exidx) refers to n32g4fr_it.o(.text) for [Anonymous Symbol]
    drv_usart.o(.text) refers to irq.o(.text) for rt_interrupt_enter
    drv_usart.o(.text) refers to drv_usart.o(.bss.serial1) for serial1
    drv_usart.o(.text) refers to drv_usart.o(.rodata.str1.1) for .L.str
    drv_usart.o(.text) refers to kservice.o(.text) for rt_assert_handler
    drv_usart.o(.text) refers to n32g4fr_usart.o(.text) for USART_GetIntStatus
    drv_usart.o(.text) refers to serial.o(.text) for rt_hw_serial_isr
    drv_usart.o(.text) refers to n32g4fr_rcc.o(.text) for RCC_EnableAPB2PeriphClk
    drv_usart.o(.text) refers to n32g4fr_gpio.o(.text) for GPIO_InitPeripheral
    drv_usart.o(.text) refers to drv_usart.o(.rodata.uarts) for uarts
    drv_usart.o(.text) refers to drv_usart.o(.rodata.n32g4fr_uart_ops) for n32g4fr_uart_ops
    drv_usart.o(.text) refers to misc.o(.text) for NVIC_PriorityGroupConfig
    drv_usart.o(.ARM.exidx) refers to drv_usart.o(.text) for [Anonymous Symbol]
    drv_usart.o(.rodata.n32g4fr_uart_ops) refers to drv_usart.o(.text) for n32g4fr_configure
    drv_usart.o(.rodata.uarts) refers to drv_usart.o(.bss.serial1) for serial1
    drv_usart.o(.rodata.uarts) refers to drv_usart.o(.rodata.str1.1) for [Anonymous Symbol]
    drv_usart.o(.rti_fn.1) refers to drv_usart.o(.rodata.__rti_rt_hw_usart_init_name) for __rti_rt_hw_usart_init_name
    drv_usart.o(.rti_fn.1) refers to drv_usart.o(.text) for rt_hw_usart_init
    drv_gpio.o(.text) refers to n32g4fr_rcc.o(.text) for RCC_EnableAPB2PeriphClk
    drv_gpio.o(.text) refers to drv_gpio.o(.rodata.str1.1) for .L.str
    drv_gpio.o(.text) refers to drv_gpio.o(.rodata._N32G4FR_pin_ops) for _N32G4FR_pin_ops
    drv_gpio.o(.text) refers to pin.o(.text) for rt_device_pin_register
    drv_gpio.o(.text) refers to n32g4fr_exti.o(.text) for EXTI_GetITStatus
    drv_gpio.o(.text) refers to drv_gpio.o(.data.pin_irq_hdr_tab) for pin_irq_hdr_tab
    drv_gpio.o(.text) refers to irq.o(.text) for rt_interrupt_enter
    drv_gpio.o(.text) refers to n32g4fr_gpio.o(.text) for GPIO_InitPeripheral
    drv_gpio.o(.text) refers to context_rvds.o(.text) for rt_hw_interrupt_disable
    drv_gpio.o(.text) refers to drv_gpio.o(.rodata.pin_irq_map) for pin_irq_map
    drv_gpio.o(.text) refers to drv_gpio.o(.bss.pin_irq_enable_mask) for pin_irq_enable_mask
    drv_gpio.o(.text) refers to drv_gpio.o(.rodata.pins) for pins
[...]
    .L__FUNCTION__.rt_mutex_control          0x08009e47   Data          17  ipc.o(.rodata.str1.1)
    .L__FUNCTION__.rt_sem_init               0x08009e58   Data          12  ipc.o(.rodata.str1.1)
    .L__FUNCTION__.rt_mutex_init             0x08009e64   Data          14  ipc.o(.rodata.str1.1)
    .L.str.9                                 0x08009e72   Data          67  ipc.o(.rodata.str1.1)
    .L.str.6                                 0x08009eb5   Data          55  kservice.o(.rodata.str1.1)
    [Anonymous Symbol]                       0x08009eb5   Section        0  kservice.o(.rodata.str1.1)
    .L.str                                   0x08009eec   Data           9  kservice.o(.rodata.str1.1)
    .L.str.4                                 0x08009ef5   Data          42  kservice.o(.rodata.str1.1)
    .L.str.1                                 0x08009f1f   Data          36  kservice.o(.rodata.str1.1)
    .L.str.2                                 0x08009f43   Data          30  kservice.o(.rodata.str1.1)
    .L.str.5                                 0x08009f61   Data           7  kservice.o(.rodata.str1.1)
    .L.str.3                                 0x08009f68   Data          12  kservice.o(.rodata.str1.1)
    .L.str.10                                0x08009f74   Data          27  mem.o(.rodata.str1.1)
    [Anonymous Symbol]                       0x08009f74   Section        0  mem.o(.rodata.str1.1)
    .L.str.2                                 0x08009f8f   Data          58  mem.o(.rodata.str1.1)
    .L.str.11                                0x08009fc9   Data          48  mem.o(.rodata.str1.1)
    .L.str.4                                 0x08009ff9   Data          40  mem.o(.rodata.str1.1)
    .L.str.7                                 0x0800a021   Data          47  mem.o(.rodata.str1.1)
    .L.str.8                                 0x0800a050   Data          48  mem.o(.rodata.str1.1)
    .L.str.6                                 0x0800a080   Data          73  mem.o(.rodata.str1.1)
    .L.str.16                                0x0800a0c9   Data          15  mem.o(.rodata.str1.1)
    .L.str.13                                0x0800a0d8   Data          25  mem.o(.rodata.str1.1)
    .L__FUNCTION__.rt_realloc                0x0800a0f1   Data          11  mem.o(.rodata.str1.1)
    .L__FUNCTION__.rt_malloc                 0x0800a0fc   Data          10  mem.o(.rodata.str1.1)
    .L.str.12                                0x0800a106   Data          10  mem.o(.rodata.str1.1)
    .L.str.15                                0x0800a110   Data          43  mem.o(.rodata.str1.1)
    .L.str.9                                 0x0800a13b   Data          92  mem.o(.rodata.str1.1)
    .L.str.5                                 0x0800a197   Data          67  mem.o(.rodata.str1.1)
    .L__FUNCTION__.rt_free                   0x0800a1da   Data           8  mem.o(.rodata.str1.1)
    .L.str.3                                 0x0800a1e2   Data           5  mem.o(.rodata.str1.1)
    .L.str.14                                0x0800a1e7   Data          30  mem.o(.rodata.str1.1)
    .L__FUNCTION__.plug_holes                0x0800a205   Data          11  mem.o(.rodata.str1.1)
    .L__FUNCTION__.rt_system_heap_init       0x0800a210   Data          20  mem.o(.rodata.str1.1)
    .L.str.5                                 0x0800a224   Data          41  object.o(.rodata.str1.1)
    [Anonymous Symbol]                       0x0800a224   Section        0  object.o(.rodata.str1.1)
    .L.str.2                                 0x0800a24d   Data          18  object.o(.rodata.str1.1)
    .L__FUNCTION__.rt_object_find            0x0800a25f   Data          15  object.o(.rodata.str1.1)
    .L__FUNCTION__.rt_object_get_type        0x0800a26e   Data          19  object.o(.rodata.str1.1)
    .L__FUNCTION__.rt_object_allocate        0x0800a281   Data          19  object.o(.rodata.str1.1)
    .L__FUNCTION__.rt_object_delete          0x0800a294   Data          17  object.o(.rodata.str1.1)
    .L__FUNCTION__.rt_object_detach          0x0800a2a5   Data          17  object.o(.rodata.str1.1)
    .L.str.1                                 0x0800a2b6   Data          14  object.o(.rodata.str1.1)
    .L__FUNCTION__.rt_object_is_systemobject 0x0800a2c4   Data          26  object.o(.rodata.str1.1)
    .L__FUNCTION__.rt_object_init            0x0800a2de   Data          15  object.o(.rodata.str1.1)
    .L.str.2                                 0x0800a2ed   Data          53  scheduler.o(.rodata.str1.1)
    [Anonymous Symbol]                       0x0800a2ed   Section        0  scheduler.o(.rodata.str1.1)
    .L.str.1                                 0x0800a322   Data          26  scheduler.o(.rodata.str1.1)
    .L.str                                   0x0800a33c   Data          18  scheduler.o(.rodata.str1.1)
    .L.str                                   0x0800a33c   Data          18  scheduler.o(.rodata.str1.1)
    .L__FUNCTION__.rt_schedule_remove_thread 0x0800a34e   Data          26  scheduler.o(.rodata.str1.1)
    .L__FUNCTION__.rt_schedule_insert_thread 0x0800a368   Data          26  scheduler.o(.rodata.str1.1)
    .L__FUNCTION__._rt_scheduler_stack_check 0x0800a382   Data          26  scheduler.o(.rodata.str1.1)
    .L.str.4                                 0x0800a39c   Data          47  thread.o(.rodata.str1.1)
    [Anonymous Symbol]                       0x0800a39c   Section        0  thread.o(.rodata.str1.1)
    .L.str.7                                 0x0800a3cb   Data          58  thread.o(.rodata.str1.1)
    .L.str.5                                 0x0800a405   Data          59  thread.o(.rodata.str1.1)
    .L.str.6                                 0x0800a440   Data          16  thread.o(.rodata.str1.1)
    .L.str.1                                 0x0800a450   Data          23  thread.o(.rodata.str1.1)
    .L.str.2                                 0x0800a467   Data          55  thread.o(.rodata.str1.1)
    .L.str.9                                 0x0800a49e   Data          34  thread.o(.rodata.str1.1)
    .L.str.3                                 0x0800a4c0   Data          66  thread.o(.rodata.str1.1)
    .L__FUNCTION__.rt_thread_suspend         0x0800a502   Data          18  thread.o(.rodata.str1.1)
    .L__FUNCTION__.rt_thread_find            0x0800a514   Data          15  thread.o(.rodata.str1.1)
    .L__FUNCTION__.rt_thread_resume          0x0800a523   Data          17  thread.o(.rodata.str1.1)
    .L__FUNCTION__.rt_thread_delete          0x0800a534   Data          17  thread.o(.rodata.str1.1)
    .L__FUNCTION__.rt_thread_detach          0x0800a545   Data          17  thread.o(.rodata.str1.1)
    .L__FUNCTION__.rt_thread_delay_until     0x0800a556   Data          22  thread.o(.rodata.str1.1)
    .L__FUNCTION__.rt_thread_control         0x0800a56c   Data          18  thread.o(.rodata.str1.1)
    .L__FUNCTION__.rt_thread_sleep           0x0800a57e   Data          16  thread.o(.rodata.str1.1)
    .L__FUNCTION__.rt_thread_startup         0x0800a58e   Data          18  thread.o(.rodata.str1.1)
    .L__FUNCTION__._rt_thread_init           0x0800a5a0   Data          16  thread.o(.rodata.str1.1)
    .L__FUNCTION__.rt_thread_init            0x0800a5a1   Data          15  thread.o(.rodata.str1.1)
    .L__FUNCTION__.rt_thread_timeout         0x0800a5b0   Data          18  thread.o(.rodata.str1.1)
    .L.str.2                                 0x0800a5c2   Data          42  timer.o(.rodata.str1.1)
    [Anonymous Symbol]                       0x0800a5c2   Section        0  timer.o(.rodata.str1.1)
    .L.str.4                                 0x0800a5ec   Data          35  timer.o(.rodata.str1.1)
    .L.str.3                                 0x0800a60f   Data          54  timer.o(.rodata.str1.1)
    .L.str                                   0x0800a645   Data          17  timer.o(.rodata.str1.1)
    .L__FUNCTION__.rt_timer_delete           0x0800a656   Data          16  timer.o(.rodata.str1.1)
    .L__FUNCTION__.rt_timer_detach           0x0800a666   Data          16  timer.o(.rodata.str1.1)
    .L__FUNCTION__.rt_timer_control          0x0800a676   Data          17  timer.o(.rodata.str1.1)
    .L__FUNCTION__.rt_timer_stop             0x0800a687   Data          14  timer.o(.rodata.str1.1)
    .L.str.1                                 0x0800a695   Data          60  timer.o(.rodata.str1.1)
    .L__FUNCTION__.rt_timer_init             0x0800a6d1   Data          14  timer.o(.rodata.str1.1)
    .L__FUNCTION__.rt_timer_start            0x0800a6df   Data          15  timer.o(.rodata.str1.1)
    .L.str.1                                 0x0800a6ee   Data          15  pin.o(.rodata.str1.1)
    [Anonymous Symbol]                       0x0800a6ee   Section        0  pin.o(.rodata.str1.1)
    .L.str                                   0x0800a6fd   Data          23  pin.o(.rodata.str1.1)
    .L__FUNCTION__.rt_pin_read               0x0800a714   Data          12  pin.o(.rodata.str1.1)
    .L__FUNCTION__._pin_read                 0x0800a716   Data          10  pin.o(.rodata.str1.1)
    .L__FUNCTION__.rt_pin_mode               0x0800a720   Data          12  pin.o(.rodata.str1.1)
    .L__FUNCTION__.rt_pin_irq_enable         0x0800a72c   Data          18  pin.o(.rodata.str1.1)
    .L__FUNCTION__.rt_pin_write              0x0800a73e   Data          13  pin.o(.rodata.str1.1)
    .L__FUNCTION__._pin_write                0x0800a740   Data          11  pin.o(.rodata.str1.1)
    .L__FUNCTION__._pin_control              0x0800a74b   Data          13  pin.o(.rodata.str1.1)
    .L__FUNCTION__.rt_pin_detach_irq         0x0800a758   Data          18  pin.o(.rodata.str1.1)
    .L__FUNCTION__.rt_pin_attach_irq         0x0800a76a   Data          18  pin.o(.rodata.str1.1)
    .L.str.5                                 0x0800a77c   Data          10  serial.o(.rodata.str1.1)
    [Anonymous Symbol]                       0x0800a77c   Section        0  serial.o(.rodata.str1.1)
    .L.str.6                                 0x0800a786   Data          99  serial.o(.rodata.str1.1)
    .L.str.1                                 0x0800a7e9   Data          19  serial.o(.rodata.str1.1)
    .L.str.3                                 0x0800a7fc   Data          19  serial.o(.rodata.str1.1)
    .L.str.4                                 0x0800a80f   Data          14  serial.o(.rodata.str1.1)
    .L__FUNCTION__.rt_serial_read            0x0800a81d   Data          15  serial.o(.rodata.str1.1)
    .L__FUNCTION__.rt_serial_close           0x0800a82c   Data          16  serial.o(.rodata.str1.1)
    .L__FUNCTION__.rt_serial_write           0x0800a83c   Data          16  serial.o(.rodata.str1.1)
    .L__FUNCTION__.rt_serial_control         0x0800a84c   Data          18  serial.o(.rodata.str1.1)
    .L__FUNCTION__.rt_serial_open            0x0800a85e   Data          15  serial.o(.rodata.str1.1)
    .L__FUNCTION__.rt_hw_serial_register     0x0800a86d   Data          22  serial.o(.rodata.str1.1)
    .L__FUNCTION__.rt_hw_serial_isr          0x0800a883   Data          17  serial.o(.rodata.str1.1)
    .L__FUNCTION__.rt_serial_init            0x0800a894   Data          15  serial.o(.rodata.str1.1)
    .L__FUNCTION__._serial_poll_rx           0x0800a8a3   Data          16  serial.o(.rodata.str1.1)
    .L__FUNCTION__._serial_int_rx            0x0800a8b3   Data          15  serial.o(.rodata.str1.1)
    .L__FUNCTION__._serial_poll_tx           0x0800a8c2   Data          16  serial.o(.rodata.str1.1)
    .L__FUNCTION__._serial_int_tx            0x0800a8d2   Data          15  serial.o(.rodata.str1.1)
    .L.str.1                                 0x0800a8e1   Data          47  completion.o(.rodata.str1.1)
    [Anonymous Symbol]                       0x0800a8e1   Section        0  completion.o(.rodata.str1.1)
    .L.str                                   0x0800a910   Data          22  completion.o(.rodata.str1.1)
    .L__FUNCTION__.rt_completion_done        0x0800a926   Data          19  completion.o(.rodata.str1.1)
    .L__FUNCTION__.rt_completion_wait        0x0800a939   Data          19  completion.o(.rodata.str1.1)
    .L__FUNCTION__.rt_completion_init        0x0800a94c   Data          19  completion.o(.rodata.str1.1)
    .L.str.17                                0x0800a95f   Data          26  cpuport.o(.rodata.str1.1)
    [Anonymous Symbol]                       0x0800a95f   Section        0  cpuport.o(.rodata.str1.1)
    .L.str.16                                0x0800a979   Data          29  cpuport.o(.rodata.str1.1)
    .L.str.18                                0x0800a996   Data          14  cpuport.o(.rodata.str1.1)
    .L.str.19                                0x0800a9a4   Data          13  cpuport.o(.rodata.str1.1)
    .L.str.1                                 0x0800a9b1   Data          13  cpuport.o(.rodata.str1.1)
    .L.str.11                                0x0800a9be   Data          13  cpuport.o(.rodata.str1.1)
    .L.str.2                                 0x0800a9cb   Data          13  cpuport.o(.rodata.str1.1)
    .L.str.12                                0x0800a9d8   Data          13  cpuport.o(.rodata.str1.1)
    .L.str.3                                 0x0800a9e5   Data          13  cpuport.o(.rodata.str1.1)
    .L.str.13                                0x0800a9f2   Data          13  cpuport.o(.rodata.str1.1)
    .L.str.4                                 0x0800a9ff   Data          13  cpuport.o(.rodata.str1.1)
    .L.str.5                                 0x0800aa0c   Data          13  cpuport.o(.rodata.str1.1)
    .L.str.6                                 0x0800aa19   Data          13  cpuport.o(.rodata.str1.1)
    .L.str.7                                 0x0800aa26   Data          13  cpuport.o(.rodata.str1.1)
    .L.str.8                                 0x0800aa33   Data          13  cpuport.o(.rodata.str1.1)
    .L.str.9                                 0x0800aa40   Data          13  cpuport.o(.rodata.str1.1)
    .L.str.10                                0x0800aa4d   Data          13  cpuport.o(.rodata.str1.1)
    .L.str.15                                0x0800aa5a   Data          13  cpuport.o(.rodata.str1.1)
    .L.str.14                                0x0800aa67   Data          13  cpuport.o(.rodata.str1.1)
    .L.str                                   0x0800aa74   Data          13  cpuport.o(.rodata.str1.1)
    .L.str.7                                 0x0800aa7f   Data           2  cpuport.o(.rodata.str1.1)
    .L__FUNCTION__.rt_hw_cpu_shutdown        0x0800aa81   Data          19  cpuport.o(.rodata.str1.1)
    uarts                                    0x0800aa94   Data          52  drv_usart.o(.rodata.uarts)
    [Anonymous Symbol]                       0x0800aa94   Section        0  drv_usart.o(.rodata.uarts)
    __tagsym$$used.0                         0x0800aac8   Number         0  components.o(.rti_fn.0)
    __tagsym$$used.1                         0x0800aad0   Number         0  components.o(.rti_fn.0.end)
    __tagsym$$used.0                         0x0800aad8   Number         0  drv_usart.o(.rti_fn.1)
    __tagsym$$used.0                         0x0800aae0   Number         0  drv_gpio.o(.rti_fn.1)
    __tagsym$$used.2                         0x0800aae8   Number         0  components.o(.rti_fn.1.end)
    __tagsym$$used.3                         0x0800aaf0   Number         0  components.o(.rti_fn.6.end)
    pin_irq_hdr_tab                          0x20000004   Data         192  drv_gpio.o(.data.pin_irq_hdr_tab)
    [Anonymous Symbol]                       0x20000004   Section        0  drv_gpio.o(.data.pin_irq_hdr_tab)
    rt_object_container                      0x200000c4   Data          80  object.o(.data.rt_object_container)
    [Anonymous Symbol]                       0x200000c4   Section        0  object.o(.data.rt_object_container)
    .bss                                     0x20000118   Section       96  libspace.o(.bss)
    __rt_errno                               0x20000178   Data           4  kservice.o(.bss.__rt_errno)
    [Anonymous Symbol]                       0x20000178   Section        0  kservice.o(.bss.__rt_errno)
    _console_device                          0x2000017c   Data           4  kservice.o(.bss._console_device)
    [Anonymous Symbol]                       0x2000017c   Section        0  kservice.o(.bss._console_device)
    _hw_pin                                  0x20000180   Data          72  pin.o(.bss._hw_pin)
    [Anonymous Symbol]                       0x20000180   Section        0  pin.o(.bss._hw_pin)
    _serial_check_buffer_size.already_output 0x200001c8   Data           4  serial.o(.bss._serial_check_buffer_size.already_output)
    [Anonymous Symbol]                       0x200001c8   Section        0  serial.o(.bss._serial_check_buffer_size.already_output)
    heap_end                                 0x200001cc   Data           4  mem.o(.bss.heap_end)
    [Anonymous Symbol]                       0x200001cc   Section        0  mem.o(.bss.heap_end)
    heap_ptr                                 0x200001d0   Data           4  mem.o(.bss.heap_ptr)
    [Anonymous Symbol]                       0x200001d0   Section        0  mem.o(.bss.heap_ptr)
    heap_sem                                 0x200001d4   Data          32  mem.o(.bss.heap_sem)
    [Anonymous Symbol]                       0x200001d4   Section        0  mem.o(.bss.heap_sem)
    idle                                     0x200001f4   Data         120  idle.o(.bss.idle)
    [Anonymous Symbol]                       0x200001f4   Section        0  idle.o(.bss.idle)
    led0_stack                               0x2000026c   Data         512  main.o(.bss.led0_stack)
    [Anonymous Symbol]                       0x2000026c   Section        0  main.o(.bss.led0_stack)
    led0_thread                              0x2000046c   Data         120  main.o(.bss.led0_thread)
    [Anonymous Symbol]                       0x2000046c   Section        0  main.o(.bss.led0_thread)
    led1_stack                               0x200004e4   Data         512  main.o(.bss.led1_stack)
    [Anonymous Symbol]                       0x200004e4   Section        0  main.o(.bss.led1_stack)
    led1_thread                              0x200006e4   Data         120  main.o(.bss.led1_thread)
    [Anonymous Symbol]                       0x200006e4   Section        0  main.o(.bss.led1_thread)
    lfree                                    0x2000075c   Data           4  mem.o(.bss.lfree)
    [Anonymous Symbol]                       0x2000075c   Section        0  mem.o(.bss.lfree)
    max_mem                                  0x20000760   Data           4  mem.o(.bss.max_mem)
    [Anonymous Symbol]                       0x20000760   Section        0  mem.o(.bss.max_mem)
    mem_size_aligned                         0x20000764   Data           4  mem.o(.bss.mem_size_aligned)
    [Anonymous Symbol]                       0x20000764   Section        0  mem.o(.bss.mem_size_aligned)
    pin_irq_enable_mask                      0x20000768   Data           4  drv_gpio.o(.bss.pin_irq_enable_mask)
    [Anonymous Symbol]                       0x20000768   Section        0  drv_gpio.o(.bss.pin_irq_enable_mask)
    rt_exception_hook                        0x20000778   Data           4  cpuport.o(.bss.rt_exception_hook)
    [Anonymous Symbol]                       0x20000778   Section        0  cpuport.o(.bss.rt_exception_hook)
    rt_kprintf.rt_log_buf                    0x20000788   Data         128  kservice.o(.bss.rt_kprintf.rt_log_buf)
    [Anonymous Symbol]                       0x20000788   Section        0  kservice.o(.bss.rt_kprintf.rt_log_buf)
    rt_scheduler_lock_nest                   0x20000808   Data           2  scheduler.o(.bss.rt_scheduler_lock_nest)
    [Anonymous Symbol]                       0x20000808   Section        0  scheduler.o(.bss.rt_scheduler_lock_nest)
    rt_thread_stack                          0x20000918   Data         256  idle.o(.bss.rt_thread_stack)
    [Anonymous Symbol]                       0x20000918   Section        0  idle.o(.bss.rt_thread_stack)
    rt_tick                                  0x20000a1c   Data           4  clock.o(.bss.rt_tick)
    [Anonymous Symbol]                       0x20000a1c   Section        0  clock.o(.bss.rt_tick)
    rt_timer_list                            0x20000a20   Data           8  timer.o(.bss.rt_timer_list)
    [Anonymous Symbol]                       0x20000a20   Section        0  timer.o(.bss.rt_timer_list)
    rt_timer_start.random_nr                 0x20000a28   Data           4  timer.o(.bss.rt_timer_start.random_nr)
    [Anonymous Symbol]                       0x20000a28   Section        0  timer.o(.bss.rt_timer_start.random_nr)
    used_mem                                 0x20000a88   Data           4  mem.o(.bss.used_mem)
    [Anonymous Symbol]                       0x20000a88   Section        0  mem.o(.bss.used_mem)
    Heap_Mem                                 0x20000a90   Data         768  startup_n32g4fr.o(HEAP)
    HEAP                                     0x20000a90   Section      768  startup_n32g4fr.o(HEAP)
    Stack_Mem                                0x20000d90   Data        5376  startup_n32g4fr.o(STACK)
    STACK                                    0x20000d90   Section     5376  startup_n32g4fr.o(STACK)
    __initial_sp                             0x20002290   Data           0  startup_n32g4fr.o(STACK)

    Global Symbols

    Symbol Name                              Value     Ov Type        Size  Object(Section)

    BuildAttributes$$THM_ISAv4$E$P$D$K$B$S$7EM$VFPi3$EXTD16$VFPS$VFMA$PE$A:L22UL41UL21$X:L11$S22US41US21$IEEE1$IW$~IW$USESV6$~STKCKD$USESV7$WCHAR32$ENUMINT$~SHL$OSPACE$ROPI$EBA8$UX$STANDARDLIB$REQ8$PRES8$EABIv2 0x00000000   Number         0  anon$$obj.o ABSOLUTE
    __ARM_exceptions_init                     - Undefined Weak Reference
    __alloca_initialize                       - Undefined Weak Reference
    __arm_preinit_                            - Undefined Weak Reference
    __arm_relocate_pie_                       - Undefined Weak Reference
    __cpp_initialize__aeabi_                  - Undefined Weak Reference
    __cxa_finalize                            - Undefined Weak Reference
    __rt_locale                               - Undefined Weak Reference
    __sigvec_lookup                           - Undefined Weak Reference
    _atexit_init                              - Undefined Weak Reference
    _call_atexit_fns                          - Undefined Weak Reference
    _clock_init                               - Undefined Weak Reference
    _fp_trap_init                             - Undefined Weak Reference
    _fp_trap_shutdown                         - Undefined Weak Reference
    _get_lc_collate                           - Undefined Weak Reference
    _get_lc_ctype                             - Undefined Weak Reference
    _get_lc_monetary                          - Undefined Weak Reference
    _get_lc_numeric                           - Undefined Weak Reference
    _get_lc_time                              - Undefined Weak Reference
    _getenv_init                              - Undefined Weak Reference
    _handle_redirection                       - Undefined Weak Reference
    _init_alloc                               - Undefined Weak Reference
    _init_user_alloc                          - Undefined Weak Reference
    _initio                                   - Undefined Weak Reference
    _rand_init                                - Undefined Weak Reference
    _signal_finish                            - Undefined Weak Reference
    _signal_init                              - Undefined Weak Reference
    _terminate_alloc                          - Undefined Weak Reference
    _terminate_user_alloc                     - Undefined Weak Reference
    _terminateio                              - Undefined Weak Reference
    __Vectors_Size                           0x00000198   Number         0  startup_n32g4fr.o ABSOLUTE
    __Vectors                                0x08000000   Data           4  startup_n32g4fr.o(RESET)
    __Vectors_End                            0x08000198   Data           0  startup_n32g4fr.o(RESET)
    __main                                   0x08000199   Thumb Code     8  __main.o(!!!main)
    __scatterload                            0x080001a1   Thumb Code     0  __scatter.o(!!!scatter)
    __scatterload_rt2                        0x080001a1   Thumb Code    44  __scatter.o(!!!scatter)
    __scatterload_rt2_thumb_only             0x080001a1   Thumb Code     0  __scatter.o(!!!scatter)
    __scatterload_null                       0x080001af   Thumb Code     0  __scatter.o(!!!scatter)
    __scatterload_copy                       0x080001d5   Thumb Code    26  __scatter_copy.o(!!handler_copy)
    __scatterload_zeroinit                   0x080001f1   Thumb Code    28  __scatter_zi.o(!!handler_zi)
    __rt_lib_init                            0x0800020d   Thumb Code     0  libinit.o(.ARM.Collect$$libinit$$00000000)
    __rt_lib_init_fp_1                       0x0800020f   Thumb Code     0  libinit2.o(.ARM.Collect$$libinit$$00000001)
    __rt_lib_init_alloca_1                   0x08000213   Thumb Code     0  libinit2.o(.ARM.Collect$$libinit$$00000030)
    __rt_lib_init_argv_1                     0x08000213   Thumb Code     0  libinit2.o(.ARM.Collect$$libinit$$0000002E)
    __rt_lib_init_atexit_1                   0x08000213   Thumb Code     0  libinit2.o(.ARM.Collect$$libinit$$0000001D)
    __rt_lib_init_clock_1                    0x08000213   Thumb Code     0  libinit2.o(.ARM.Collect$$libinit$$00000023)
    __rt_lib_init_cpp_1                      0x08000213   Thumb Code     0  libinit2.o(.ARM.Collect$$libinit$$00000034)
    __rt_lib_init_exceptions_1               0x08000213   Thumb Code     0  libinit2.o(.ARM.Collect$$libinit$$00000032)
    __rt_lib_init_fp_trap_1                  0x08000213   Thumb Code     0  libinit2.o(.ARM.Collect$$libinit$$00000021)
    __rt_lib_init_getenv_1                   0x08000213   Thumb Code     0  libinit2.o(.ARM.Collect$$libinit$$00000025)
    __rt_lib_init_heap_1                     0x08000213   Thumb Code     0  libinit2.o(.ARM.Collect$$libinit$$0000000C)
    __rt_lib_init_lc_collate_1               0x08000213   Thumb Code     0  libinit2.o(.ARM.Collect$$libinit$$00000013)
    __rt_lib_init_lc_ctype_1                 0x08000213   Thumb Code     0  libinit2.o(.ARM.Collect$$libinit$$00000015)
    __rt_lib_init_lc_monetary_1              0x08000213   Thumb Code     0  libinit2.o(.ARM.Collect$$libinit$$00000017)
    __rt_lib_init_lc_numeric_1               0x08000213   Thumb Code     0  libinit2.o(.ARM.Collect$$libinit$$00000019)
    __rt_lib_init_lc_time_1                  0x08000213   Thumb Code     0  libinit2.o(.ARM.Collect$$libinit$$0000001B)
    __rt_lib_init_preinit_1                  0x08000213   Thumb Code     0  libinit2.o(.ARM.Collect$$libinit$$00000006)
    __rt_lib_init_rand_1                     0x08000213   Thumb Code     0  libinit2.o(.ARM.Collect$$libinit$$00000010)
    __rt_lib_init_relocate_pie_1             0x08000213   Thumb Code     0  libinit2.o(.ARM.Collect$$libinit$$00000004)
    __rt_lib_init_return                     0x08000213   Thumb Code     0  libinit2.o(.ARM.Collect$$libinit$$00000035)
    __rt_lib_init_signal_1                   0x08000213   Thumb Code     0  libinit2.o(.ARM.Collect$$libinit$$0000001F)
    __rt_lib_init_stdio_1                    0x08000213   Thumb Code     0  libinit2.o(.ARM.Collect$$libinit$$00000027)
    __rt_lib_init_user_alloc_1               0x08000213   Thumb Code     0  libinit2.o(.ARM.Collect$$libinit$$0000000E)
    __rt_lib_shutdown                        0x08000215   Thumb Code     0  libshutdown.o(.ARM.Collect$$libshutdown$$00000000)
    __rt_lib_shutdown_cpp_1                  0x08000217   Thumb Code     0  libshutdown2.o(.ARM.Collect$$libshutdown$$00000002)
    __rt_lib_shutdown_fp_trap_1              0x08000217   Thumb Code     0  libshutdown2.o(.ARM.Collect$$libshutdown$$00000007)
    __rt_lib_shutdown_heap_1                 0x08000217   Thumb Code     0  libshutdown2.o(.ARM.Collect$$libshutdown$$0000000F)
    __rt_lib_shutdown_return                 0x08000217   Thumb Code     0  libshutdown2.o(.ARM.Collect$$libshutdown$$00000010)
    __rt_lib_shutdown_signal_1               0x08000217   Thumb Code     0  libshutdown2.o(.ARM.Collect$$libshutdown$$0000000A)
    __rt_lib_shutdown_stdio_1                0x08000217   Thumb Code     0  libshutdown2.o(.ARM.Collect$$libshutdown$$00000004)
    __rt_lib_shutdown_user_alloc_1           0x08000217   Thumb Code     0  libshutdown2.o(.ARM.Collect$$libshutdown$$0000000C)
    __rt_entry                               0x08000219   Thumb Code     0  __rtentry.o(.ARM.Collect$$rtentry$$00000000)
    __rt_entry_presh_1                       0x08000219   Thumb Code     0  __rtentry2.o(.ARM.Collect$$rtentry$$00000002)
    __rt_entry_sh                            0x08000219   Thumb Code     0  __rtentry4.o(.ARM.Collect$$rtentry$$00000004)
    __rt_entry_li                            0x0800021f   Thumb Code     0  __rtentry2.o(.ARM.Collect$$rtentry$$0000000A)
    __rt_entry_postsh_1                      0x0800021f   Thumb Code     0  __rtentry2.o(.ARM.Collect$$rtentry$$00000009)
    __rt_entry_main                          0x08000223   Thumb Code     0  __rtentry2.o(.ARM.Collect$$rtentry$$0000000D)
    __rt_entry_postli_1                      0x08000223   Thumb Code     0  __rtentry2.o(.ARM.Collect$$rtentry$$0000000C)
    __rt_exit                                0x0800022b   Thumb Code     0  rtexit.o(.ARM.Collect$$rtexit$$00000000)
    __rt_exit_ls                             0x0800022d   Thumb Code     0  rtexit2.o(.ARM.Collect$$rtexit$$00000003)
    __rt_exit_prels_1                        0x0800022d   Thumb Code     0  rtexit2.o(.ARM.Collect$$rtexit$$00000002)
    __rt_exit_exit                           0x08000231   Thumb Code     0  rtexit2.o(.ARM.Collect$$rtexit$$00000004)
    Reset_Handler                            0x08000239   Thumb Code     8  startup_n32g4fr.o(.text)
    ADC1_2_IRQHandler                        0x08000253   Thumb Code     0  startup_n32g4fr.o(.text)
    CAN1_RX1_IRQHandler                      0x08000253   Thumb Code     0  startup_n32g4fr.o(.text)
    CAN1_SCE_IRQHandler                      0x08000253   Thumb Code     0  startup_n32g4fr.o(.text)
    CAN2_RX0_IRQHandler                      0x08000253   Thumb Code     0  startup_n32g4fr.o(.text)
    CAN2_RX1_IRQHandler                      0x08000253   Thumb Code     0  startup_n32g4fr.o(.text)
    CAN2_SCE_IRQHandler                      0x08000253   Thumb Code     0  startup_n32g4fr.o(.text)
    CAN2_TX_IRQHandler                       0x08000253   Thumb Code     0  startup_n32g4fr.o(.text)
    DMA1_Channel1_IRQHandler                 0x08000253   Thumb Code     0  startup_n32g4fr.o(.text)
    DMA1_Channel2_IRQHandler                 0x08000253   Thumb Code     0  startup_n32g4fr.o(.text)
    DMA1_Channel3_IRQHandler                 0x08000253   Thumb Code     0  startup_n32g4fr.o(.text)
    DMA1_Channel4_IRQHandler                 0x08000253   Thumb Code     0  startup_n32g4fr.o(.text)
    DMA1_Channel5_IRQHandler                 0x08000253   Thumb Code     0  startup_n32g4fr.o(.text)
    DMA1_Channel6_IRQHandler                 0x08000253   Thumb Code     0  startup_n32g4fr.o(.text)
    DMA1_Channel7_IRQHandler                 0x08000253   Thumb Code     0  startup_n32g4fr.o(.text)
    DMA1_Channel8_IRQHandler                 0x08000253   Thumb Code     0  startup_n32g4fr.o(.text)
    DMA2_Channel1_IRQHandler                 0x08000253   Thumb Code     0  startup_n32g4fr.o(.text)
    DMA2_Channel2_IRQHandler                 0x08000253   Thumb Code     0  startup_n32g4fr.o(.text)
    DMA2_Channel3_IRQHandler                 0x08000253   Thumb Code     0  startup_n32g4fr.o(.text)
    DMA2_Channel4_IRQHandler                 0x08000253   Thumb Code     0  startup_n32g4fr.o(.text)
    DMA2_Channel5_IRQHandler                 0x08000253   Thumb Code     0  startup_n32g4fr.o(.text)
    DMA2_Channel6_IRQHandler                 0x08000253   Thumb Code     0  startup_n32g4fr.o(.text)
    DMA2_Channel7_IRQHandler                 0x08000253   Thumb Code     0  startup_n32g4fr.o(.text)
    DMA2_Channel8_IRQHandler                 0x08000253   Thumb Code     0  startup_n32g4fr.o(.text)
    DVP_IRQHandler                           0x08000253   Thumb Code     0  startup_n32g4fr.o(.text)
    FLASH_IRQHandler                         0x08000253   Thumb Code     0  startup_n32g4fr.o(.text)
    I2C1_ER_IRQHandler                       0x08000253   Thumb Code     0  startup_n32g4fr.o(.text)
    I2C1_EV_IRQHandler                       0x08000253   Thumb Code     0  startup_n32g4fr.o(.text)
    I2C2_ER_IRQHandler                       0x08000253   Thumb Code     0  startup_n32g4fr.o(.text)
    I2C2_EV_IRQHandler                       0x08000253   Thumb Code     0  startup_n32g4fr.o(.text)
    I2C3_ER_IRQHandler                       0x08000253   Thumb Code     0  startup_n32g4fr.o(.text)
    I2C3_EV_IRQHandler                       0x08000253   Thumb Code     0  startup_n32g4fr.o(.text)
    I2C4_ER_IRQHandler                       0x08000253   Thumb Code     0  startup_n32g4fr.o(.text)
    I2C4_EV_IRQHandler                       0x08000253   Thumb Code     0  startup_n32g4fr.o(.text)
    MMU_IRQHandler                           0x08000253   Thumb Code     0  startup_n32g4fr.o(.text)
    PVD_IRQHandler                           0x08000253   Thumb Code     0  startup_n32g4fr.o(.text)
    QSPI_IRQHandler                          0x08000253   Thumb Code     0  startup_n32g4fr.o(.text)
    RCC_IRQHandler                           0x08000253   Thumb Code     0  startup_n32g4fr.o(.text)
    RSRAM_IRQHandler                         0x08000253   Thumb Code     0  startup_n32g4fr.o(.text)
    RTCAlarm_IRQHandler                      0x08000253   Thumb Code     0  startup_n32g4fr.o(.text)
    RTC_WKUP_IRQHandler                      0x08000253   Thumb Code     0  startup_n32g4fr.o(.text)
    SAC_IRQHandler                           0x08000253   Thumb Code     0  startup_n32g4fr.o(.text)
    SDIO_IRQHandler                          0x08000253   Thumb Code     0  startup_n32g4fr.o(.text)
    SPI1_IRQHandler                          0x08000253   Thumb Code     0  startup_n32g4fr.o(.text)
    SPI2_IRQHandler                          0x08000253   Thumb Code     0  startup_n32g4fr.o(.text)
    SPI3_IRQHandler                          0x08000253   Thumb Code     0  startup_n32g4fr.o(.text)
    TAMPER_IRQHandler                        0x08000253   Thumb Code     0  startup_n32g4fr.o(.text)
    TIM1_BRK_IRQHandler                      0x08000253   Thumb Code     0  startup_n32g4fr.o(.text)
    TIM1_CC_IRQHandler                       0x08000253   Thumb Code     0  startup_n32g4fr.o(.text)
    TIM1_TRG_COM_IRQHandler                  0x08000253   Thumb Code     0  startup_n32g4fr.o(.text)
    TIM1_UP_IRQHandler                       0x08000253   Thumb Code     0  startup_n32g4fr.o(.text)
    TIM2_IRQHandler                          0x08000253   Thumb Code     0  startup_n32g4fr.o(.text)
    TIM3_IRQHandler                          0x08000253   Thumb Code     0  startup_n32g4fr.o(.text)
    TIM4_IRQHandler                          0x08000253   Thumb Code     0  startup_n32g4fr.o(.text)
    TIM5_IRQHandler                          0x08000253   Thumb Code     0  startup_n32g4fr.o(.text)
    TIM6_IRQHandler                          0x08000253   Thumb Code     0  startup_n32g4fr.o(.text)
    TIM7_IRQHandler                          0x08000253   Thumb Code     0  startup_n32g4fr.o(.text)
    TIM8_BRK_IRQHandler                      0x08000253   Thumb Code     0  startup_n32g4fr.o(.text)
    TIM8_CC_IRQHandler                       0x08000253   Thumb Code     0  startup_n32g4fr.o(.text)
    TIM8_TRG_COM_IRQHandler                  0x08000253   Thumb Code     0  startup_n32g4fr.o(.text)
    TIM8_UP_IRQHandler                       0x08000253   Thumb Code     0  startup_n32g4fr.o(.text)
    TSC_IRQHandler                           0x08000253   Thumb Code     0  startup_n32g4fr.o(.text)
    UART4_IRQHandler                         0x08000253   Thumb Code     0  startup_n32g4fr.o(.text)
    UART5_IRQHandler                         0x08000253   Thumb Code     0  startup_n32g4fr.o(.text)
    UART6_IRQHandler                         0x08000253   Thumb Code     0  startup_n32g4fr.o(.text)
    UART7_IRQHandler                         0x08000253   Thumb Code     0  startup_n32g4fr.o(.text)
    USART2_IRQHandler                        0x08000253   Thumb Code     0  startup_n32g4fr.o(.text)
    USART3_IRQHandler                        0x08000253   Thumb Code     0  startup_n32g4fr.o(.text)
    USBWakeUp_IRQHandler                     0x08000253   Thumb Code     0  startup_n32g4fr.o(.text)
    USB_HP_CAN1_TX_IRQHandler                0x08000253   Thumb Code     0  startup_n32g4fr.o(.text)
    USB_LP_CAN1_RX0_IRQHandler               0x08000253   Thumb Code     0  startup_n32g4fr.o(.text)
    WWDG_IRQHandler                          0x08000253   Thumb Code     0  startup_n32g4fr.o(.text)
    __user_initial_stackheap                 0x08000255   Thumb Code     0  startup_n32g4fr.o(.text)
    NVIC_Configuration                       0x08000279   Thumb Code    14  board.o(.text)
    SysTick_Handler                          0x08000289   Thumb Code    16  board.o(.text)
    rt_hw_board_init                         0x08000299   Thumb Code    72  board.o(.text)
    $Super$$main                             0x08000371   Thumb Code   188  main.o(.text)
    NMI_Handler                              0x08000485   Thumb Code     2  n32g4fr_it.o(.text)
    MemManage_Handler                        0x08000489   Thumb Code     4  n32g4fr_it.o(.text)
    BusFault_Handler                         0x0800048d   Thumb Code     4  n32g4fr_it.o(.text)
    UsageFault_Handler                       0x08000491   Thumb Code     4  n32g4fr_it.o(.text)
    SVC_Handler                              0x08000495   Thumb Code     2  n32g4fr_it.o(.text)
    DebugMon_Handler                         0x08000499   Thumb Code     2  n32g4fr_it.o(.text)
    DMA_IRQ_HANDLER                          0x0800049d   Thumb Code     2  n32g4fr_it.o(.text)
    USART1_IRQHandler                        0x080004a1   Thumb Code    24  drv_usart.o(.text)
    n32g4fr_uart_gpio_init                   0x08000539   Thumb Code   212  drv_usart.o(.text)
    rt_hw_usart_init                         0x08000675   Thumb Code   124  drv_usart.o(.text)
    rt_hw_pin_init                           0x080009d1   Thumb Code    56  drv_gpio.o(.text)
    N32G4FR_GPIO_EXTI_IRQHandler             0x08000a09   Thumb Code    50  drv_gpio.o(.text)
    EXTI0_IRQHandler                         0x08000a79   Thumb Code    18  drv_gpio.o(.text)
    EXTI1_IRQHandler                         0x08000a8d   Thumb Code    18  drv_gpio.o(.text)
    EXTI2_IRQHandler                         0x08000aa1   Thumb Code    18  drv_gpio.o(.text)
    EXTI3_IRQHandler                         0x08000ab5   Thumb Code    18  drv_gpio.o(.text)
    EXTI4_IRQHandler                         0x08000ac9   Thumb Code    18  drv_gpio.o(.text)
    EXTI9_5_IRQHandler                       0x08000add   Thumb Code    42  drv_gpio.o(.text)
    EXTI15_10_IRQHandler                     0x08000b09   Thumb Code    48  drv_gpio.o(.text)
    GPIOInit                                 0x08000b39   Thumb Code   194  drv_gpio.o(.text)
    NVIC_PriorityGroupConfig                 0x080012c5   Thumb Code    28  misc.o(.text)
    NVIC_Init                                0x080012e1   Thumb Code   170  misc.o(.text)
    NVIC_SetVectorTable                      0x0800138d   Thumb Code    36  misc.o(.text)
    NVIC_SystemLPConfig                      0x080013b1   Thumb Code    58  misc.o(.text)
    SysTick_CLKSourceConfig                  0x080013ed   Thumb Code    34  misc.o(.text)
    EXTI_DeInit                              0x08001411   Thumb Code    62  n32g4fr_exti.o(.text)
    EXTI_InitPeripheral                      0x08001451   Thumb Code   234  n32g4fr_exti.o(.text)
    EXTI_InitStruct                          0x0800153d   Thumb Code    28  n32g4fr_exti.o(.text)
    EXTI_TriggerSWInt                        0x08001559   Thumb Code    24  n32g4fr_exti.o(.text)
    EXTI_GetStatusFlag                       0x08001571   Thumb Code    44  n32g4fr_exti.o(.text)
    EXTI_ClrStatusFlag                       0x0800159d   Thumb Code    20  n32g4fr_exti.o(.text)
    EXTI_GetITStatus                         0x080015b1   Thumb Code    68  n32g4fr_exti.o(.text)
    EXTI_ClrITPendBit                        0x080015f5   Thumb Code    20  n32g4fr_exti.o(.text)
    EXTI_RTCTimeStampSel                     0x08001609   Thumb Code    32  n32g4fr_exti.o(.text)
    GPIO_DeInit                              0x08001629   Thumb Code   200  n32g4fr_gpio.o(.text)
    GPIO_AFIOInitDefault                     0x080016f1   Thumb Code    26  n32g4fr_gpio.o(.text)
    GPIO_InitPeripheral                      0x0800170d   Thumb Code   390  n32g4fr_gpio.o(.text)
    GPIO_InitStruct                          0x08001895   Thumb Code    28  n32g4fr_gpio.o(.text)
    GPIO_ReadInputDataBit                    0x080018b1   Thumb Code    52  n32g4fr_gpio.o(.text)
    GPIO_ReadInputData                       0x080018e5   Thumb Code    14  n32g4fr_gpio.o(.text)
    GPIO_ReadOutputDataBit                   0x080018f5   Thumb Code    52  n32g4fr_gpio.o(.text)
    GPIO_ReadOutputData                      0x08001929   Thumb Code    14  n32g4fr_gpio.o(.text)
    GPIO_SetBits                             0x08001939   Thumb Code    20  n32g4fr_gpio.o(.text)
    GPIO_SetBitsHigh16                       0x0800194d   Thumb Code    16  n32g4fr_gpio.o(.text)
    GPIO_ResetBits                           0x0800195d   Thumb Code    20  n32g4fr_gpio.o(.text)
    GPIO_WriteBit                            0x08001971   Thumb Code    40  n32g4fr_gpio.o(.text)
    GPIO_Write                               0x08001999   Thumb Code    20  n32g4fr_gpio.o(.text)
    GPIO_ConfigPinLock                       0x080019ad   Thumb Code    60  n32g4fr_gpio.o(.text)
    GPIO_ConfigEventOutput                   0x080019e9   Thumb Code    64  n32g4fr_gpio.o(.text)
    GPIO_CtrlEventOutput                     0x08001a29   Thumb Code    18  n32g4fr_gpio.o(.text)
    GPIO_ConfigPinRemap                      0x08001a3d   Thumb Code   974  n32g4fr_gpio.o(.text)
    GPIO_ConfigEXTILine                      0x08001e0d   Thumb Code    84  n32g4fr_gpio.o(.text)
    GPIO_ETH_ConfigMediaInterface            0x08001e61   Thumb Code    30  n32g4fr_gpio.o(.text)
    RCC_DeInit                               0x08001e81   Thumb Code   118  n32g4fr_rcc.o(.text)
    RCC_ConfigHse                            0x08001ef9   Thumb Code    92  n32g4fr_rcc.o(.text)
    RCC_WaitHseStable                        0x08001f55   Thumb Code    94  n32g4fr_rcc.o(.text)
    RCC_GetFlagStatus                        0x08001fb5   Thumb Code   122  n32g4fr_rcc.o(.text)
    RCC_SetHsiCalibValue                     0x08002031   Thumb Code    50  n32g4fr_rcc.o(.text)
    RCC_EnableHsi                            0x08002065   Thumb Code    18  n32g4fr_rcc.o(.text)
    RCC_ConfigPll                            0x08002079   Thumb Code    56  n32g4fr_rcc.o(.text)
    RCC_EnablePll                            0x080020b1   Thumb Code    18  n32g4fr_rcc.o(.text)
    RCC_ConfigSysclk                         0x080020c5   Thumb Code    44  n32g4fr_rcc.o(.text)
    RCC_GetSysclkSrc                         0x080020f1   Thumb Code    16  n32g4fr_rcc.o(.text)
    RCC_ConfigHclk                           0x08002101   Thumb Code    44  n32g4fr_rcc.o(.text)
    RCC_ConfigPclk1                          0x0800212d   Thumb Code    44  n32g4fr_rcc.o(.text)
    RCC_ConfigPclk2                          0x08002159   Thumb Code    46  n32g4fr_rcc.o(.text)
    RCC_ConfigInt                            0x08002189   Thumb Code    58  n32g4fr_rcc.o(.text)
    RCC_ConfigUsbClk                         0x080021c5   Thumb Code    30  n32g4fr_rcc.o(.text)
    RCC_ConfigTim18Clk                       0x080021e5   Thumb Code    44  n32g4fr_rcc.o(.text)
    RCC_ConfigRngcClk                        0x08002211   Thumb Code    44  n32g4fr_rcc.o(.text)
    RCC_ConfigAdc1mClk                       0x0800223d   Thumb Code    62  n32g4fr_rcc.o(.text)
    RCC_ConfigAdcPllClk                      0x0800227d   Thumb Code    80  n32g4fr_rcc.o(.text)
    RCC_ConfigAdcHclk                        0x080022cd   Thumb Code    44  n32g4fr_rcc.o(.text)
    RCC_ConfigTrng1mClk                      0x080022f9   Thumb Code    62  n32g4fr_rcc.o(.text)
    RCC_EnableTrng1mClk                      0x08002339   Thumb Code    50  n32g4fr_rcc.o(.text)
    RCC_ConfigLse                            0x0800236d   Thumb Code    76  n32g4fr_rcc.o(.text)
    RCC_EnableLsi                            0x080023b9   Thumb Code    20  n32g4fr_rcc.o(.text)
    RCC_ConfigRtcClk                         0x080023cd   Thumb Code    32  n32g4fr_rcc.o(.text)
    RCC_EnableRtcClk                         0x080023ed   Thumb Code    20  n32g4fr_rcc.o(.text)
    RCC_GetClocksFreqValue                   0x08002401   Thumb Code   452  n32g4fr_rcc.o(.text)
    RCC_EnableAHBPeriphClk                   0x080025c5   Thumb Code    52  n32g4fr_rcc.o(.text)
    RCC_EnableAPB2PeriphClk                  0x080025f9   Thumb Code    52  n32g4fr_rcc.o(.text)
    RCC_EnableAPB1PeriphClk                  0x0800262d   Thumb Code    52  n32g4fr_rcc.o(.text)
    RCC_EnableAHBPeriphReset                 0x08002661   Thumb Code    52  n32g4fr_rcc.o(.text)
    RCC_EnableAPB2PeriphReset                0x08002695   Thumb Code    52  n32g4fr_rcc.o(.text)
    RCC_EnableAPB1PeriphReset                0x080026c9   Thumb Code    52  n32g4fr_rcc.o(.text)
    RCC_EnableBORReset                       0x080026fd   Thumb Code    50  n32g4fr_rcc.o(.text)
    RCC_EnableBackupReset                    0x08002731   Thumb Code    20  n32g4fr_rcc.o(.text)
    RCC_EnableClockSecuritySystem            0x08002745   Thumb Code    18  n32g4fr_rcc.o(.text)
    RCC_ConfigMcoPllClk                      0x08002759   Thumb Code    44  n32g4fr_rcc.o(.text)
    RCC_ConfigMco                            0x08002785   Thumb Code    50  n32g4fr_rcc.o(.text)
    RCC_ClrFlag                              0x080027b9   Thumb Code    26  n32g4fr_rcc.o(.text)
    RCC_GetIntStatus                         0x080027d5   Thumb Code    48  n32g4fr_rcc.o(.text)
    RCC_ClrIntPendingBit                     0x08002805   Thumb Code    24  n32g4fr_rcc.o(.text)
    USART_DeInit                             0x0800281d   Thumb Code   288  n32g4fr_usart.o(.text)
    USART_Init                               0x0800293d   Thumb Code   334  n32g4fr_usart.o(.text)
    USART_StructInit                         0x08002a8d   Thumb Code    40  n32g4fr_usart.o(.text)
    USART_ClockInit                          0x08002ab5   Thumb Code    58  n32g4fr_usart.o(.text)
    USART_ClockStructInit                    0x08002af1   Thumb Code    26  n32g4fr_usart.o(.text)
    USART_Enable                             0x08002b0d   Thumb Code    40  n32g4fr_usart.o(.text)
    USART_ConfigInt                          0x08002b35   Thumb Code   142  n32g4fr_usart.o(.text)
    USART_EnableDMA                          0x08002bc5   Thumb Code    48  n32g4fr_usart.o(.text)
    USART_SetAddr                            0x08002bf5   Thumb Code    34  n32g4fr_usart.o(.text)
    USART_ConfigWakeUpMode                   0x08002c19   Thumb Code    34  n32g4fr_usart.o(.text)
    USART_EnableRcvWakeUp                    0x08002c3d   Thumb Code    40  n32g4fr_usart.o(.text)
    USART_ConfigLINBreakDetectLength         0x08002c65   Thumb Code    34  n32g4fr_usart.o(.text)
    USART_EnableLIN                          0x08002c89   Thumb Code    40  n32g4fr_usart.o(.text)
    USART_SendData                           0x08002cb1   Thumb Code    24  n32g4fr_usart.o(.text)
    USART_ReceiveData                        0x08002cc9   Thumb Code    16  n32g4fr_usart.o(.text)
    USART_SendBreak                          0x08002cd9   Thumb Code    18  n32g4fr_usart.o(.text)
    USART_SetGuardTime                       0x08002ced   Thumb Code    34  n32g4fr_usart.o(.text)
    USART_SetPrescaler                       0x08002d11   Thumb Code    34  n32g4fr_usart.o(.text)
    USART_EnableSmartCard                    0x08002d35   Thumb Code    40  n32g4fr_usart.o(.text)
    USART_SetSmartCardNACK                   0x08002d5d   Thumb Code    40  n32g4fr_usart.o(.text)
    USART_EnableHalfDuplex                   0x08002d85   Thumb Code    40  n32g4fr_usart.o(.text)
    USART_ConfigIrDAMode                     0x08002dad   Thumb Code    34  n32g4fr_usart.o(.text)
    USART_EnableIrDA                         0x08002dd1   Thumb Code    40  n32g4fr_usart.o(.text)
    USART_GetFlagStatus                      0x08002df9   Thumb Code    60  n32g4fr_usart.o(.text)
    USART_ClrFlag                            0x08002e35   Thumb Code    36  n32g4fr_usart.o(.text)
    USART_GetIntStatus                       0x08002e59   Thumb Code   168  n32g4fr_usart.o(.text)
    USART_ClrIntPendingBit                   0x08002f01   Thumb Code    68  n32g4fr_usart.o(.text)
    rt_system_tick_init                      0x08002f45   Thumb Code     2  clock.o(.text)
    rt_tick_get                              0x08002f49   Thumb Code    12  clock.o(.text)
    rt_tick_set                              0x08002f55   Thumb Code    34  clock.o(.text)
    rt_tick_increase                         0x08002f79   Thumb Code    60  clock.o(.text)
    rt_tick_from_millisecond                 0x08002fb5   Thumb Code   100  clock.o(.text)
    rt_components_board_init                 0x08003029   Thumb Code    84  components.o(.text)
    rt_components_init                       0x0800307d   Thumb Code    96  components.o(.text)
    main                                     0x080030dd   Thumb Code    10  components.o(.text)
    rtthread_startup                         0x080030e9   Thumb Code    42  components.o(.text)
    main_thread_entry                        0x08003115   Thumb Code    18  components.o(.text)
    rt_application_init                      0x08003129   Thumb Code    82  components.o(.text)
    rt_device_register                       0x0800317d   Thumb Code    82  device.o(.text)
    rt_device_find                           0x080031d1   Thumb Code   154  device.o(.text)
    rt_device_unregister                     0x0800326d   Thumb Code   118  device.o(.text)
    rt_device_init_all                       0x080032e5   Thumb Code     4  device.o(.text)
    rt_device_create                         0x080032e9   Thumb Code    68  device.o(.text)
    rt_device_destroy                        0x0800332d   Thumb Code   122  device.o(.text)
    rt_device_init                           0x080033a9   Thumb Code   114  device.o(.text)
    rt_device_open                           0x0800341d   Thumb Code   300  device.o(.text)
    rt_device_close                          0x08003549   Thumb Code   170  device.o(.text)
    rt_device_read                           0x080035f5   Thumb Code   150  device.o(.text)
    rt_device_write                          0x0800368d   Thumb Code   150  device.o(.text)
    rt_device_control                        0x08003725   Thumb Code   116  device.o(.text)
    rt_device_set_rx_indicate                0x08003799   Thumb Code    90  device.o(.text)
    rt_device_set_tx_complete                0x080037f5   Thumb Code    90  device.o(.text)
    rt_thread_idle_excute                    0x08003851   Thumb Code   206  idle.o(.text)
    rt_thread_idle_init                      0x0800395d   Thumb Code    72  idle.o(.text)
    rt_thread_idle_gethandler                0x080039b5   Thumb Code    10  idle.o(.text)
    rt_sem_init                              0x080039c1   Thumb Code   114  ipc.o(.text)
    rt_sem_detach                            0x08003a49   Thumb Code   126  ipc.o(.text)
    rt_sem_create                            0x08003b05   Thumb Code   168  ipc.o(.text)
    rt_sem_delete                            0x08003bad   Thumb Code   198  ipc.o(.text)
    rt_sem_take                              0x08003c75   Thumb Code   372  ipc.o(.text)
    rt_sem_trytake                           0x08003e7d   Thumb Code    18  ipc.o(.text)
    rt_sem_release                           0x08003e91   Thumb Code   152  ipc.o(.text)
    rt_sem_control                           0x08003f5d   Thumb Code   142  ipc.o(.text)
    rt_mutex_init                            0x08003fed   Thumb Code    94  ipc.o(.text)
    rt_mutex_detach                          0x0800404d   Thumb Code   132  ipc.o(.text)
    rt_mutex_create                          0x080040d1   Thumb Code   146  ipc.o(.text)
    rt_mutex_delete                          0x08004165   Thumb Code   198  ipc.o(.text)
    rt_mutex_take                            0x0800422d   Thumb Code   488  ipc.o(.text)
    rt_mutex_release                         0x08004415   Thumb Code   428  ipc.o(.text)
    rt_mutex_control                         0x080045c1   Thumb Code    88  ipc.o(.text)
    rt_interrupt_enter                       0x08004651   Thumb Code    38  irq.o(.text)
    rt_interrupt_leave                       0x08004679   Thumb Code    38  irq.o(.text)
    rt_interrupt_get_nest                    0x080046a1   Thumb Code    38  irq.o(.text)
    rt_get_errno                             0x080046c9   Thumb Code    66  kservice.o(.text)
    rt_set_errno                             0x0800470d   Thumb Code    66  kservice.o(.text)
    _rt_errno                                0x08004751   Thumb Code    62  kservice.o(.text)
    rt_memset                                0x08004791   Thumb Code    42  kservice.o(.text)
    rt_memcpy                                0x080047bd   Thumb Code   114  kservice.o(.text)
    rt_memmove                               0x08004831   Thumb Code   130  kservice.o(.text)
    rt_memcmp                                0x080048b5   Thumb Code    74  kservice.o(.text)
    rt_strstr                                0x08004901   Thumb Code    94  kservice.o(.text)
    rt_strlen                                0x08004961   Thumb Code    38  kservice.o(.text)
    rt_strcasecmp                            0x08004989   Thumb Code   124  kservice.o(.text)
    rt_strncpy                               0x08004a05   Thumb Code    92  kservice.o(.text)
    rt_strncmp                               0x08004a61   Thumb Code    76  kservice.o(.text)
    rt_strcmp                                0x08004aad   Thumb Code    76  kservice.o(.text)
    rt_strnlen                               0x08004af9   Thumb Code    72  kservice.o(.text)
    rt_strdup                                0x08004b41   Thumb Code    58  kservice.o(.text)
    strdup                                   0x08004b41   Thumb Code    58  kservice.o(.text)
    rt_show_version                          0x08004b7d   Thumb Code    74  kservice.o(.text)
    rt_kprintf                               0x08004bc9   Thumb Code   148  kservice.o(.text)
    rt_vsnprintf                             0x08004c5d   Thumb Code  1434  kservice.o(.text)
    rt_snprintf                              0x08005495   Thumb Code    44  kservice.o(.text)
    rt_vsprintf                              0x080054c1   Thumb Code    28  kservice.o(.text)
    rt_sprintf                               0x080054dd   Thumb Code    42  kservice.o(.text)
    rt_console_get_device                    0x08005509   Thumb Code    12  kservice.o(.text)
    rt_console_set_device                    0x08005515   Thumb Code    90  kservice.o(.text)
    rt_hw_console_output                     0x08005571   Thumb Code     8  kservice.o(.text)
    rt_kputs                                 0x08005579   Thumb Code   104  kservice.o(.text)
    rt_malloc_align                          0x080055e1   Thumb Code   114  kservice.o(.text)
    rt_free_align                            0x08005655   Thumb Code    24  kservice.o(.text)
    __rt_ffs                                 0x0800566d   Thumb Code   126  kservice.o(.text)
    rt_assert_set_hook                       0x080056ed   Thumb Code    20  kservice.o(.text)
    rt_assert_handler                        0x08005701   Thumb Code    86  kservice.o(.text)
    rt_system_heap_init                      0x080057ad   Thumb Code   330  mem.o(.text)
    rt_malloc                                0x080058f9   Thumb Code   922  mem.o(.text)
    rt_realloc                               0x08005c95   Thumb Code   526  mem.o(.text)
    rt_free                                  0x08005ea5   Thumb Code   472  mem.o(.text)
    rt_calloc                                0x080061d5   Thumb Code    48  mem.o(.text)
    rt_memory_info                           0x08006205   Thumb Code    78  mem.o(.text)
    rt_system_object_init                    0x08006255   Thumb Code     2  object.o(.text)
    rt_object_get_information                0x08006259   Thumb Code    80  object.o(.text)
    rt_object_init                           0x080062a9   Thumb Code   188  object.o(.text)
    rt_object_detach                         0x0800638d   Thumb Code    68  object.o(.text)
    rt_object_allocate                       0x080063f1   Thumb Code   208  object.o(.text)
    rt_object_delete                         0x080064c1   Thumb Code   112  object.o(.text)
    rt_object_is_systemobject                0x08006531   Thumb Code    68  object.o(.text)
    rt_object_get_type                       0x08006575   Thumb Code    50  object.o(.text)
    rt_object_find                           0x080065a9   Thumb Code   236  object.o(.text)
    rt_system_scheduler_init                 0x08006695   Thumb Code   112  scheduler.o(.text)
    rt_system_scheduler_start                0x08006715   Thumb Code    64  scheduler.o(.text)
    rt_schedule                              0x08006755   Thumb Code   188  scheduler.o(.text)
    rt_schedule_insert_thread                0x080068a1   Thumb Code   116  scheduler.o(.text)
    rt_schedule_remove_thread                0x0800693d   Thumb Code   112  scheduler.o(.text)
    rt_enter_critical                        0x080069e1   Thumb Code    34  scheduler.o(.text)
    rt_exit_critical                         0x08006a05   Thumb Code    86  scheduler.o(.text)
    rt_critical_level                        0x08006a5d   Thumb Code    12  scheduler.o(.text)
    rt_thread_exit                           0x08006a69   Thumb Code   106  thread.o(.text)
    rt_thread_init                           0x08006afd   Thumb Code   148  thread.o(.text)
    rt_thread_self                           0x08006c79   Thumb Code    12  thread.o(.text)
    rt_thread_startup                        0x08006c85   Thumb Code   174  thread.o(.text)
    rt_thread_resume                         0x08006d35   Thumb Code   154  thread.o(.text)
    rt_thread_detach                         0x08006dd1   Thumb Code   214  thread.o(.text)
    rt_thread_create                         0x08006ea9   Thumb Code   126  thread.o(.text)
    rt_thread_delete                         0x08006f29   Thumb Code   184  thread.o(.text)
    rt_thread_yield                          0x08006fe1   Thumb Code   116  thread.o(.text)
    rt_thread_sleep                          0x0800709d   Thumb Code   154  thread.o(.text)
    rt_thread_suspend                        0x08007139   Thumb Code   162  thread.o(.text)
    rt_thread_delay                          0x080071dd   Thumb Code    16  thread.o(.text)
    rt_thread_delay_until                    0x080071ed   Thumb Code   234  thread.o(.text)
    rt_thread_mdelay                         0x080072d9   Thumb Code    24  thread.o(.text)
    rt_thread_control                        0x080072f1   Thumb Code   228  thread.o(.text)
    rt_thread_timeout                        0x080073d5   Thumb Code   152  thread.o(.text)
    rt_thread_find                           0x0800746d   Thumb Code   156  thread.o(.text)
    rt_timer_init                            0x08007519   Thumb Code    92  timer.o(.text)
    rt_timer_detach                          0x080075dd   Thumb Code   136  timer.o(.text)
    rt_timer_create                          0x08007695   Thumb Code    78  timer.o(.text)
    rt_timer_delete                          0x080076e5   Thumb Code   142  timer.o(.text)
    rt_timer_start                           0x08007775   Thumb Code   452  timer.o(.text)
    rt_timer_stop                            0x08007961   Thumb Code   134  timer.o(.text)
    rt_timer_control                         0x080079e9   Thumb Code   148  timer.o(.text)
    rt_timer_check                           0x08007a7d   Thumb Code   170  timer.o(.text)
    rt_timer_next_timeout_tick               0x08007b3d   Thumb Code    16  timer.o(.text)
    rt_system_timer_init                     0x08007b7d   Thumb Code    48  timer.o(.text)
    rt_system_timer_thread_init              0x08007bbd   Thumb Code     2  timer.o(.text)
    SystemInit                               0x08007be1   Thumb Code   210  system_n32g4fr.o(.text)
    SystemCoreClockUpdate                    0x08007dfd   Thumb Code   322  system_n32g4fr.o(.text)
    rt_device_pin_register                   0x08007f41   Thumb Code    88  pin.o(.text)
    rt_pin_attach_irq                        0x080080bd   Thumb Code   114  pin.o(.text)
    rt_pin_detach_irq                        0x08008131   Thumb Code    92  pin.o(.text)
    rt_pin_irq_enable                        0x0800818d   Thumb Code    96  pin.o(.text)
    rt_pin_mode                              0x080081ed   Thumb Code    68  pin.o(.text)
    rt_pin_write                             0x08008231   Thumb Code    68  pin.o(.text)
    rt_pin_read                              0x08008275   Thumb Code    64  pin.o(.text)
    rt_hw_serial_register                    0x080082b5   Thumb Code   160  serial.o(.text)
    rt_hw_serial_isr                         0x080088a9   Thumb Code   352  serial.o(.text)
    rt_completion_init                       0x08008cbd   Thumb Code    66  completion.o(.text)
    rt_completion_wait                       0x08008d11   Thumb Code   278  completion.o(.text)
    rt_completion_done                       0x08008e65   Thumb Code   110  completion.o(.text)
    rt_hw_stack_init                         0x08008ed5   Thumb Code   128  cpuport.o(.text)
    rt_hw_exception_install                  0x08008f55   Thumb Code    20  cpuport.o(.text)
    rt_hw_hard_fault_exception               0x08008f69   Thumb Code   392  cpuport.o(.text)
    rt_hw_cpu_shutdown                       0x080090f1   Thumb Code    40  cpuport.o(.text)
    rt_hw_cpu_reset                          0x08009119   Thumb Code    18  cpuport.o(.text)
    rt_hw_interrupt_disable                  0x0800912d   Thumb Code     8  context_rvds.o(.text)
    rt_hw_interrupt_enable                   0x08009135   Thumb Code     6  context_rvds.o(.text)
    rt_hw_context_switch                     0x0800913b   Thumb Code    32  context_rvds.o(.text)
    rt_hw_context_switch_interrupt           0x0800913b   Thumb Code     0  context_rvds.o(.text)
    PendSV_Handler                           0x0800915b   Thumb Code   108  context_rvds.o(.text)
    rt_hw_context_switch_to                  0x080091c7   Thumb Code    70  context_rvds.o(.text)
    rt_hw_interrupt_thread_switch            0x0800920d   Thumb Code     2  context_rvds.o(.text)
    HardFault_Handler                        0x0800920f   Thumb Code    56  context_rvds.o(.text)
    __use_two_region_memory                  0x08009261   Thumb Code     2  heapauxi.o(.text)
    __rt_heap_escrow$2region                 0x08009263   Thumb Code     2  heapauxi.o(.text)
    __rt_heap_expand$2region                 0x08009265   Thumb Code     2  heapauxi.o(.text)
    __user_setup_stackheap                   0x08009267   Thumb Code    74  sys_stackheap_outer.o(.text)
    exit                                     0x080092b1   Thumb Code    18  exit.o(.text)
    __user_libspace                          0x080092c5   Thumb Code     8  libspace.o(.text)
    __user_perproc_libspace                  0x080092c5   Thumb Code     0  libspace.o(.text)
    __user_perthread_libspace                0x080092c5   Thumb Code     0  libspace.o(.text)
    _sys_exit                                0x080092cd   Thumb Code     8  sys_exit.o(.text)
    __I$use$semihosting                      0x080092d9   Thumb Code     0  use_no_semi.o(.text)
    __use_no_semihosting_swi                 0x080092d9   Thumb Code     2  use_no_semi.o(.text)
    __semihosting_library_function           0x080092db   Thumb Code     0  indicate_semi.o(.text)
    _fp_init                                 0x080092db   Thumb Code    26  fpinit.o(x$fpl$fpinit)
    __fplib_config_fpu_vfp                   0x080092f3   Thumb Code     0  fpinit.o(x$fpl$fpinit)
    __fplib_config_pureend_doubles           0x080092f3   Thumb Code     0  fpinit.o(x$fpl$fpinit)
    AHBPrescTable                            0x080092f4   Data          16  system_n32g4fr.o(.rodata.AHBPrescTable)
    __lowest_bit_bitmap                      0x0800931c   Data         256  kservice.o(.rodata.__lowest_bit_bitmap)
    __rti_rt_hw_pin_init_name                0x0800941c   Data          15  drv_gpio.o(.rodata.__rti_rt_hw_pin_init_name)
    __rti_rt_hw_usart_init_name              0x0800942b   Data          17  drv_usart.o(.rodata.__rti_rt_hw_usart_init_name)
    __rti_rti_board_end_name                 0x0800943c   Data          14  components.o(.rodata.__rti_rti_board_end_name)
    __rti_rti_board_start_name               0x0800944a   Data          16  components.o(.rodata.__rti_rti_board_start_name)
    __rti_rti_end_name                       0x0800945a   Data           8  components.o(.rodata.__rti_rti_end_name)
    __rti_rti_start_name                     0x08009462   Data          10  components.o(.rodata.__rti_rti_start_name)
    __rt_init_desc_rti_start                 0x0800aac8   Data           8  components.o(.rti_fn.0)
    __rt_init_desc_rti_board_start           0x0800aad0   Data           8  components.o(.rti_fn.0.end)
    __rt_init_desc_rt_hw_usart_init          0x0800aad8   Data           8  drv_usart.o(.rti_fn.1)
    __rt_init_desc_rt_hw_pin_init            0x0800aae0   Data           8  drv_gpio.o(.rti_fn.1)
    __rt_init_desc_rti_board_end             0x0800aae8   Data           8  components.o(.rti_fn.1.end)
    __rt_init_desc_rti_end                   0x0800aaf0   Data           8  components.o(.rti_fn.6.end)
    Region$$Table$$Base                      0x0800aaf8   Number         0  anon$$obj.o(Region$$Table)
    Region$$Table$$Limit                     0x0800ab18   Number         0  anon$$obj.o(Region$$Table)
    SystemCoreClock                          0x20000000   Data           4  system_n32g4fr.o(.data.SystemCoreClock)
    __libspace_start                         0x20000118   Data          96  libspace.o(.bss)
    __temporary_stack_top$libspace           0x20000178   Data           0  libspace.o(.bss)
    rt_assert_hook                           0x2000076c   Data           4  kservice.o(.bss.rt_assert_hook)
    rt_current_priority                      0x20000770   Data           1  scheduler.o(.bss.rt_current_priority)
    rt_current_thread                        0x20000774   Data           4  scheduler.o(.bss.rt_current_thread)
    rt_interrupt_from_thread                 0x2000077c   Data           4  cpuport.o(.bss.rt_interrupt_from_thread)
    rt_interrupt_nest                        0x20000780   Data           1  irq.o(.bss.rt_interrupt_nest)
    rt_interrupt_to_thread                   0x20000784   Data           4  cpuport.o(.bss.rt_interrupt_to_thread)
    rt_thread_defunct                        0x2000080c   Data           8  scheduler.o(.bss.rt_thread_defunct)
    rt_thread_priority_table                 0x20000814   Data         256  scheduler.o(.bss.rt_thread_priority_table)
    rt_thread_ready_priority_group           0x20000914   Data           4  scheduler.o(.bss.rt_thread_ready_priority_group)
    rt_thread_switch_interrupt_flag          0x20000a18   Data           4  cpuport.o(.bss.rt_thread_switch_interrupt_flag)
    serial1                                  0x20000a2c   Data          92  drv_usart.o(.bss.serial1)



==============================================================================

Memory Map of the image

  Image Entry point : 0x08000239

  Load Region LR_1 (Base: 0x08000000, Size: 0x0000ac2c, Max: 0xffffffff, ABSOLUTE)

    Execution Region ER_RO (Exec base: 0x08000000, Load base: 0x08000000, Size: 0x0000ab18, Max: 0xffffffff, ABSOLUTE)

    Exec Addr    Load Addr    Size         Type   Attr      Idx    E Section Name        Object

    0x08000000   0x08000000   0x00000198   Data   RO            3    RESET               startup_n32g4fr.o
    0x08000198   0x08000198   0x00000008   Code   RO          427  * !!!main             c_wu.l(__main.o)
    0x080001a0   0x080001a0   0x00000034   Code   RO          592    !!!scatter          c_wu.l(__scatter.o)
    0x080001d4   0x080001d4   0x0000001a   Code   RO          594    !!handler_copy      c_wu.l(__scatter_copy.o)
    0x080001ee   0x080001ee   0x00000002   PAD
    0x080001f0   0x080001f0   0x0000001c   Code   RO          596    !!handler_zi        c_wu.l(__scatter_zi.o)
    0x0800020c   0x0800020c   0x00000002   Code   RO          454    .ARM.Collect$$libinit$$00000000  c_wu.l(libinit.o)
    0x0800020e   0x0800020e   0x00000004   Code   RO          460    .ARM.Collect$$libinit$$00000001  c_wu.l(libinit2.o)
    0x08000212   0x08000212   0x00000000   Code   RO          463    .ARM.Collect$$libinit$$00000004  c_wu.l(libinit2.o)
    0x08000212   0x08000212   0x00000000   Code   RO          465    .ARM.Collect$$libinit$$00000006  c_wu.l(libinit2.o)
    0x08000212   0x08000212   0x00000000   Code   RO          468    .ARM.Collect$$libinit$$0000000C  c_wu.l(libinit2.o)
    0x08000212   0x08000212   0x00000000   Code   RO          470    .ARM.Collect$$libinit$$0000000E  c_wu.l(libinit2.o)
    0x08000212   0x08000212   0x00000000   Code   RO          472    .ARM.Collect$$libinit$$00000010  c_wu.l(libinit2.o)
    0x08000212   0x08000212   0x00000000   Code   RO          475    .ARM.Collect$$libinit$$00000013  c_wu.l(libinit2.o)
    0x08000212   0x08000212   0x00000000   Code   RO          477    .ARM.Collect$$libinit$$00000015  c_wu.l(libinit2.o)
    0x08000212   0x08000212   0x00000000   Code   RO          479    .ARM.Collect$$libinit$$00000017  c_wu.l(libinit2.o)
    0x08000212   0x08000212   0x00000000   Code   RO          481    .ARM.Collect$$libinit$$00000019  c_wu.l(libinit2.o)
    0x08000212   0x08000212   0x00000000   Code   RO          483    .ARM.Collect$$libinit$$0000001B  c_wu.l(libinit2.o)
    0x08000212   0x08000212   0x00000000   Code   RO          485    .ARM.Collect$$libinit$$0000001D  c_wu.l(libinit2.o)
    0x08000212   0x08000212   0x00000000   Code   RO          487    .ARM.Collect$$libinit$$0000001F  c_wu.l(libinit2.o)
    0x08000212   0x08000212   0x00000000   Code   RO          489    .ARM.Collect$$libinit$$00000021  c_wu.l(libinit2.o)
    0x08000212   0x08000212   0x00000000   Code   RO          491    .ARM.Collect$$libinit$$00000023  c_wu.l(libinit2.o)
    0x08000212   0x08000212   0x00000000   Code   RO          493    .ARM.Collect$$libinit$$00000025  c_wu.l(libinit2.o)
    0x08000212   0x08000212   0x00000000   Code   RO          495    .ARM.Collect$$libinit$$00000027  c_wu.l(libinit2.o)
    0x08000212   0x08000212   0x00000000   Code   RO          499    .ARM.Collect$$libinit$$0000002E  c_wu.l(libinit2.o)
    0x08000212   0x08000212   0x00000000   Code   RO          501    .ARM.Collect$$libinit$$00000030  c_wu.l(libinit2.o)
    0x08000212   0x08000212   0x00000000   Code   RO          503    .ARM.Collect$$libinit$$00000032  c_wu.l(libinit2.o)
    0x08000212   0x08000212   0x00000000   Code   RO          505    .ARM.Collect$$libinit$$00000034  c_wu.l(libinit2.o)
    0x08000212   0x08000212   0x00000002   Code   RO          506    .ARM.Collect$$libinit$$00000035  c_wu.l(libinit2.o)
    0x08000214   0x08000214   0x00000002   Code   RO          528    .ARM.Collect$$libshutdown$$00000000  c_wu.l(libshutdown.o)
    0x08000216   0x08000216   0x00000000   Code   RO          543    .ARM.Collect$$libshutdown$$00000002  c_wu.l(libshutdown2.o)
    0x08000216   0x08000216   0x00000000   Code   RO          545    .ARM.Collect$$libshutdown$$00000004  c_wu.l(libshutdown2.o)
    0x08000216   0x08000216   0x00000000   Code   RO          548    .ARM.Collect$$libshutdown$$00000007  c_wu.l(libshutdown2.o)
    0x08000216   0x08000216   0x00000000   Code   RO          551    .ARM.Collect$$libshutdown$$0000000A  c_wu.l(libshutdown2.o)
    0x08000216   0x08000216   0x00000000   Code   RO          553    .ARM.Collect$$libshutdown$$0000000C  c_wu.l(libshutdown2.o)
    0x08000216   0x08000216   0x00000000   Code   RO          556    .ARM.Collect$$libshutdown$$0000000F  c_wu.l(libshutdown2.o)
    0x08000216   0x08000216   0x00000002   Code   RO          557    .ARM.Collect$$libshutdown$$00000010  c_wu.l(libshutdown2.o)
    0x08000218   0x08000218   0x00000000   Code   RO          429    .ARM.Collect$$rtentry$$00000000  c_wu.l(__rtentry.o)
    0x08000218   0x08000218   0x00000000   Code   RO          431    .ARM.Collect$$rtentry$$00000002  c_wu.l(__rtentry2.o)
    0x08000218   0x08000218   0x00000006   Code   RO          443    .ARM.Collect$$rtentry$$00000004  c_wu.l(__rtentry4.o)
    0x0800021e   0x0800021e   0x00000000   Code   RO          433    .ARM.Collect$$rtentry$$00000009  c_wu.l(__rtentry2.o)
    0x0800021e   0x0800021e   0x00000004   Code   RO          434    .ARM.Collect$$rtentry$$0000000A  c_wu.l(__rtentry2.o)
    0x08000222   0x08000222   0x00000000   Code   RO          436    .ARM.Collect$$rtentry$$0000000C  c_wu.l(__rtentry2.o)
    0x08000222   0x08000222   0x00000008   Code   RO          437    .ARM.Collect$$rtentry$$0000000D  c_wu.l(__rtentry2.o)
    0x0800022a   0x0800022a   0x00000002   Code   RO          458    .ARM.Collect$$rtexit$$00000000  c_wu.l(rtexit.o)
    0x0800022c   0x0800022c   0x00000000   Code   RO          508    .ARM.Collect$$rtexit$$00000002  c_wu.l(rtexit2.o)
    0x0800022c   0x0800022c   0x00000004   Code   RO          509    .ARM.Collect$$rtexit$$00000003  c_wu.l(rtexit2.o)
    0x08000230   0x08000230   0x00000006   Code   RO          510    .ARM.Collect$$rtexit$$00000004  c_wu.l(rtexit2.o)
    0x08000236   0x08000236   0x00000002   PAD
    0x08000238   0x08000238   0x00000040   Code   RO            4  * .text               startup_n32g4fr.o
    0x08000278   0x08000278   0x000000f6   Code   RO           10    .text               board.o
    0x0800036e   0x0800036e   0x00000002   PAD
    0x08000370   0x08000370   0x00000112   Code   RO           18    .text               main.o
    0x08000482   0x08000482   0x00000002   PAD
    0x08000484   0x08000484   0x0000001a   Code   RO           31    .text               n32g4fr_it.o
    0x0800049e   0x0800049e   0x00000002   PAD
    0x080004a0   0x080004a0   0x0000052e   Code   RO           38    .text               drv_usart.o
    0x080009ce   0x080009ce   0x00000002   PAD
    0x080009d0   0x080009d0   0x000008f2   Code   RO           52    .text               drv_gpio.o
    0x080012c2   0x080012c2   0x00000002   PAD
    0x080012c4   0x080012c4   0x0000014a   Code   RO           67    .text               misc.o
    0x0800140e   0x0800140e   0x00000002   PAD
    0x08001410   0x08001410   0x00000218   Code   RO          130    .text               n32g4fr_exti.o
    0x08001628   0x08001628   0x00000856   Code   RO          144    .text               n32g4fr_gpio.o
    0x08001e7e   0x08001e7e   0x00000002   PAD
    0x08001e80   0x08001e80   0x0000099c   Code   RO          179    .text               n32g4fr_rcc.o
    0x0800281c   0x0800281c   0x00000728   Code   RO          224    .text               n32g4fr_usart.o
    0x08002f44   0x08002f44   0x000000d4   Code   RO          238    .text               clock.o
    0x08003018   0x08003018   0x00000162   Code   RO          246    .text               components.o
    0x0800317a   0x0800317a   0x00000002   PAD
    0x0800317c   0x0800317c   0x000006d2   Code   RO          263    .text               device.o
    0x0800384e   0x0800384e   0x00000002   PAD
    0x08003850   0x08003850   0x0000016e   Code   RO          271    .text               idle.o
    0x080039be   0x080039be   0x00000002   PAD
    0x080039c0   0x080039c0   0x00000c8e   Code   RO          281    .text               ipc.o
    0x0800464e   0x0800464e   0x00000002   PAD
    0x08004650   0x08004650   0x00000076   Code   RO          289    .text               irq.o
    0x080046c6   0x080046c6   0x00000002   PAD
    0x080046c8   0x080046c8   0x000010e2   Code   RO          297    .text               kservice.o
    0x080057aa   0x080057aa   0x00000002   PAD
    0x080057ac   0x080057ac   0x00000aa6   Code   RO          312    .text               mem.o
    0x08006252   0x08006252   0x00000002   PAD
    0x08006254   0x08006254   0x00000440   Code   RO          329    .text               object.o
    0x08006694   0x08006694   0x000003d4   Code   RO          338    .text               scheduler.o
    0x08006a68   0x08006a68   0x00000ab0   Code   RO          354    .text               thread.o
    0x08007518   0x08007518   0x000006c8   Code   RO          362    .text               timer.o
    0x08007be0   0x08007be0   0x0000035e   Code   RO          372    .text               system_n32g4fr.o
    0x08007f3e   0x08007f3e   0x00000002   PAD
    0x08007f40   0x08007f40   0x00000374   Code   RO          381    .text               pin.o
    0x080082b4   0x080082b4   0x00000a06   Code   RO          390    .text               serial.o
    0x08008cba   0x08008cba   0x00000002   PAD
    0x08008cbc   0x08008cbc   0x00000216   Code   RO          399    .text               completion.o
    0x08008ed2   0x08008ed2   0x00000002   PAD
    0x08008ed4   0x08008ed4   0x00000256   Code   RO          407    .text               cpuport.o
    0x0800912a   0x0800912a   0x00000002   PAD
    0x0800912c   0x0800912c   0x00000134   Code   RO          419    .text               context_rvds.o
    0x08009260   0x08009260   0x00000006   Code   RO          425    .text               c_wu.l(heapauxi.o)
    0x08009266   0x08009266   0x0000004a   Code   RO          445    .text               c_wu.l(sys_stackheap_outer.o)
    0x080092b0   0x080092b0   0x00000012   Code   RO          447    .text               c_wu.l(exit.o)
    0x080092c2   0x080092c2   0x00000002   PAD
    0x080092c4   0x080092c4   0x00000008   Code   RO          455    .text               c_wu.l(libspace.o)
    0x080092cc   0x080092cc   0x0000000c   Code   RO          518    .text               c_wu.l(sys_exit.o)
    0x080092d8   0x080092d8   0x00000002   Code   RO          533    .text               c_wu.l(use_no_semi.o)
    0x080092da   0x080092da   0x00000000   Code   RO          535    .text               c_wu.l(indicate_semi.o)
    0x080092da   0x080092da   0x0000001a   Code   RO          516    x$fpl$fpinit        fz_wm.l(fpinit.o)
    0x080092f4   0x080092f4   0x00000010   Data   RO          375    .rodata.AHBPrescTable  system_n32g4fr.o
    0x08009304   0x08009304   0x00000018   Data   RO           55    .rodata._N32G4FR_pin_ops  drv_gpio.o
    0x0800931c   0x0800931c   0x00000100   Data   RO          303    .rodata.__lowest_bit_bitmap  kservice.o
    0x0800941c   0x0800941c   0x0000000f   Data   RO           56    .rodata.__rti_rt_hw_pin_init_name  drv_gpio.o
    0x0800942b   0x0800942b   0x00000011   Data   RO           44    .rodata.__rti_rt_hw_usart_init_name  drv_usart.o
    0x0800943c   0x0800943c   0x0000000e   Data   RO          252    .rodata.__rti_rti_board_end_name  components.o
    0x0800944a   0x0800944a   0x00000010   Data   RO          250    .rodata.__rti_rti_board_start_name  components.o
    0x0800945a   0x0800945a   0x00000008   Data   RO          254    .rodata.__rti_rti_end_name  components.o
    0x08009462   0x08009462   0x0000000a   Data   RO          248    .rodata.__rti_rti_start_name  components.o
    0x0800946c   0x0800946c   0x00000014   Data   RO           42    .rodata.n32g4fr_uart_ops  drv_usart.o
    0x08009480   0x08009480   0x00000080   Data   RO           60    .rodata.pin_irq_map  drv_gpio.o
    0x08009500   0x08009500   0x000003c0   Data   RO           58    .rodata.pins        drv_gpio.o
    0x080098c0   0x080098c0   0x00000011   Data   RO          306    .rodata.print_number.large_digits  kservice.o
    0x080098d1   0x080098d1   0x00000011   Data   RO          305    .rodata.print_number.small_digits  kservice.o
    0x080098e2   0x080098e2   0x00000010   Data   RO          182    .rodata.s_AdcHclkPresTable  n32g4fr_rcc.o
    0x080098f2   0x080098f2   0x00000020   Data   RO          183    .rodata.s_AdcPllClkPresTable  n32g4fr_rcc.o
    0x08009912   0x08009912   0x00000010   Data   RO          181    .rodata.s_ApbAhbPresTable  n32g4fr_rcc.o
    0x08009922   0x08009922   0x00000007   Data   RO           12    .rodata.str1.1      board.o
    0x08009929   0x08009929   0x0000000a   Data   RO           21    .rodata.str1.1      main.o
    0x08009933   0x08009933   0x00000076   Data   RO           46    .rodata.str1.1      drv_usart.o
    0x080099a9   0x080099a9   0x00000004   Data   RO           54    .rodata.str1.1      drv_gpio.o
    0x080099ad   0x080099ad   0x0000005f   Data   RO          256    .rodata.str1.1      components.o
    0x08009a0c   0x08009a0c   0x000001d0   Data   RO          265    .rodata.str1.1      device.o
    0x08009bdc   0x08009bdc   0x00000043   Data   RO          273    .rodata.str1.1      idle.o
    0x08009c1f   0x08009c1f   0x00000296   Data   RO          283    .rodata.str1.1      ipc.o
    0x08009eb5   0x08009eb5   0x000000bf   Data   RO          300    .rodata.str1.1      kservice.o
    0x08009f74   0x08009f74   0x000002b0   Data   RO          314    .rodata.str1.1      mem.o
    0x0800a224   0x0800a224   0x000000c9   Data   RO          332    .rodata.str1.1      object.o
    0x0800a2ed   0x0800a2ed   0x000000af   Data   RO          346    .rodata.str1.1      scheduler.o
    0x0800a39c   0x0800a39c   0x00000226   Data   RO          356    .rodata.str1.1      thread.o
    0x0800a5c2   0x0800a5c2   0x0000012c   Data   RO          364    .rodata.str1.1      timer.o
    0x0800a6ee   0x0800a6ee   0x0000008e   Data   RO          384    .rodata.str1.1      pin.o
    0x0800a77c   0x0800a77c   0x00000165   Data   RO          392    .rodata.str1.1      serial.o
    0x0800a8e1   0x0800a8e1   0x0000007e   Data   RO          401    .rodata.str1.1      completion.o
    0x0800a95f   0x0800a95f   0x00000135   Data   RO          410    .rodata.str1.1      cpuport.o
    0x0800aa94   0x0800aa94   0x00000034   Data   RO           43    .rodata.uarts       drv_usart.o
    0x0800aac8   0x0800aac8   0x00000008   Data   RO          249    .rti_fn.0           components.o
    0x0800aad0   0x0800aad0   0x00000008   Data   RO          251    .rti_fn.0.end       components.o
    0x0800aad8   0x0800aad8   0x00000008   Data   RO           45    .rti_fn.1           drv_usart.o
    0x0800aae0   0x0800aae0   0x00000008   Data   RO           57    .rti_fn.1           drv_gpio.o
    0x0800aae8   0x0800aae8   0x00000008   Data   RO          253    .rti_fn.1.end       components.o
    0x0800aaf0   0x0800aaf0   0x00000008   Data   RO          255    .rti_fn.6.end       components.o
    0x0800aaf8   0x0800aaf8   0x00000020   Data   RO          591    Region$$Table       anon$$obj.o


    Execution Region ER_RW (Exec base: 0x20000000, Load base: 0x0800ab18, Size: 0x00000114, Max: 0xffffffff, ABSOLUTE)

    Exec Addr    Load Addr    Size         Type   Attr      Idx    E Section Name        Object

    0x20000000   0x0800ab18   0x00000004   Data   RW          374    .data.SystemCoreClock  system_n32g4fr.o
    0x20000004   0x0800ab1c   0x000000c0   Data   RW           59    .data.pin_irq_hdr_tab  drv_gpio.o
    0x200000c4   0x0800abdc   0x00000050   Data   RW          331    .data.rt_object_container  object.o


    Execution Region ER_ZI (Exec base: 0x20000118, Load base: 0x0800ac2c, Size: 0x00002178, Max: 0xffffffff, ABSOLUTE)

    Exec Addr    Load Addr    Size         Type   Attr      Idx    E Section Name        Object

    0x20000118        -       0x00000060   Zero   RW          456    .bss                c_wu.l(libspace.o)
    0x20000178        -       0x00000004   Zero   RW          299    .bss.__rt_errno     kservice.o
    0x2000017c        -       0x00000004   Zero   RW          301    .bss._console_device  kservice.o
    0x20000180        -       0x00000048   Zero   RW          383    .bss._hw_pin        pin.o
    0x200001c8        -       0x00000004   Zero   RW          393    .bss._serial_check_buffer_size.already_output  serial.o
    0x200001cc        -       0x00000004   Zero   RW          317    .bss.heap_end       mem.o
    0x200001d0        -       0x00000004   Zero   RW          316    .bss.heap_ptr       mem.o
    0x200001d4        -       0x00000020   Zero   RW          318    .bss.heap_sem       mem.o
    0x200001f4        -       0x00000078   Zero   RW          274    .bss.idle           idle.o
    0x2000026c        -       0x00000200   Zero   RW           22    .bss.led0_stack     main.o
    0x2000046c        -       0x00000078   Zero   RW           20    .bss.led0_thread    main.o
    0x200004e4        -       0x00000200   Zero   RW           24    .bss.led1_stack     main.o
    0x200006e4        -       0x00000078   Zero   RW           23    .bss.led1_thread    main.o
    0x2000075c        -       0x00000004   Zero   RW          319    .bss.lfree          mem.o
    0x20000760        -       0x00000004   Zero   RW          321    .bss.max_mem        mem.o
    0x20000764        -       0x00000004   Zero   RW          315    .bss.mem_size_aligned  mem.o
    0x20000768        -       0x00000004   Zero   RW           61    .bss.pin_irq_enable_mask  drv_gpio.o
    0x2000076c        -       0x00000004   Zero   RW          304    .bss.rt_assert_hook  kservice.o
    0x20000770        -       0x00000001   Zero   RW          342    .bss.rt_current_priority  scheduler.o
    0x20000771   0x0800ac2c   0x00000003   PAD
    0x20000774        -       0x00000004   Zero   RW          343    .bss.rt_current_thread  scheduler.o
    0x20000778        -       0x00000004   Zero   RW          409    .bss.rt_exception_hook  cpuport.o
    0x2000077c        -       0x00000004   Zero   RW          411    .bss.rt_interrupt_from_thread  cpuport.o
    0x20000780        -       0x00000001   Zero   RW          291    .bss.rt_interrupt_nest  irq.o
    0x20000781   0x0800ac2c   0x00000003   PAD
    0x20000784        -       0x00000004   Zero   RW          412    .bss.rt_interrupt_to_thread  cpuport.o
    0x20000788        -       0x00000080   Zero   RW          302    .bss.rt_kprintf.rt_log_buf  kservice.o
    0x20000808        -       0x00000002   Zero   RW          340    .bss.rt_scheduler_lock_nest  scheduler.o
    0x2000080a   0x0800ac2c   0x00000002   PAD
    0x2000080c        -       0x00000008   Zero   RW          345    .bss.rt_thread_defunct  scheduler.o
    0x20000814        -       0x00000100   Zero   RW          341    .bss.rt_thread_priority_table  scheduler.o
    0x20000914        -       0x00000004   Zero   RW          344    .bss.rt_thread_ready_priority_group  scheduler.o
    0x20000918        -       0x00000100   Zero   RW          275    .bss.rt_thread_stack  idle.o
    0x20000a18        -       0x00000004   Zero   RW          413    .bss.rt_thread_switch_interrupt_flag  cpuport.o
    0x20000a1c        -       0x00000004   Zero   RW          240    .bss.rt_tick        clock.o
    0x20000a20        -       0x00000008   Zero   RW          366    .bss.rt_timer_list  timer.o
    0x20000a28        -       0x00000004   Zero   RW          365    .bss.rt_timer_start.random_nr  timer.o
    0x20000a2c        -       0x0000005c   Zero   RW           40    .bss.serial1        drv_usart.o
    0x20000a88        -       0x00000004   Zero   RW          320    .bss.used_mem       mem.o
    0x20000a8c   0x0800ac2c   0x00000004   PAD
    0x20000a90        -       0x00000300   Zero   RW            2    HEAP                startup_n32g4fr.o
    0x20000d90        -       0x00001500   Zero   RW            1    STACK               startup_n32g4fr.o


==============================================================================

Image component sizes


      Code (inc. data)   RO Data    RW Data    ZI Data      Debug   Object Name

       246          0          7          0          0       4207   board.o
       212          0          0          0          4       2231   clock.o
       534          0        126          0          0       3145   completion.o
       354          0        175          0          0       3273   components.o
       308         26          0          0          0        816   context_rvds.o
       598          0        309          0         16       2929   cpuport.o
      1746          0        464          0          0       5883   device.o
      2290          0       1139        192          4      12223   drv_gpio.o
      1326          8        215          0         92      10613   drv_usart.o
       366          0         67          0        376       2775   idle.o
      3214          0        662          0          0       7816   ipc.o
       118          0          0          0          1        904   irq.o
      4322        168        481          0        140      11840   kservice.o
       274          0         10          0       1264       2191   main.o
      2726          0        688          0         56       4933   mem.o
       330          0          0          0          0       2862   misc.o
       536          0          0          0          0       2581   n32g4fr_exti.o
      2134          0          0          0          0       5829   n32g4fr_gpio.o
        26          0          0          0          0        695   n32g4fr_it.o
      2460          0         64          0          0       7731   n32g4fr_rcc.o
      1832          0          0          0          0       6319   n32g4fr_usart.o
      1088          0        201         80          0       4357   object.o
       884          0        142          0         72       4836   pin.o
       980          0        175          0        275       4305   scheduler.o
      2566          0        357          0          4       7975   serial.o
        64         26        408          0       6144        880   startup_n32g4fr.o
       862          0         16          4          0       2862   system_n32g4fr.o
      2736          0        550          0          0       7363   thread.o
      1736          4        300          0         12       5569   timer.o

    ----------------------------------------------------------------------
     36904        232       6588        276       8472     139943   Object Totals
         0          0         32          0          0          0   (incl. Generated)
        36          0          0          0         12          0   (incl. Padding)

    ----------------------------------------------------------------------

      Code (inc. data)   RO Data    RW Data    ZI Data      Debug   Library Member Name

         8          0          0          0          0         68   __main.o
         0          0          0          0          0          0   __rtentry.o
        12          0          0          0          0          0   __rtentry2.o
         6          0          0          0          0          0   __rtentry4.o
        52          8          0          0          0          0   __scatter.o
        26          0          0          0          0          0   __scatter_copy.o
        28          0          0          0          0          0   __scatter_zi.o
        18          0          0          0          0         80   exit.o
         6          0          0          0          0        152   heapauxi.o
         0          0          0          0          0          0   indicate_semi.o
         2          0          0          0          0          0   libinit.o
         6          0          0          0          0          0   libinit2.o
         2          0          0          0          0          0   libshutdown.o
         2          0          0          0          0          0   libshutdown2.o
         8          4          0          0         96         68   libspace.o
         2          0          0          0          0          0   rtexit.o
        10          0          0          0          0          0   rtexit2.o
        12          4          0          0          0         68   sys_exit.o
        74          0          0          0          0         80   sys_stackheap_outer.o
         2          0          0          0          0         68   use_no_semi.o
        26          0          0          0          0        116   fpinit.o

    ----------------------------------------------------------------------
       308         16          0          0         96        700   Library Totals
         6          0          0          0          0          0   (incl. Padding)

    ----------------------------------------------------------------------

      Code (inc. data)   RO Data    RW Data    ZI Data      Debug   Library Name

       276         16          0          0         96        584   c_wu.l
        26          0          0          0          0        116   fz_wm.l

    ----------------------------------------------------------------------
       308         16          0          0         96        700   Library Totals

    ----------------------------------------------------------------------

==============================================================================


      Code (inc. data)   RO Data    RW Data    ZI Data      Debug   

     37212        248       6588        276       8568     139867   Grand Totals
     37212        248       6588        276       8568     139867   ELF Image Totals
     37212        248       6588        276          0          0   ROM Totals

==============================================================================

    Total RO  Size (Code + RO Data)                43800 (  42.77kB)
    Total RW  Size (RW Data + ZI Data)              8844 (   8.64kB)
    Total ROM Size (Code + RO Data + RW Data)      44076 (  43.04kB)

==============================================================================

