Component: Arm Compiler for Embedded 6.19 Tool: armlink [5e73cb00]

==============================================================================

Section Cross References

    startup_n32g4fr.o(STACK) refers (Special) to heapauxi.o(.text) for __use_two_region_memory
    startup_n32g4fr.o(HEAP) refers (Special) to heapauxi.o(.text) for __use_two_region_memory
    startup_n32g4fr.o(RESET) refers (Special) to heapauxi.o(.text) for __use_two_region_memory
    startup_n32g4fr.o(RESET) refers to startup_n32g4fr.o(STACK) for __initial_sp
    startup_n32g4fr.o(RESET) refers to startup_n32g4fr.o(.text) for Reset_Handler
    startup_n32g4fr.o(RESET) refers to n32g4fr_it.o(.text) for NMI_Handler
    startup_n32g4fr.o(RESET) refers to context_rvds.o(.text) for HardFault_Handler
    startup_n32g4fr.o(RESET) refers to board.o(.text) for SysTick_Handler
    startup_n32g4fr.o(RESET) refers to drv_gpio.o(.text) for EXTI0_IRQHandler
    startup_n32g4fr.o(RESET) refers to drv_usart.o(.text) for USART1_IRQHandler
    startup_n32g4fr.o(.text) refers (Special) to heapauxi.o(.text) for __use_two_region_memory
    startup_n32g4fr.o(.text) refers to system_n32g4fr.o(.text) for SystemInit
    startup_n32g4fr.o(.text) refers to __main.o(!!!main) for __main
    startup_n32g4fr.o(.text) refers to startup_n32g4fr.o(HEAP) for Heap_Mem
    startup_n32g4fr.o(.text) refers to startup_n32g4fr.o(STACK) for Stack_Mem
    board.o(.text) refers to misc.o(.text) for NVIC_SetVectorTable
    board.o(.text) refers to irq.o(.text) for rt_interrupt_enter
    board.o(.text) refers to clock.o(.text) for rt_tick_increase
    board.o(.text) refers to system_n32g4fr.o(.data.SystemCoreClock) for SystemCoreClock
    board.o(.text) refers to mem.o(.text) for rt_system_heap_init
    board.o(.text) refers to components.o(.text) for rt_components_board_init
    board.o(.text) refers to board.o(.rodata.str1.1) for .L.str
    board.o(.text) refers to kservice.o(.text) for rt_console_set_device
    board.o(.ARM.exidx) refers to board.o(.text) for [Anonymous Symbol]
    main.o(.text) refers to pin.o(.text) for rt_pin_read
    main.o(.text) refers to main.o(.rodata.str1.1) for .L.str
    main.o(.text) refers to kservice.o(.text) for rt_kprintf
    main.o(.text) refers to thread.o(.text) for rt_thread_delay
    main.o(.ARM.exidx) refers to main.o(.text) for [Anonymous Symbol]
    n32g4fr_it.o(.ARM.exidx) refers to n32g4fr_it.o(.text) for [Anonymous Symbol]
    drv_usart.o(.text) refers to irq.o(.text) for rt_interrupt_enter
    drv_usart.o(.text) refers to drv_usart.o(.bss.serial1) for serial1
    drv_usart.o(.text) refers to drv_usart.o(.rodata.str1.1) for .L.str
    drv_usart.o(.text) refers to kservice.o(.text) for rt_assert_handler
    drv_usart.o(.text) refers to n32g4fr_usart.o(.text) for USART_GetIntStatus
    drv_usart.o(.text) refers to serial.o(.text) for rt_hw_serial_isr
    drv_usart.o(.text) refers to n32g4fr_rcc.o(.text) for RCC_EnableAPB2PeriphClk
    drv_usart.o(.text) refers to n32g4fr_gpio.o(.text) for GPIO_InitPeripheral
    drv_usart.o(.text) refers to drv_usart.o(.rodata.uarts) for uarts
    drv_usart.o(.text) refers to drv_usart.o(.rodata.n32g4fr_uart_ops) for n32g4fr_uart_ops
    drv_usart.o(.text) refers to misc.o(.text) for NVIC_PriorityGroupConfig
    drv_usart.o(.ARM.exidx) refers to drv_usart.o(.text) for [Anonymous Symbol]
    drv_usart.o(.rodata.n32g4fr_uart_ops) refers to drv_usart.o(.text) for n32g4fr_configure
    drv_usart.o(.rodata.uarts) refers to drv_usart.o(.bss.serial1) for serial1
    drv_usart.o(.rodata.uarts) refers to drv_usart.o(.rodata.str1.1) for [Anonymous Symbol]
    drv_usart.o(.rti_fn.1) refers to drv_usart.o(.rodata.__rti_rt_hw_usart_init_name) for __rti_rt_hw_usart_init_name
    drv_usart.o(.rti_fn.1) refers to drv_usart.o(.text) for rt_hw_usart_init
    drv_gpio.o(.text) refers to n32g4fr_rcc.o(.text) for RCC_EnableAPB2PeriphClk
    drv_gpio.o(.text) refers to drv_gpio.o(.rodata.str1.1) for .L.str
    drv_gpio.o(.text) refers to drv_gpio.o(.rodata._N32G4FR_pin_ops) for _N32G4FR_pin_ops
    drv_gpio.o(.text) refers to pin.o(.text) for rt_device_pin_register
    drv_gpio.o(.text) refers to n32g4fr_exti.o(.text) for EXTI_GetITStatus
    drv_gpio.o(.text) refers to drv_gpio.o(.data.pin_irq_hdr_tab) for pin_irq_hdr_tab
    drv_gpio.o(.text) refers to irq.o(.text) for rt_interrupt_enter
    drv_gpio.o(.text) refers to n32g4fr_gpio.o(.text) for GPIO_InitPeripheral
    drv_gpio.o(.text) refers to context_rvds.o(.text) for rt_hw_interrupt_disable
    drv_gpio.o(.text) refers to drv_gpio.o(.rodata.pin_irq_map) for pin_irq_map
    drv_gpio.o(.text) refers to drv_gpio.o(.bss.pin_irq_enable_mask) for pin_irq_enable_mask
    drv_gpio.o(.text) refers to drv_gpio.o(.rodata.pins) for pins
    drv_gpio.o(.ARM.exidx) refers to drv_gpio.o(.text) for [Anonymous Symbol]
    drv_gpio.o(.rodata._N32G4FR_pin_ops) refers to drv_gpio.o(.text) for N32G4FR_pin_mode
[...]
    .L.str.7                                 0x0800b0ab   Data          58  thread.o(.rodata.str1.1)
    .L.str.5                                 0x0800b0e5   Data          59  thread.o(.rodata.str1.1)
    .L.str.6                                 0x0800b120   Data          16  thread.o(.rodata.str1.1)
    .L.str.1                                 0x0800b130   Data          23  thread.o(.rodata.str1.1)
    .L.str.2                                 0x0800b147   Data          55  thread.o(.rodata.str1.1)
    .L.str.9                                 0x0800b17e   Data          34  thread.o(.rodata.str1.1)
    .L.str.3                                 0x0800b1a0   Data          66  thread.o(.rodata.str1.1)
    .L__FUNCTION__.rt_thread_suspend         0x0800b1e2   Data          18  thread.o(.rodata.str1.1)
    .L__FUNCTION__.rt_thread_find            0x0800b1f4   Data          15  thread.o(.rodata.str1.1)
    .L__FUNCTION__.rt_thread_resume          0x0800b203   Data          17  thread.o(.rodata.str1.1)
    .L__FUNCTION__.rt_thread_delete          0x0800b214   Data          17  thread.o(.rodata.str1.1)
    .L__FUNCTION__.rt_thread_detach          0x0800b225   Data          17  thread.o(.rodata.str1.1)
    .L__FUNCTION__.rt_thread_delay_until     0x0800b236   Data          22  thread.o(.rodata.str1.1)
    .L__FUNCTION__.rt_thread_control         0x0800b24c   Data          18  thread.o(.rodata.str1.1)
    .L__FUNCTION__.rt_thread_sleep           0x0800b25e   Data          16  thread.o(.rodata.str1.1)
    .L__FUNCTION__.rt_thread_startup         0x0800b26e   Data          18  thread.o(.rodata.str1.1)
    .L__FUNCTION__._rt_thread_init           0x0800b280   Data          16  thread.o(.rodata.str1.1)
    .L__FUNCTION__.rt_thread_init            0x0800b281   Data          15  thread.o(.rodata.str1.1)
    .L__FUNCTION__.rt_thread_timeout         0x0800b290   Data          18  thread.o(.rodata.str1.1)
    .L.str.2                                 0x0800b2a2   Data          42  timer.o(.rodata.str1.1)
    [Anonymous Symbol]                       0x0800b2a2   Section        0  timer.o(.rodata.str1.1)
    .L.str.4                                 0x0800b2cc   Data          35  timer.o(.rodata.str1.1)
    .L.str.3                                 0x0800b2ef   Data          54  timer.o(.rodata.str1.1)
    .L.str                                   0x0800b325   Data          17  timer.o(.rodata.str1.1)
    .L__FUNCTION__.rt_timer_delete           0x0800b336   Data          16  timer.o(.rodata.str1.1)
    .L__FUNCTION__.rt_timer_detach           0x0800b346   Data          16  timer.o(.rodata.str1.1)
    .L__FUNCTION__.rt_timer_control          0x0800b356   Data          17  timer.o(.rodata.str1.1)
    .L__FUNCTION__.rt_timer_stop             0x0800b367   Data          14  timer.o(.rodata.str1.1)
    .L.str.1                                 0x0800b375   Data          60  timer.o(.rodata.str1.1)
    .L__FUNCTION__.rt_timer_init             0x0800b3b1   Data          14  timer.o(.rodata.str1.1)
    .L__FUNCTION__.rt_timer_start            0x0800b3bf   Data          15  timer.o(.rodata.str1.1)
    .L.str.1                                 0x0800b3ce   Data          15  pin.o(.rodata.str1.1)
    [Anonymous Symbol]                       0x0800b3ce   Section        0  pin.o(.rodata.str1.1)
    .L.str                                   0x0800b3dd   Data          23  pin.o(.rodata.str1.1)
    .L__FUNCTION__.rt_pin_read               0x0800b3f4   Data          12  pin.o(.rodata.str1.1)
    .L__FUNCTION__._pin_read                 0x0800b3f6   Data          10  pin.o(.rodata.str1.1)
    .L__FUNCTION__.rt_pin_mode               0x0800b400   Data          12  pin.o(.rodata.str1.1)
    .L__FUNCTION__.rt_pin_irq_enable         0x0800b40c   Data          18  pin.o(.rodata.str1.1)
    .L__FUNCTION__.rt_pin_write              0x0800b41e   Data          13  pin.o(.rodata.str1.1)
    .L__FUNCTION__._pin_write                0x0800b420   Data          11  pin.o(.rodata.str1.1)
    .L__FUNCTION__._pin_control              0x0800b42b   Data          13  pin.o(.rodata.str1.1)
    .L__FUNCTION__.rt_pin_detach_irq         0x0800b438   Data          18  pin.o(.rodata.str1.1)
    .L__FUNCTION__.rt_pin_attach_irq         0x0800b44a   Data          18  pin.o(.rodata.str1.1)
    .L.str.5                                 0x0800b45c   Data          10  serial.o(.rodata.str1.1)
    [Anonymous Symbol]                       0x0800b45c   Section        0  serial.o(.rodata.str1.1)
    .L.str.6                                 0x0800b466   Data          99  serial.o(.rodata.str1.1)
    .L.str.1                                 0x0800b4c9   Data          19  serial.o(.rodata.str1.1)
    .L.str.3                                 0x0800b4dc   Data          19  serial.o(.rodata.str1.1)
    .L.str.4                                 0x0800b4ef   Data          14  serial.o(.rodata.str1.1)
    .L__FUNCTION__.rt_serial_read            0x0800b4fd   Data          15  serial.o(.rodata.str1.1)
    .L__FUNCTION__.rt_serial_close           0x0800b50c   Data          16  serial.o(.rodata.str1.1)
    .L__FUNCTION__.rt_serial_write           0x0800b51c   Data          16  serial.o(.rodata.str1.1)
    .L__FUNCTION__.rt_serial_control         0x0800b52c   Data          18  serial.o(.rodata.str1.1)
    .L__FUNCTION__.rt_serial_open            0x0800b53e   Data          15  serial.o(.rodata.str1.1)
    .L__FUNCTION__.rt_hw_serial_register     0x0800b54d   Data          22  serial.o(.rodata.str1.1)
    .L__FUNCTION__.rt_hw_serial_isr          0x0800b563   Data          17  serial.o(.rodata.str1.1)
    .L__FUNCTION__.rt_serial_init            0x0800b574   Data          15  serial.o(.rodata.str1.1)
    .L__FUNCTION__._serial_poll_rx           0x0800b583   Data          16  serial.o(.rodata.str1.1)
    .L__FUNCTION__._serial_int_rx            0x0800b593   Data          15  serial.o(.rodata.str1.1)
    .L__FUNCTION__._serial_poll_tx           0x0800b5a2   Data          16  serial.o(.rodata.str1.1)
    .L__FUNCTION__._serial_int_tx            0x0800b5b2   Data          15  serial.o(.rodata.str1.1)
    .L.str.1                                 0x0800b5c1   Data          47  completion.o(.rodata.str1.1)
    [Anonymous Symbol]                       0x0800b5c1   Section        0  completion.o(.rodata.str1.1)
    .L.str                                   0x0800b5f0   Data          22  completion.o(.rodata.str1.1)
    .L__FUNCTION__.rt_completion_done        0x0800b606   Data          19  completion.o(.rodata.str1.1)
    .L__FUNCTION__.rt_completion_wait        0x0800b619   Data          19  completion.o(.rodata.str1.1)
    .L__FUNCTION__.rt_completion_init        0x0800b62c   Data          19  completion.o(.rodata.str1.1)
    .L.str.4                                 0x0800b63f   Data           9  i2c_core.o(.rodata.str1.1)
    .L.str.4                                 0x0800b63f   Data           9  i2c_core.o(.rodata.str1.1)
    [Anonymous Symbol]                       0x0800b63f   Section        0  i2c_core.o(.rodata.str1.1)
    .L.str.1                                 0x0800b648   Data           9  i2c_core.o(.rodata.str1.1)
    .L.str                                   0x0800b651   Data          15  i2c_core.o(.rodata.str1.1)
    .L.str.7                                 0x0800b651   Data          15  i2c_core.o(.rodata.str1.1)
    .L.str.2                                 0x0800b660   Data          24  i2c_core.o(.rodata.str1.1)
    .L.str.6                                 0x0800b678   Data          32  i2c_core.o(.rodata.str1.1)
    .L.str                                   0x0800b698   Data          13  i2c_core.o(.rodata.str1.1)
    .L.str.5                                 0x0800b6a5   Data          21  i2c_core.o(.rodata.str1.1)
    .L__FUNCTION__.rt_i2c_master_recv        0x0800b6ba   Data          19  i2c_core.o(.rodata.str1.1)
    .L.str                                   0x0800b6cd   Data           9  i2c-bit-ops.o(.rodata.str1.1)
    [Anonymous Symbol]                       0x0800b6cd   Section        0  i2c-bit-ops.o(.rodata.str1.1)
    .L.str.7                                 0x0800b6d6   Data          21  i2c-bit-ops.o(.rodata.str1.1)
    .L.str.8                                 0x0800b6eb   Data          21  i2c-bit-ops.o(.rodata.str1.1)
    .L.str.5                                 0x0800b700   Data          28  i2c-bit-ops.o(.rodata.str1.1)
    .L.str.3                                 0x0800b71c   Data          26  i2c-bit-ops.o(.rodata.str1.1)
    .L.str.1                                 0x0800b736   Data          25  i2c-bit-ops.o(.rodata.str1.1)
    .L.str.6                                 0x0800b74f   Data          17  i2c-bit-ops.o(.rodata.str1.1)
    .L.str.1                                 0x0800b760   Data          18  i2c_dev.o(.rodata.str1.1)
    [Anonymous Symbol]                       0x0800b760   Section        0  i2c_dev.o(.rodata.str1.1)
    .L__FUNCTION__.i2c_bus_device_read       0x0800b772   Data          20  i2c_dev.o(.rodata.str1.1)
    .L__FUNCTION__.i2c_bus_device_write      0x0800b786   Data          21  i2c_dev.o(.rodata.str1.1)
    .L__FUNCTION__.i2c_bus_device_control    0x0800b79b   Data          23  i2c_dev.o(.rodata.str1.1)
    .L__FUNCTION__.rt_i2c_bus_device_device_init 0x0800b7b2   Data          30  i2c_dev.o(.rodata.str1.1)
    .L.str.17                                0x0800b7d0   Data          26  cpuport.o(.rodata.str1.1)
    [Anonymous Symbol]                       0x0800b7d0   Section        0  cpuport.o(.rodata.str1.1)
    .L.str.16                                0x0800b7ea   Data          29  cpuport.o(.rodata.str1.1)
    .L.str.18                                0x0800b807   Data          14  cpuport.o(.rodata.str1.1)
    .L.str.19                                0x0800b815   Data          13  cpuport.o(.rodata.str1.1)
    .L.str.1                                 0x0800b822   Data          13  cpuport.o(.rodata.str1.1)
    .L.str.11                                0x0800b82f   Data          13  cpuport.o(.rodata.str1.1)
    .L.str.2                                 0x0800b83c   Data          13  cpuport.o(.rodata.str1.1)
    .L.str.12                                0x0800b849   Data          13  cpuport.o(.rodata.str1.1)
    .L.str.3                                 0x0800b856   Data          13  cpuport.o(.rodata.str1.1)
    .L.str.13                                0x0800b863   Data          13  cpuport.o(.rodata.str1.1)
    .L.str.4                                 0x0800b870   Data          13  cpuport.o(.rodata.str1.1)
    .L.str.5                                 0x0800b87d   Data          13  cpuport.o(.rodata.str1.1)
    .L.str.6                                 0x0800b88a   Data          13  cpuport.o(.rodata.str1.1)
    .L.str.7                                 0x0800b897   Data          13  cpuport.o(.rodata.str1.1)
    .L.str.8                                 0x0800b8a4   Data          13  cpuport.o(.rodata.str1.1)
    .L.str.9                                 0x0800b8b1   Data          13  cpuport.o(.rodata.str1.1)
    .L.str.10                                0x0800b8be   Data          13  cpuport.o(.rodata.str1.1)
    .L.str.15                                0x0800b8cb   Data          13  cpuport.o(.rodata.str1.1)
    .L.str.14                                0x0800b8d8   Data          13  cpuport.o(.rodata.str1.1)
    .L.str                                   0x0800b8e5   Data          13  cpuport.o(.rodata.str1.1)
    .L.str.2                                 0x0800b8f0   Data           2  cpuport.o(.rodata.str1.1)
    .L.str.3                                 0x0800b8f0   Data           2  cpuport.o(.rodata.str1.1)
    .L.str.7                                 0x0800b8f0   Data           2  cpuport.o(.rodata.str1.1)
    .L__FUNCTION__.rt_hw_cpu_shutdown        0x0800b8f2   Data          19  cpuport.o(.rodata.str1.1)
    uarts                                    0x0800b908   Data          52  drv_usart.o(.rodata.uarts)
    [Anonymous Symbol]                       0x0800b908   Section        0  drv_usart.o(.rodata.uarts)
    __tagsym$$used.0                         0x0800b93c   Number         0  components.o(.rti_fn.0)
    __tagsym$$used.1                         0x0800b944   Number         0  components.o(.rti_fn.0.end)
    __tagsym$$used.0                         0x0800b94c   Number         0  drv_usart.o(.rti_fn.1)
    __tagsym$$used.0                         0x0800b954   Number         0  drv_gpio.o(.rti_fn.1)
    __tagsym$$used.2                         0x0800b95c   Number         0  components.o(.rti_fn.1.end)
    __tagsym$$used.0                         0x0800b964   Number         0  drv_i2c.o(.rti_fn.3)
    __tagsym$$used.0                         0x0800b96c   Number         0  i2c_core.o(.rti_fn.4)
    __tagsym$$used.3                         0x0800b974   Number         0  components.o(.rti_fn.6.end)
    pin_irq_hdr_tab                          0x20000004   Data         192  drv_gpio.o(.data.pin_irq_hdr_tab)
    [Anonymous Symbol]                       0x20000004   Section        0  drv_gpio.o(.data.pin_irq_hdr_tab)
    rt_object_container                      0x200000c4   Data          80  object.o(.data.rt_object_container)
    [Anonymous Symbol]                       0x200000c4   Section        0  object.o(.data.rt_object_container)
    .bss                                     0x20000118   Section       96  libspace.o(.bss)
    __rt_errno                               0x20000178   Data           4  kservice.o(.bss.__rt_errno)
    [Anonymous Symbol]                       0x20000178   Section        0  kservice.o(.bss.__rt_errno)
    _console_device                          0x2000017c   Data           4  kservice.o(.bss._console_device)
    [Anonymous Symbol]                       0x2000017c   Section        0  kservice.o(.bss._console_device)
    _hw_pin                                  0x20000180   Data          72  pin.o(.bss._hw_pin)
    [Anonymous Symbol]                       0x20000180   Section        0  pin.o(.bss._hw_pin)
    _serial_check_buffer_size.already_output 0x200001c8   Data           4  serial.o(.bss._serial_check_buffer_size.already_output)
    [Anonymous Symbol]                       0x200001c8   Section        0  serial.o(.bss._serial_check_buffer_size.already_output)
    heap_end                                 0x200001cc   Data           4  mem.o(.bss.heap_end)
    [Anonymous Symbol]                       0x200001cc   Section        0  mem.o(.bss.heap_end)
    heap_ptr                                 0x200001d0   Data           4  mem.o(.bss.heap_ptr)
    [Anonymous Symbol]                       0x200001d0   Section        0  mem.o(.bss.heap_ptr)
    heap_sem                                 0x200001d4   Data          32  mem.o(.bss.heap_sem)
    [Anonymous Symbol]                       0x200001d4   Section        0  mem.o(.bss.heap_sem)
    idle                                     0x200001f4   Data         120  idle.o(.bss.idle)
    [Anonymous Symbol]                       0x200001f4   Section        0  idle.o(.bss.idle)
    lfree                                    0x2000026c   Data           4  mem.o(.bss.lfree)
    [Anonymous Symbol]                       0x2000026c   Section        0  mem.o(.bss.lfree)
    max_mem                                  0x20000270   Data           4  mem.o(.bss.max_mem)
    [Anonymous Symbol]                       0x20000270   Section        0  mem.o(.bss.max_mem)
    mem_size_aligned                         0x20000274   Data           4  mem.o(.bss.mem_size_aligned)
    [Anonymous Symbol]                       0x20000274   Section        0  mem.o(.bss.mem_size_aligned)
    pin_irq_enable_mask                      0x20000278   Data           4  drv_gpio.o(.bss.pin_irq_enable_mask)
    [Anonymous Symbol]                       0x20000278   Section        0  drv_gpio.o(.bss.pin_irq_enable_mask)
    rt_exception_hook                        0x20000288   Data           4  cpuport.o(.bss.rt_exception_hook)
    [Anonymous Symbol]                       0x20000288   Section        0  cpuport.o(.bss.rt_exception_hook)
    rt_hw_i2c_init.i2c_device                0x2000028c   Data         124  drv_i2c.o(.bss.rt_hw_i2c_init.i2c_device)
    [Anonymous Symbol]                       0x2000028c   Section        0  drv_i2c.o(.bss.rt_hw_i2c_init.i2c_device)
    rt_kprintf.rt_log_buf                    0x20000314   Data         128  kservice.o(.bss.rt_kprintf.rt_log_buf)
    [Anonymous Symbol]                       0x20000314   Section        0  kservice.o(.bss.rt_kprintf.rt_log_buf)
    rt_scheduler_lock_nest                   0x20000394   Data           2  scheduler.o(.bss.rt_scheduler_lock_nest)
    [Anonymous Symbol]                       0x20000394   Section        0  scheduler.o(.bss.rt_scheduler_lock_nest)
    rt_thread_stack                          0x200004a4   Data         256  idle.o(.bss.rt_thread_stack)
    [Anonymous Symbol]                       0x200004a4   Section        0  idle.o(.bss.rt_thread_stack)
    rt_tick                                  0x200005a8   Data           4  clock.o(.bss.rt_tick)
    [Anonymous Symbol]                       0x200005a8   Section        0  clock.o(.bss.rt_tick)
    rt_timer_list                            0x200005ac   Data           8  timer.o(.bss.rt_timer_list)
    [Anonymous Symbol]                       0x200005ac   Section        0  timer.o(.bss.rt_timer_list)
    rt_timer_start.random_nr                 0x200005b4   Data           4  timer.o(.bss.rt_timer_start.random_nr)
    [Anonymous Symbol]                       0x200005b4   Section        0  timer.o(.bss.rt_timer_start.random_nr)
    used_mem                                 0x20000614   Data           4  mem.o(.bss.used_mem)
    [Anonymous Symbol]                       0x20000614   Section        0  mem.o(.bss.used_mem)
    Heap_Mem                                 0x20000618   Data         768  startup_n32g4fr.o(HEAP)
    HEAP                                     0x20000618   Section      768  startup_n32g4fr.o(HEAP)
    Stack_Mem                                0x20000918   Data        5376  startup_n32g4fr.o(STACK)
    STACK                                    0x20000918   Section     5376  startup_n32g4fr.o(STACK)
    __initial_sp                             0x20001e18   Data           0  startup_n32g4fr.o(STACK)

    Global Symbols

    Symbol Name                              Value     Ov Type        Size  Object(Section)

    BuildAttributes$$THM_ISAv4$E$P$D$K$B$S$7EM$VFPi3$EXTD16$VFPS$VFMA$PE$A:L22UL41UL21$X:L11$S22US41US21$IEEE1$IW$~IW$USESV6$~STKCKD$USESV7$WCHAR32$ENUMINT$~SHL$OTIME$ROPI$IEEEX$EBA8$UX$STANDARDLIB$REQ8$PRES8$EABIv2 0x00000000   Number         0  anon$$obj.o ABSOLUTE
    __ARM_exceptions_init                     - Undefined Weak Reference
    __alloca_initialize                       - Undefined Weak Reference
    __arm_preinit_                            - Undefined Weak Reference
    __arm_relocate_pie_                       - Undefined Weak Reference
    __cpp_initialize__aeabi_                  - Undefined Weak Reference
    __cxa_finalize                            - Undefined Weak Reference
    __rt_locale                               - Undefined Weak Reference
    __sigvec_lookup                           - Undefined Weak Reference
    _atexit_init                              - Undefined Weak Reference
    _call_atexit_fns                          - Undefined Weak Reference
    _clock_init                               - Undefined Weak Reference
    _fp_trap_init                             - Undefined Weak Reference
    _fp_trap_shutdown                         - Undefined Weak Reference
    _get_lc_collate                           - Undefined Weak Reference
    _get_lc_ctype                             - Undefined Weak Reference
    _get_lc_monetary                          - Undefined Weak Reference
    _get_lc_numeric                           - Undefined Weak Reference
    _get_lc_time                              - Undefined Weak Reference
    _getenv_init                              - Undefined Weak Reference
    _handle_redirection                       - Undefined Weak Reference
    _init_alloc                               - Undefined Weak Reference
    _init_user_alloc                          - Undefined Weak Reference
    _initio                                   - Undefined Weak Reference
    _rand_init                                - Undefined Weak Reference
    _signal_finish                            - Undefined Weak Reference
    _signal_init                              - Undefined Weak Reference
    _terminate_alloc                          - Undefined Weak Reference
    _terminate_user_alloc                     - Undefined Weak Reference
    _terminateio                              - Undefined Weak Reference
    __Vectors_Size                           0x00000198   Number         0  startup_n32g4fr.o ABSOLUTE
    __Vectors                                0x08000000   Data           4  startup_n32g4fr.o(RESET)
    __Vectors_End                            0x08000198   Data           0  startup_n32g4fr.o(RESET)
    __main                                   0x08000199   Thumb Code     8  __main.o(!!!main)
    __scatterload                            0x080001a1   Thumb Code     0  __scatter.o(!!!scatter)
    __scatterload_rt2                        0x080001a1   Thumb Code    44  __scatter.o(!!!scatter)
    __scatterload_rt2_thumb_only             0x080001a1   Thumb Code     0  __scatter.o(!!!scatter)
    __scatterload_null                       0x080001af   Thumb Code     0  __scatter.o(!!!scatter)
    __scatterload_copy                       0x080001d5   Thumb Code    26  __scatter_copy.o(!!handler_copy)
    __scatterload_zeroinit                   0x080001f1   Thumb Code    28  __scatter_zi.o(!!handler_zi)
    __rt_lib_init                            0x0800020d   Thumb Code     0  libinit.o(.ARM.Collect$$libinit$$00000000)
    __rt_lib_init_fp_1                       0x0800020f   Thumb Code     0  libinit2.o(.ARM.Collect$$libinit$$00000001)
    __rt_lib_init_alloca_1                   0x08000213   Thumb Code     0  libinit2.o(.ARM.Collect$$libinit$$00000030)
    __rt_lib_init_argv_1                     0x08000213   Thumb Code     0  libinit2.o(.ARM.Collect$$libinit$$0000002E)
    __rt_lib_init_atexit_1                   0x08000213   Thumb Code     0  libinit2.o(.ARM.Collect$$libinit$$0000001D)
    __rt_lib_init_clock_1                    0x08000213   Thumb Code     0  libinit2.o(.ARM.Collect$$libinit$$00000023)
    __rt_lib_init_cpp_1                      0x08000213   Thumb Code     0  libinit2.o(.ARM.Collect$$libinit$$00000034)
    __rt_lib_init_exceptions_1               0x08000213   Thumb Code     0  libinit2.o(.ARM.Collect$$libinit$$00000032)
    __rt_lib_init_fp_trap_1                  0x08000213   Thumb Code     0  libinit2.o(.ARM.Collect$$libinit$$00000021)
    __rt_lib_init_getenv_1                   0x08000213   Thumb Code     0  libinit2.o(.ARM.Collect$$libinit$$00000025)
    __rt_lib_init_heap_1                     0x08000213   Thumb Code     0  libinit2.o(.ARM.Collect$$libinit$$0000000C)
    __rt_lib_init_lc_collate_1               0x08000213   Thumb Code     0  libinit2.o(.ARM.Collect$$libinit$$00000013)
    __rt_lib_init_lc_ctype_1                 0x08000213   Thumb Code     0  libinit2.o(.ARM.Collect$$libinit$$00000015)
    __rt_lib_init_lc_monetary_1              0x08000213   Thumb Code     0  libinit2.o(.ARM.Collect$$libinit$$00000017)
    __rt_lib_init_lc_numeric_1               0x08000213   Thumb Code     0  libinit2.o(.ARM.Collect$$libinit$$00000019)
    __rt_lib_init_lc_time_1                  0x08000213   Thumb Code     0  libinit2.o(.ARM.Collect$$libinit$$0000001B)
    __rt_lib_init_preinit_1                  0x08000213   Thumb Code     0  libinit2.o(.ARM.Collect$$libinit$$00000006)
    __rt_lib_init_rand_1                     0x08000213   Thumb Code     0  libinit2.o(.ARM.Collect$$libinit$$00000010)
    __rt_lib_init_relocate_pie_1             0x08000213   Thumb Code     0  libinit2.o(.ARM.Collect$$libinit$$00000004)
    __rt_lib_init_return                     0x08000213   Thumb Code     0  libinit2.o(.ARM.Collect$$libinit$$00000035)
    __rt_lib_init_signal_1                   0x08000213   Thumb Code     0  libinit2.o(.ARM.Collect$$libinit$$0000001F)
    __rt_lib_init_stdio_1                    0x08000213   Thumb Code     0  libinit2.o(.ARM.Collect$$libinit$$00000027)
    __rt_lib_init_user_alloc_1               0x08000213   Thumb Code     0  libinit2.o(.ARM.Collect$$libinit$$0000000E)
    __rt_lib_shutdown                        0x08000215   Thumb Code     0  libshutdown.o(.ARM.Collect$$libshutdown$$00000000)
    __rt_lib_shutdown_cpp_1                  0x08000217   Thumb Code     0  libshutdown2.o(.ARM.Collect$$libshutdown$$00000002)
    __rt_lib_shutdown_fp_trap_1              0x08000217   Thumb Code     0  libshutdown2.o(.ARM.Collect$$libshutdown$$00000007)
    __rt_lib_shutdown_heap_1                 0x08000217   Thumb Code     0  libshutdown2.o(.ARM.Collect$$libshutdown$$0000000F)
    __rt_lib_shutdown_return                 0x08000217   Thumb Code     0  libshutdown2.o(.ARM.Collect$$libshutdown$$00000010)
    __rt_lib_shutdown_signal_1               0x08000217   Thumb Code     0  libshutdown2.o(.ARM.Collect$$libshutdown$$0000000A)
    __rt_lib_shutdown_stdio_1                0x08000217   Thumb Code     0  libshutdown2.o(.ARM.Collect$$libshutdown$$00000004)
    __rt_lib_shutdown_user_alloc_1           0x08000217   Thumb Code     0  libshutdown2.o(.ARM.Collect$$libshutdown$$0000000C)
    __rt_entry                               0x08000219   Thumb Code     0  __rtentry.o(.ARM.Collect$$rtentry$$00000000)
    __rt_entry_presh_1                       0x08000219   Thumb Code     0  __rtentry2.o(.ARM.Collect$$rtentry$$00000002)
    __rt_entry_sh                            0x08000219   Thumb Code     0  __rtentry4.o(.ARM.Collect$$rtentry$$00000004)
    __rt_entry_li                            0x0800021f   Thumb Code     0  __rtentry2.o(.ARM.Collect$$rtentry$$0000000A)
    __rt_entry_postsh_1                      0x0800021f   Thumb Code     0  __rtentry2.o(.ARM.Collect$$rtentry$$00000009)
    __rt_entry_main                          0x08000223   Thumb Code     0  __rtentry2.o(.ARM.Collect$$rtentry$$0000000D)
    __rt_entry_postli_1                      0x08000223   Thumb Code     0  __rtentry2.o(.ARM.Collect$$rtentry$$0000000C)
    __rt_exit                                0x0800022b   Thumb Code     0  rtexit.o(.ARM.Collect$$rtexit$$00000000)
    __rt_exit_ls                             0x0800022d   Thumb Code     0  rtexit2.o(.ARM.Collect$$rtexit$$00000003)
    __rt_exit_prels_1                        0x0800022d   Thumb Code     0  rtexit2.o(.ARM.Collect$$rtexit$$00000002)
    __rt_exit_exit                           0x08000231   Thumb Code     0  rtexit2.o(.ARM.Collect$$rtexit$$00000004)
    Reset_Handler                            0x08000239   Thumb Code     8  startup_n32g4fr.o(.text)
    ADC1_2_IRQHandler                        0x08000253   Thumb Code     0  startup_n32g4fr.o(.text)
    CAN1_RX1_IRQHandler                      0x08000253   Thumb Code     0  startup_n32g4fr.o(.text)
    CAN1_SCE_IRQHandler                      0x08000253   Thumb Code     0  startup_n32g4fr.o(.text)
    CAN2_RX0_IRQHandler                      0x08000253   Thumb Code     0  startup_n32g4fr.o(.text)
    CAN2_RX1_IRQHandler                      0x08000253   Thumb Code     0  startup_n32g4fr.o(.text)
    CAN2_SCE_IRQHandler                      0x08000253   Thumb Code     0  startup_n32g4fr.o(.text)
    CAN2_TX_IRQHandler                       0x08000253   Thumb Code     0  startup_n32g4fr.o(.text)
    DMA1_Channel1_IRQHandler                 0x08000253   Thumb Code     0  startup_n32g4fr.o(.text)
    DMA1_Channel2_IRQHandler                 0x08000253   Thumb Code     0  startup_n32g4fr.o(.text)
    DMA1_Channel3_IRQHandler                 0x08000253   Thumb Code     0  startup_n32g4fr.o(.text)
    DMA1_Channel4_IRQHandler                 0x08000253   Thumb Code     0  startup_n32g4fr.o(.text)
    DMA1_Channel5_IRQHandler                 0x08000253   Thumb Code     0  startup_n32g4fr.o(.text)
    DMA1_Channel6_IRQHandler                 0x08000253   Thumb Code     0  startup_n32g4fr.o(.text)
    DMA1_Channel7_IRQHandler                 0x08000253   Thumb Code     0  startup_n32g4fr.o(.text)
    DMA1_Channel8_IRQHandler                 0x08000253   Thumb Code     0  startup_n32g4fr.o(.text)
    DMA2_Channel1_IRQHandler                 0x08000253   Thumb Code     0  startup_n32g4fr.o(.text)
    DMA2_Channel2_IRQHandler                 0x08000253   Thumb Code     0  startup_n32g4fr.o(.text)
    DMA2_Channel3_IRQHandler                 0x08000253   Thumb Code     0  startup_n32g4fr.o(.text)
    DMA2_Channel4_IRQHandler                 0x08000253   Thumb Code     0  startup_n32g4fr.o(.text)
    DMA2_Channel5_IRQHandler                 0x08000253   Thumb Code     0  startup_n32g4fr.o(.text)
    DMA2_Channel6_IRQHandler                 0x08000253   Thumb Code     0  startup_n32g4fr.o(.text)
    DMA2_Channel7_IRQHandler                 0x08000253   Thumb Code     0  startup_n32g4fr.o(.text)
    DMA2_Channel8_IRQHandler                 0x08000253   Thumb Code     0  startup_n32g4fr.o(.text)
    DVP_IRQHandler                           0x08000253   Thumb Code     0  startup_n32g4fr.o(.text)
    FLASH_IRQHandler                         0x08000253   Thumb Code     0  startup_n32g4fr.o(.text)
    I2C1_ER_IRQHandler                       0x08000253   Thumb Code     0  startup_n32g4fr.o(.text)
    I2C1_EV_IRQHandler                       0x08000253   Thumb Code     0  startup_n32g4fr.o(.text)
    I2C2_ER_IRQHandler                       0x08000253   Thumb Code     0  startup_n32g4fr.o(.text)
    I2C2_EV_IRQHandler                       0x08000253   Thumb Code     0  startup_n32g4fr.o(.text)
    I2C3_ER_IRQHandler                       0x08000253   Thumb Code     0  startup_n32g4fr.o(.text)
    I2C3_EV_IRQHandler                       0x08000253   Thumb Code     0  startup_n32g4fr.o(.text)
    I2C4_ER_IRQHandler                       0x08000253   Thumb Code     0  startup_n32g4fr.o(.text)
    I2C4_EV_IRQHandler                       0x08000253   Thumb Code     0  startup_n32g4fr.o(.text)
    MMU_IRQHandler                           0x08000253   Thumb Code     0  startup_n32g4fr.o(.text)
    PVD_IRQHandler                           0x08000253   Thumb Code     0  startup_n32g4fr.o(.text)
    QSPI_IRQHandler                          0x08000253   Thumb Code     0  startup_n32g4fr.o(.text)
    RCC_IRQHandler                           0x08000253   Thumb Code     0  startup_n32g4fr.o(.text)
    RSRAM_IRQHandler                         0x08000253   Thumb Code     0  startup_n32g4fr.o(.text)
    RTCAlarm_IRQHandler                      0x08000253   Thumb Code     0  startup_n32g4fr.o(.text)
    RTC_WKUP_IRQHandler                      0x08000253   Thumb Code     0  startup_n32g4fr.o(.text)
    SAC_IRQHandler                           0x08000253   Thumb Code     0  startup_n32g4fr.o(.text)
    SDIO_IRQHandler                          0x08000253   Thumb Code     0  startup_n32g4fr.o(.text)
    SPI1_IRQHandler                          0x08000253   Thumb Code     0  startup_n32g4fr.o(.text)
    SPI2_IRQHandler                          0x08000253   Thumb Code     0  startup_n32g4fr.o(.text)
    SPI3_IRQHandler                          0x08000253   Thumb Code     0  startup_n32g4fr.o(.text)
    TAMPER_IRQHandler                        0x08000253   Thumb Code     0  startup_n32g4fr.o(.text)
    TIM1_BRK_IRQHandler                      0x08000253   Thumb Code     0  startup_n32g4fr.o(.text)
    TIM1_CC_IRQHandler                       0x08000253   Thumb Code     0  startup_n32g4fr.o(.text)
    TIM1_TRG_COM_IRQHandler                  0x08000253   Thumb Code     0  startup_n32g4fr.o(.text)
    TIM1_UP_IRQHandler                       0x08000253   Thumb Code     0  startup_n32g4fr.o(.text)
    TIM2_IRQHandler                          0x08000253   Thumb Code     0  startup_n32g4fr.o(.text)
    TIM3_IRQHandler                          0x08000253   Thumb Code     0  startup_n32g4fr.o(.text)
    TIM4_IRQHandler                          0x08000253   Thumb Code     0  startup_n32g4fr.o(.text)
    TIM5_IRQHandler                          0x08000253   Thumb Code     0  startup_n32g4fr.o(.text)
    TIM6_IRQHandler                          0x08000253   Thumb Code     0  startup_n32g4fr.o(.text)
    TIM7_IRQHandler                          0x08000253   Thumb Code     0  startup_n32g4fr.o(.text)
    TIM8_BRK_IRQHandler                      0x08000253   Thumb Code     0  startup_n32g4fr.o(.text)
    TIM8_CC_IRQHandler                       0x08000253   Thumb Code     0  startup_n32g4fr.o(.text)
    TIM8_TRG_COM_IRQHandler                  0x08000253   Thumb Code     0  startup_n32g4fr.o(.text)
    TIM8_UP_IRQHandler                       0x08000253   Thumb Code     0  startup_n32g4fr.o(.text)
    TSC_IRQHandler                           0x08000253   Thumb Code     0  startup_n32g4fr.o(.text)
    UART4_IRQHandler                         0x08000253   Thumb Code     0  startup_n32g4fr.o(.text)
    UART5_IRQHandler                         0x08000253   Thumb Code     0  startup_n32g4fr.o(.text)
    UART6_IRQHandler                         0x08000253   Thumb Code     0  startup_n32g4fr.o(.text)
    UART7_IRQHandler                         0x08000253   Thumb Code     0  startup_n32g4fr.o(.text)
    USART2_IRQHandler                        0x08000253   Thumb Code     0  startup_n32g4fr.o(.text)
    USART3_IRQHandler                        0x08000253   Thumb Code     0  startup_n32g4fr.o(.text)
    USBWakeUp_IRQHandler                     0x08000253   Thumb Code     0  startup_n32g4fr.o(.text)
    USB_HP_CAN1_TX_IRQHandler                0x08000253   Thumb Code     0  startup_n32g4fr.o(.text)
    USB_LP_CAN1_RX0_IRQHandler               0x08000253   Thumb Code     0  startup_n32g4fr.o(.text)
    WWDG_IRQHandler                          0x08000253   Thumb Code     0  startup_n32g4fr.o(.text)
    __user_initial_stackheap                 0x08000255   Thumb Code     0  startup_n32g4fr.o(.text)
    NVIC_Configuration                       0x08000279   Thumb Code    14  board.o(.text)
    SysTick_Handler                          0x08000289   Thumb Code    16  board.o(.text)
    rt_hw_board_init                         0x08000299   Thumb Code    72  board.o(.text)
    $Super$$main                             0x08000371   Thumb Code    68  main.o(.text)
    NMI_Handler                              0x080003b5   Thumb Code     2  n32g4fr_it.o(.text)
    MemManage_Handler                        0x080003b9   Thumb Code     4  n32g4fr_it.o(.text)
    BusFault_Handler                         0x080003bd   Thumb Code     4  n32g4fr_it.o(.text)
    UsageFault_Handler                       0x080003c1   Thumb Code     4  n32g4fr_it.o(.text)
    SVC_Handler                              0x080003c5   Thumb Code     2  n32g4fr_it.o(.text)
    DebugMon_Handler                         0x080003c9   Thumb Code     2  n32g4fr_it.o(.text)
    DMA_IRQ_HANDLER                          0x080003cd   Thumb Code     2  n32g4fr_it.o(.text)
    USART1_IRQHandler                        0x080003d1   Thumb Code    24  drv_usart.o(.text)
    n32g4fr_uart_gpio_init                   0x08000469   Thumb Code   212  drv_usart.o(.text)
    rt_hw_usart_init                         0x080005a5   Thumb Code   124  drv_usart.o(.text)
    rt_hw_pin_init                           0x08000901   Thumb Code    56  drv_gpio.o(.text)
    N32G4FR_GPIO_EXTI_IRQHandler             0x08000939   Thumb Code    50  drv_gpio.o(.text)
    EXTI0_IRQHandler                         0x080009a9   Thumb Code    18  drv_gpio.o(.text)
    EXTI1_IRQHandler                         0x080009bd   Thumb Code    18  drv_gpio.o(.text)
    EXTI2_IRQHandler                         0x080009d1   Thumb Code    18  drv_gpio.o(.text)
    EXTI3_IRQHandler                         0x080009e5   Thumb Code    18  drv_gpio.o(.text)
    EXTI4_IRQHandler                         0x080009f9   Thumb Code    18  drv_gpio.o(.text)
    EXTI9_5_IRQHandler                       0x08000a0d   Thumb Code    42  drv_gpio.o(.text)
    EXTI15_10_IRQHandler                     0x08000a39   Thumb Code    48  drv_gpio.o(.text)
    GPIOInit                                 0x08000a69   Thumb Code   194  drv_gpio.o(.text)
    rt_hw_i2c_init                           0x080011f5   Thumb Code    48  drv_i2c.o(.text)
    NVIC_PriorityGroupConfig                 0x08001339   Thumb Code    28  misc.o(.text)
    NVIC_Init                                0x08001355   Thumb Code   170  misc.o(.text)
    NVIC_SetVectorTable                      0x08001401   Thumb Code    36  misc.o(.text)
    NVIC_SystemLPConfig                      0x08001425   Thumb Code    58  misc.o(.text)
    SysTick_CLKSourceConfig                  0x08001461   Thumb Code    34  misc.o(.text)
    EXTI_DeInit                              0x08001485   Thumb Code    62  n32g4fr_exti.o(.text)
    EXTI_InitPeripheral                      0x080014c5   Thumb Code   234  n32g4fr_exti.o(.text)
    EXTI_InitStruct                          0x080015b1   Thumb Code    28  n32g4fr_exti.o(.text)
    EXTI_TriggerSWInt                        0x080015cd   Thumb Code    24  n32g4fr_exti.o(.text)
    EXTI_GetStatusFlag                       0x080015e5   Thumb Code    44  n32g4fr_exti.o(.text)
    EXTI_ClrStatusFlag                       0x08001611   Thumb Code    20  n32g4fr_exti.o(.text)
    EXTI_GetITStatus                         0x08001625   Thumb Code    68  n32g4fr_exti.o(.text)
    EXTI_ClrITPendBit                        0x08001669   Thumb Code    20  n32g4fr_exti.o(.text)
    EXTI_RTCTimeStampSel                     0x0800167d   Thumb Code    32  n32g4fr_exti.o(.text)
    GPIO_DeInit                              0x0800169d   Thumb Code   200  n32g4fr_gpio.o(.text)
    GPIO_AFIOInitDefault                     0x08001765   Thumb Code    26  n32g4fr_gpio.o(.text)
    GPIO_InitPeripheral                      0x08001781   Thumb Code   390  n32g4fr_gpio.o(.text)
    GPIO_InitStruct                          0x08001909   Thumb Code    28  n32g4fr_gpio.o(.text)
    GPIO_ReadInputDataBit                    0x08001925   Thumb Code    52  n32g4fr_gpio.o(.text)
    GPIO_ReadInputData                       0x08001959   Thumb Code    14  n32g4fr_gpio.o(.text)
    GPIO_ReadOutputDataBit                   0x08001969   Thumb Code    52  n32g4fr_gpio.o(.text)
    GPIO_ReadOutputData                      0x0800199d   Thumb Code    14  n32g4fr_gpio.o(.text)
    GPIO_SetBits                             0x080019ad   Thumb Code    20  n32g4fr_gpio.o(.text)
    GPIO_SetBitsHigh16                       0x080019c1   Thumb Code    16  n32g4fr_gpio.o(.text)
    GPIO_ResetBits                           0x080019d1   Thumb Code    20  n32g4fr_gpio.o(.text)
    GPIO_WriteBit                            0x080019e5   Thumb Code    40  n32g4fr_gpio.o(.text)
    GPIO_Write                               0x08001a0d   Thumb Code    20  n32g4fr_gpio.o(.text)
    GPIO_ConfigPinLock                       0x08001a21   Thumb Code    60  n32g4fr_gpio.o(.text)
    GPIO_ConfigEventOutput                   0x08001a5d   Thumb Code    64  n32g4fr_gpio.o(.text)
    GPIO_CtrlEventOutput                     0x08001a9d   Thumb Code    18  n32g4fr_gpio.o(.text)
    GPIO_ConfigPinRemap                      0x08001ab1   Thumb Code   974  n32g4fr_gpio.o(.text)
    GPIO_ConfigEXTILine                      0x08001e81   Thumb Code    84  n32g4fr_gpio.o(.text)
    GPIO_ETH_ConfigMediaInterface            0x08001ed5   Thumb Code    30  n32g4fr_gpio.o(.text)
    RCC_DeInit                               0x08001ef5   Thumb Code   118  n32g4fr_rcc.o(.text)
    RCC_ConfigHse                            0x08001f6d   Thumb Code    92  n32g4fr_rcc.o(.text)
    RCC_WaitHseStable                        0x08001fc9   Thumb Code    94  n32g4fr_rcc.o(.text)
    RCC_GetFlagStatus                        0x08002029   Thumb Code   122  n32g4fr_rcc.o(.text)
    RCC_SetHsiCalibValue                     0x080020a5   Thumb Code    50  n32g4fr_rcc.o(.text)
    RCC_EnableHsi                            0x080020d9   Thumb Code    18  n32g4fr_rcc.o(.text)
    RCC_ConfigPll                            0x080020ed   Thumb Code    56  n32g4fr_rcc.o(.text)
    RCC_EnablePll                            0x08002125   Thumb Code    18  n32g4fr_rcc.o(.text)
    RCC_ConfigSysclk                         0x08002139   Thumb Code    44  n32g4fr_rcc.o(.text)
    RCC_GetSysclkSrc                         0x08002165   Thumb Code    16  n32g4fr_rcc.o(.text)
    RCC_ConfigHclk                           0x08002175   Thumb Code    44  n32g4fr_rcc.o(.text)
    RCC_ConfigPclk1                          0x080021a1   Thumb Code    44  n32g4fr_rcc.o(.text)
    RCC_ConfigPclk2                          0x080021cd   Thumb Code    46  n32g4fr_rcc.o(.text)
    RCC_ConfigInt                            0x080021fd   Thumb Code    58  n32g4fr_rcc.o(.text)
    RCC_ConfigUsbClk                         0x08002239   Thumb Code    30  n32g4fr_rcc.o(.text)
    RCC_ConfigTim18Clk                       0x08002259   Thumb Code    44  n32g4fr_rcc.o(.text)
    RCC_ConfigRngcClk                        0x08002285   Thumb Code    44  n32g4fr_rcc.o(.text)
    RCC_ConfigAdc1mClk                       0x080022b1   Thumb Code    62  n32g4fr_rcc.o(.text)
    RCC_ConfigAdcPllClk                      0x080022f1   Thumb Code    80  n32g4fr_rcc.o(.text)
    RCC_ConfigAdcHclk                        0x08002341   Thumb Code    44  n32g4fr_rcc.o(.text)
    RCC_ConfigTrng1mClk                      0x0800236d   Thumb Code    62  n32g4fr_rcc.o(.text)
    RCC_EnableTrng1mClk                      0x080023ad   Thumb Code    50  n32g4fr_rcc.o(.text)
    RCC_ConfigLse                            0x080023e1   Thumb Code    76  n32g4fr_rcc.o(.text)
    RCC_EnableLsi                            0x0800242d   Thumb Code    20  n32g4fr_rcc.o(.text)
    RCC_ConfigRtcClk                         0x08002441   Thumb Code    32  n32g4fr_rcc.o(.text)
    RCC_EnableRtcClk                         0x08002461   Thumb Code    20  n32g4fr_rcc.o(.text)
    RCC_GetClocksFreqValue                   0x08002475   Thumb Code   452  n32g4fr_rcc.o(.text)
    RCC_EnableAHBPeriphClk                   0x08002639   Thumb Code    52  n32g4fr_rcc.o(.text)
    RCC_EnableAPB2PeriphClk                  0x0800266d   Thumb Code    52  n32g4fr_rcc.o(.text)
    RCC_EnableAPB1PeriphClk                  0x080026a1   Thumb Code    52  n32g4fr_rcc.o(.text)
    RCC_EnableAHBPeriphReset                 0x080026d5   Thumb Code    52  n32g4fr_rcc.o(.text)
    RCC_EnableAPB2PeriphReset                0x08002709   Thumb Code    52  n32g4fr_rcc.o(.text)
    RCC_EnableAPB1PeriphReset                0x0800273d   Thumb Code    52  n32g4fr_rcc.o(.text)
    RCC_EnableBORReset                       0x08002771   Thumb Code    50  n32g4fr_rcc.o(.text)
    RCC_EnableBackupReset                    0x080027a5   Thumb Code    20  n32g4fr_rcc.o(.text)
    RCC_EnableClockSecuritySystem            0x080027b9   Thumb Code    18  n32g4fr_rcc.o(.text)
    RCC_ConfigMcoPllClk                      0x080027cd   Thumb Code    44  n32g4fr_rcc.o(.text)
    RCC_ConfigMco                            0x080027f9   Thumb Code    50  n32g4fr_rcc.o(.text)
    RCC_ClrFlag                              0x0800282d   Thumb Code    26  n32g4fr_rcc.o(.text)
    RCC_GetIntStatus                         0x08002849   Thumb Code    48  n32g4fr_rcc.o(.text)
    RCC_ClrIntPendingBit                     0x08002879   Thumb Code    24  n32g4fr_rcc.o(.text)
    USART_DeInit                             0x08002891   Thumb Code   288  n32g4fr_usart.o(.text)
    USART_Init                               0x080029b1   Thumb Code   334  n32g4fr_usart.o(.text)
    USART_StructInit                         0x08002b01   Thumb Code    40  n32g4fr_usart.o(.text)
    USART_ClockInit                          0x08002b29   Thumb Code    58  n32g4fr_usart.o(.text)
    USART_ClockStructInit                    0x08002b65   Thumb Code    26  n32g4fr_usart.o(.text)
    USART_Enable                             0x08002b81   Thumb Code    40  n32g4fr_usart.o(.text)
    USART_ConfigInt                          0x08002ba9   Thumb Code   142  n32g4fr_usart.o(.text)
    USART_EnableDMA                          0x08002c39   Thumb Code    48  n32g4fr_usart.o(.text)
    USART_SetAddr                            0x08002c69   Thumb Code    34  n32g4fr_usart.o(.text)
    USART_ConfigWakeUpMode                   0x08002c8d   Thumb Code    34  n32g4fr_usart.o(.text)
    USART_EnableRcvWakeUp                    0x08002cb1   Thumb Code    40  n32g4fr_usart.o(.text)
    USART_ConfigLINBreakDetectLength         0x08002cd9   Thumb Code    34  n32g4fr_usart.o(.text)
    USART_EnableLIN                          0x08002cfd   Thumb Code    40  n32g4fr_usart.o(.text)
    USART_SendData                           0x08002d25   Thumb Code    24  n32g4fr_usart.o(.text)
    USART_ReceiveData                        0x08002d3d   Thumb Code    16  n32g4fr_usart.o(.text)
    USART_SendBreak                          0x08002d4d   Thumb Code    18  n32g4fr_usart.o(.text)
    USART_SetGuardTime                       0x08002d61   Thumb Code    34  n32g4fr_usart.o(.text)
    USART_SetPrescaler                       0x08002d85   Thumb Code    34  n32g4fr_usart.o(.text)
    USART_EnableSmartCard                    0x08002da9   Thumb Code    40  n32g4fr_usart.o(.text)
    USART_SetSmartCardNACK                   0x08002dd1   Thumb Code    40  n32g4fr_usart.o(.text)
    USART_EnableHalfDuplex                   0x08002df9   Thumb Code    40  n32g4fr_usart.o(.text)
    USART_ConfigIrDAMode                     0x08002e21   Thumb Code    34  n32g4fr_usart.o(.text)
    USART_EnableIrDA                         0x08002e45   Thumb Code    40  n32g4fr_usart.o(.text)
    USART_GetFlagStatus                      0x08002e6d   Thumb Code    60  n32g4fr_usart.o(.text)
    USART_ClrFlag                            0x08002ea9   Thumb Code    36  n32g4fr_usart.o(.text)
    USART_GetIntStatus                       0x08002ecd   Thumb Code   168  n32g4fr_usart.o(.text)
    USART_ClrIntPendingBit                   0x08002f75   Thumb Code    68  n32g4fr_usart.o(.text)
    rt_system_tick_init                      0x08002fb9   Thumb Code     2  clock.o(.text)
    rt_tick_get                              0x08002fbd   Thumb Code    12  clock.o(.text)
    rt_tick_set                              0x08002fc9   Thumb Code    34  clock.o(.text)
    rt_tick_increase                         0x08002fed   Thumb Code    60  clock.o(.text)
    rt_tick_from_millisecond                 0x08003029   Thumb Code   100  clock.o(.text)
    rt_components_board_init                 0x0800309d   Thumb Code    84  components.o(.text)
    rt_components_init                       0x080030f1   Thumb Code    96  components.o(.text)
    main                                     0x08003151   Thumb Code    10  components.o(.text)
    rtthread_startup                         0x0800315d   Thumb Code    42  components.o(.text)
    main_thread_entry                        0x08003189   Thumb Code    18  components.o(.text)
    rt_application_init                      0x0800319d   Thumb Code    82  components.o(.text)
    rt_device_register                       0x080031f1   Thumb Code    82  device.o(.text)
    rt_device_find                           0x08003245   Thumb Code   154  device.o(.text)
    rt_device_unregister                     0x080032e1   Thumb Code   118  device.o(.text)
    rt_device_init_all                       0x08003359   Thumb Code     4  device.o(.text)
    rt_device_create                         0x0800335d   Thumb Code    68  device.o(.text)
    rt_device_destroy                        0x080033a1   Thumb Code   122  device.o(.text)
    rt_device_init                           0x0800341d   Thumb Code   114  device.o(.text)
    rt_device_open                           0x08003491   Thumb Code   300  device.o(.text)
    rt_device_close                          0x080035bd   Thumb Code   170  device.o(.text)
    rt_device_read                           0x08003669   Thumb Code   150  device.o(.text)
    rt_device_write                          0x08003701   Thumb Code   150  device.o(.text)
    rt_device_control                        0x08003799   Thumb Code   116  device.o(.text)
    rt_device_set_rx_indicate                0x0800380d   Thumb Code    90  device.o(.text)
    rt_device_set_tx_complete                0x08003869   Thumb Code    90  device.o(.text)
    rt_thread_idle_excute                    0x080038c5   Thumb Code   206  idle.o(.text)
    rt_thread_idle_init                      0x080039d1   Thumb Code    72  idle.o(.text)
    rt_thread_idle_gethandler                0x08003a29   Thumb Code    10  idle.o(.text)
    rt_sem_init                              0x08003a35   Thumb Code   114  ipc.o(.text)
    rt_sem_detach                            0x08003abd   Thumb Code   126  ipc.o(.text)
    rt_sem_create                            0x08003b79   Thumb Code   168  ipc.o(.text)
    rt_sem_delete                            0x08003c21   Thumb Code   198  ipc.o(.text)
    rt_sem_take                              0x08003ce9   Thumb Code   372  ipc.o(.text)
    rt_sem_trytake                           0x08003ef1   Thumb Code    18  ipc.o(.text)
    rt_sem_release                           0x08003f05   Thumb Code   152  ipc.o(.text)
    rt_sem_control                           0x08003fd1   Thumb Code   142  ipc.o(.text)
    rt_mutex_init                            0x08004061   Thumb Code    94  ipc.o(.text)
    rt_mutex_detach                          0x080040c1   Thumb Code   132  ipc.o(.text)
    rt_mutex_create                          0x08004145   Thumb Code   146  ipc.o(.text)
    rt_mutex_delete                          0x080041d9   Thumb Code   198  ipc.o(.text)
    rt_mutex_take                            0x080042a1   Thumb Code   488  ipc.o(.text)
    rt_mutex_release                         0x08004489   Thumb Code   428  ipc.o(.text)
    rt_mutex_control                         0x08004635   Thumb Code    88  ipc.o(.text)
    rt_interrupt_enter                       0x080046c5   Thumb Code    38  irq.o(.text)
    rt_interrupt_leave                       0x080046ed   Thumb Code    38  irq.o(.text)
    rt_interrupt_get_nest                    0x08004715   Thumb Code    38  irq.o(.text)
    rt_get_errno                             0x0800473d   Thumb Code    66  kservice.o(.text)
    rt_set_errno                             0x08004781   Thumb Code    66  kservice.o(.text)
    _rt_errno                                0x080047c5   Thumb Code    62  kservice.o(.text)
    rt_memset                                0x08004805   Thumb Code    42  kservice.o(.text)
    rt_memcpy                                0x08004831   Thumb Code   114  kservice.o(.text)
    rt_memmove                               0x080048a5   Thumb Code   130  kservice.o(.text)
    rt_memcmp                                0x08004929   Thumb Code    74  kservice.o(.text)
    rt_strstr                                0x08004975   Thumb Code    94  kservice.o(.text)
    rt_strlen                                0x080049d5   Thumb Code    38  kservice.o(.text)
    rt_strcasecmp                            0x080049fd   Thumb Code   124  kservice.o(.text)
    rt_strncpy                               0x08004a79   Thumb Code    92  kservice.o(.text)
    rt_strncmp                               0x08004ad5   Thumb Code    76  kservice.o(.text)
    rt_strcmp                                0x08004b21   Thumb Code    76  kservice.o(.text)
    rt_strnlen                               0x08004b6d   Thumb Code    72  kservice.o(.text)
    rt_strdup                                0x08004bb5   Thumb Code    58  kservice.o(.text)
    strdup                                   0x08004bb5   Thumb Code    58  kservice.o(.text)
    rt_show_version                          0x08004bf1   Thumb Code    74  kservice.o(.text)
    rt_kprintf                               0x08004c3d   Thumb Code   148  kservice.o(.text)
    rt_vsnprintf                             0x08004cd1   Thumb Code  1434  kservice.o(.text)
    rt_snprintf                              0x08005509   Thumb Code    44  kservice.o(.text)
    rt_vsprintf                              0x08005535   Thumb Code    28  kservice.o(.text)
    rt_sprintf                               0x08005551   Thumb Code    42  kservice.o(.text)
    rt_console_get_device                    0x0800557d   Thumb Code    12  kservice.o(.text)
    rt_console_set_device                    0x08005589   Thumb Code    90  kservice.o(.text)
    rt_hw_console_output                     0x080055e5   Thumb Code     8  kservice.o(.text)
    rt_kputs                                 0x080055ed   Thumb Code   104  kservice.o(.text)
    rt_malloc_align                          0x08005655   Thumb Code   114  kservice.o(.text)
    rt_free_align                            0x080056c9   Thumb Code    24  kservice.o(.text)
    __rt_ffs                                 0x080056e1   Thumb Code   126  kservice.o(.text)
    rt_assert_set_hook                       0x08005761   Thumb Code    20  kservice.o(.text)
    rt_assert_handler                        0x08005775   Thumb Code    86  kservice.o(.text)
    rt_system_heap_init                      0x08005821   Thumb Code   330  mem.o(.text)
    rt_malloc                                0x0800596d   Thumb Code   922  mem.o(.text)
    rt_realloc                               0x08005d09   Thumb Code   526  mem.o(.text)
    rt_free                                  0x08005f19   Thumb Code   472  mem.o(.text)
    rt_calloc                                0x08006249   Thumb Code    48  mem.o(.text)
    rt_memory_info                           0x08006279   Thumb Code    78  mem.o(.text)
    rt_system_object_init                    0x080062c9   Thumb Code     2  object.o(.text)
    rt_object_get_information                0x080062cd   Thumb Code    80  object.o(.text)
    rt_object_init                           0x0800631d   Thumb Code   188  object.o(.text)
    rt_object_detach                         0x08006401   Thumb Code    68  object.o(.text)
    rt_object_allocate                       0x08006465   Thumb Code   208  object.o(.text)
    rt_object_delete                         0x08006535   Thumb Code   112  object.o(.text)
    rt_object_is_systemobject                0x080065a5   Thumb Code    68  object.o(.text)
    rt_object_get_type                       0x080065e9   Thumb Code    50  object.o(.text)
    rt_object_find                           0x0800661d   Thumb Code   236  object.o(.text)
    rt_system_scheduler_init                 0x08006709   Thumb Code   112  scheduler.o(.text)
    rt_system_scheduler_start                0x08006789   Thumb Code    64  scheduler.o(.text)
    rt_schedule                              0x080067c9   Thumb Code   188  scheduler.o(.text)
    rt_schedule_insert_thread                0x08006915   Thumb Code   116  scheduler.o(.text)
    rt_schedule_remove_thread                0x080069b1   Thumb Code   112  scheduler.o(.text)
    rt_enter_critical                        0x08006a55   Thumb Code    34  scheduler.o(.text)
    rt_exit_critical                         0x08006a79   Thumb Code    86  scheduler.o(.text)
    rt_critical_level                        0x08006ad1   Thumb Code    12  scheduler.o(.text)
    rt_thread_exit                           0x08006add   Thumb Code   106  thread.o(.text)
    rt_thread_init                           0x08006b71   Thumb Code   148  thread.o(.text)
    rt_thread_self                           0x08006ced   Thumb Code    12  thread.o(.text)
    rt_thread_startup                        0x08006cf9   Thumb Code   174  thread.o(.text)
    rt_thread_resume                         0x08006da9   Thumb Code   154  thread.o(.text)
    rt_thread_detach                         0x08006e45   Thumb Code   214  thread.o(.text)
    rt_thread_create                         0x08006f1d   Thumb Code   126  thread.o(.text)
    rt_thread_delete                         0x08006f9d   Thumb Code   184  thread.o(.text)
    rt_thread_yield                          0x08007055   Thumb Code   116  thread.o(.text)
    rt_thread_sleep                          0x08007111   Thumb Code   154  thread.o(.text)
    rt_thread_suspend                        0x080071ad   Thumb Code   162  thread.o(.text)
    rt_thread_delay                          0x08007251   Thumb Code    16  thread.o(.text)
    rt_thread_delay_until                    0x08007261   Thumb Code   234  thread.o(.text)
    rt_thread_mdelay                         0x0800734d   Thumb Code    24  thread.o(.text)
    rt_thread_control                        0x08007365   Thumb Code   228  thread.o(.text)
    rt_thread_timeout                        0x08007449   Thumb Code   152  thread.o(.text)
    rt_thread_find                           0x080074e1   Thumb Code   156  thread.o(.text)
    rt_timer_init                            0x0800758d   Thumb Code    92  timer.o(.text)
    rt_timer_detach                          0x08007651   Thumb Code   136  timer.o(.text)
    rt_timer_create                          0x08007709   Thumb Code    78  timer.o(.text)
    rt_timer_delete                          0x08007759   Thumb Code   142  timer.o(.text)
    rt_timer_start                           0x080077e9   Thumb Code   452  timer.o(.text)
    rt_timer_stop                            0x080079d5   Thumb Code   134  timer.o(.text)
    rt_timer_control                         0x08007a5d   Thumb Code   148  timer.o(.text)
    rt_timer_check                           0x08007af1   Thumb Code   170  timer.o(.text)
    rt_timer_next_timeout_tick               0x08007bb1   Thumb Code    16  timer.o(.text)
    rt_system_timer_init                     0x08007bf1   Thumb Code    48  timer.o(.text)
    rt_system_timer_thread_init              0x08007c31   Thumb Code     2  timer.o(.text)
    SystemInit                               0x08007c55   Thumb Code   210  system_n32g4fr.o(.text)
    SystemCoreClockUpdate                    0x08007e71   Thumb Code   322  system_n32g4fr.o(.text)
    rt_device_pin_register                   0x08007fb5   Thumb Code    88  pin.o(.text)
    rt_pin_attach_irq                        0x08008131   Thumb Code   114  pin.o(.text)
    rt_pin_detach_irq                        0x080081a5   Thumb Code    92  pin.o(.text)
    rt_pin_irq_enable                        0x08008201   Thumb Code    96  pin.o(.text)
    rt_pin_mode                              0x08008261   Thumb Code    68  pin.o(.text)
    rt_pin_write                             0x080082a5   Thumb Code    68  pin.o(.text)
    rt_pin_read                              0x080082e9   Thumb Code    64  pin.o(.text)
    rt_hw_serial_register                    0x08008329   Thumb Code   160  serial.o(.text)
    rt_hw_serial_isr                         0x0800891d   Thumb Code   352  serial.o(.text)
    rt_completion_init                       0x08008d31   Thumb Code    66  completion.o(.text)
    rt_completion_wait                       0x08008d85   Thumb Code   278  completion.o(.text)
    rt_completion_done                       0x08008ed9   Thumb Code   110  completion.o(.text)
    rt_i2c_bus_device_register               0x08008f49   Thumb Code   102  i2c_core.o(.text)
    rt_i2c_bus_device_find                   0x08008fb1   Thumb Code    96  i2c_core.o(.text)
    rt_i2c_transfer                          0x08009011   Thumb Code   112  i2c_core.o(.text)
    rt_i2c_master_send                       0x08009081   Thumb Code    84  i2c_core.o(.text)
    rt_i2c_master_recv                       0x080090d5   Thumb Code   118  i2c_core.o(.text)
    rt_i2c_core_init                         0x0800914d   Thumb Code     4  i2c_core.o(.text)
    rt_i2c_bit_add_bus                       0x08009151   Thumb Code    32  i2c-bit-ops.o(.text)
    rt_i2c_bus_device_device_init            0x0800992d   Thumb Code   122  i2c_dev.o(.text)
    rt_hw_stack_init                         0x08009b41   Thumb Code   128  cpuport.o(.text)
    rt_hw_exception_install                  0x08009bc1   Thumb Code    20  cpuport.o(.text)
    rt_hw_hard_fault_exception               0x08009bd5   Thumb Code   392  cpuport.o(.text)
    rt_hw_cpu_shutdown                       0x08009d5d   Thumb Code    40  cpuport.o(.text)
    rt_hw_cpu_reset                          0x08009d85   Thumb Code    18  cpuport.o(.text)
    rt_hw_interrupt_disable                  0x08009d99   Thumb Code     8  context_rvds.o(.text)
    rt_hw_interrupt_enable                   0x08009da1   Thumb Code     6  context_rvds.o(.text)
    rt_hw_context_switch                     0x08009da7   Thumb Code    32  context_rvds.o(.text)
    rt_hw_context_switch_interrupt           0x08009da7   Thumb Code     0  context_rvds.o(.text)
    PendSV_Handler                           0x08009dc7   Thumb Code   108  context_rvds.o(.text)
    rt_hw_context_switch_to                  0x08009e33   Thumb Code    70  context_rvds.o(.text)
    rt_hw_interrupt_thread_switch            0x08009e79   Thumb Code     2  context_rvds.o(.text)
    HardFault_Handler                        0x08009e7b   Thumb Code    56  context_rvds.o(.text)
    __use_two_region_memory                  0x08009ecd   Thumb Code     2  heapauxi.o(.text)
    __rt_heap_escrow$2region                 0x08009ecf   Thumb Code     2  heapauxi.o(.text)
    __rt_heap_expand$2region                 0x08009ed1   Thumb Code     2  heapauxi.o(.text)
    __user_libspace                          0x08009ed5   Thumb Code     8  libspace.o(.text)
    __user_perproc_libspace                  0x08009ed5   Thumb Code     0  libspace.o(.text)
    __user_perthread_libspace                0x08009ed5   Thumb Code     0  libspace.o(.text)
    __user_setup_stackheap                   0x08009edd   Thumb Code    74  sys_stackheap_outer.o(.text)
    exit                                     0x08009f27   Thumb Code    18  exit.o(.text)
    _sys_exit                                0x08009f39   Thumb Code     8  sys_exit.o(.text)
    __I$use$semihosting                      0x08009f45   Thumb Code     0  use_no_semi.o(.text)
    __use_no_semihosting_swi                 0x08009f45   Thumb Code     2  use_no_semi.o(.text)
    __semihosting_library_function           0x08009f47   Thumb Code     0  indicate_semi.o(.text)
    _fp_init                                 0x08009f47   Thumb Code    26  fpinit.o(x$fpl$fpinit)
    __fplib_config_fpu_vfp                   0x08009f5f   Thumb Code     0  fpinit.o(x$fpl$fpinit)
    __fplib_config_pureend_doubles           0x08009f5f   Thumb Code     0  fpinit.o(x$fpl$fpinit)
    AHBPrescTable                            0x08009f60   Data          16  system_n32g4fr.o(.rodata.AHBPrescTable)
    __lowest_bit_bitmap                      0x08009f88   Data         256  kservice.o(.rodata.__lowest_bit_bitmap)
    __rti_rt_hw_i2c_init_name                0x0800a088   Data          15  drv_i2c.o(.rodata.__rti_rt_hw_i2c_init_name)
    __rti_rt_hw_pin_init_name                0x0800a097   Data          15  drv_gpio.o(.rodata.__rti_rt_hw_pin_init_name)
    __rti_rt_hw_usart_init_name              0x0800a0a6   Data          17  drv_usart.o(.rodata.__rti_rt_hw_usart_init_name)
    __rti_rt_i2c_core_init_name              0x0800a0b7   Data          17  i2c_core.o(.rodata.__rti_rt_i2c_core_init_name)
    __rti_rti_board_end_name                 0x0800a0c8   Data          14  components.o(.rodata.__rti_rti_board_end_name)
    __rti_rti_board_start_name               0x0800a0d6   Data          16  components.o(.rodata.__rti_rti_board_start_name)
    __rti_rti_end_name                       0x0800a0e6   Data           8  components.o(.rodata.__rti_rti_end_name)
    __rti_rti_start_name                     0x0800a0ee   Data          10  components.o(.rodata.__rti_rti_start_name)
    __rt_init_desc_rti_start                 0x0800b93c   Data           8  components.o(.rti_fn.0)
    __rt_init_desc_rti_board_start           0x0800b944   Data           8  components.o(.rti_fn.0.end)
    __rt_init_desc_rt_hw_usart_init          0x0800b94c   Data           8  drv_usart.o(.rti_fn.1)
    __rt_init_desc_rt_hw_pin_init            0x0800b954   Data           8  drv_gpio.o(.rti_fn.1)
    __rt_init_desc_rti_board_end             0x0800b95c   Data           8  components.o(.rti_fn.1.end)
    __rt_init_desc_rt_hw_i2c_init            0x0800b964   Data           8  drv_i2c.o(.rti_fn.3)
    __rt_init_desc_rt_i2c_core_init          0x0800b96c   Data           8  i2c_core.o(.rti_fn.4)
    __rt_init_desc_rti_end                   0x0800b974   Data           8  components.o(.rti_fn.6.end)
    Region$$Table$$Base                      0x0800b97c   Number         0  anon$$obj.o(Region$$Table)
    Region$$Table$$Limit                     0x0800b99c   Number         0  anon$$obj.o(Region$$Table)
    SystemCoreClock                          0x20000000   Data           4  system_n32g4fr.o(.data.SystemCoreClock)
    __libspace_start                         0x20000118   Data          96  libspace.o(.bss)
    __temporary_stack_top$libspace           0x20000178   Data           0  libspace.o(.bss)
    rt_assert_hook                           0x2000027c   Data           4  kservice.o(.bss.rt_assert_hook)
    rt_current_priority                      0x20000280   Data           1  scheduler.o(.bss.rt_current_priority)
    rt_current_thread                        0x20000284   Data           4  scheduler.o(.bss.rt_current_thread)
    rt_interrupt_from_thread                 0x20000308   Data           4  cpuport.o(.bss.rt_interrupt_from_thread)
    rt_interrupt_nest                        0x2000030c   Data           1  irq.o(.bss.rt_interrupt_nest)
    rt_interrupt_to_thread                   0x20000310   Data           4  cpuport.o(.bss.rt_interrupt_to_thread)
    rt_thread_defunct                        0x20000398   Data           8  scheduler.o(.bss.rt_thread_defunct)
    rt_thread_priority_table                 0x200003a0   Data         256  scheduler.o(.bss.rt_thread_priority_table)
    rt_thread_ready_priority_group           0x200004a0   Data           4  scheduler.o(.bss.rt_thread_ready_priority_group)
    rt_thread_switch_interrupt_flag          0x200005a4   Data           4  cpuport.o(.bss.rt_thread_switch_interrupt_flag)
    serial1                                  0x200005b8   Data          92  drv_usart.o(.bss.serial1)



==============================================================================

Memory Map of the image

  Image Entry point : 0x08000239

  Load Region LR_1 (Base: 0x08000000, Size: 0x0000bab0, Max: 0xffffffff, ABSOLUTE)

    Execution Region ER_RO (Exec base: 0x08000000, Load base: 0x08000000, Size: 0x0000b99c, Max: 0xffffffff, ABSOLUTE)

    Exec Addr    Load Addr    Size         Type   Attr      Idx    E Section Name        Object

    0x08000000   0x08000000   0x00000198   Data   RO            3    RESET               startup_n32g4fr.o
    0x08000198   0x08000198   0x00000008   Code   RO          491  * !!!main             c_wu.l(__main.o)
    0x080001a0   0x080001a0   0x00000034   Code   RO          749    !!!scatter          c_wu.l(__scatter.o)
    0x080001d4   0x080001d4   0x0000001a   Code   RO          751    !!handler_copy      c_wu.l(__scatter_copy.o)
    0x080001ee   0x080001ee   0x00000002   PAD
    0x080001f0   0x080001f0   0x0000001c   Code   RO          753    !!handler_zi        c_wu.l(__scatter_zi.o)
    0x0800020c   0x0800020c   0x00000002   Code   RO          614    .ARM.Collect$$libinit$$00000000  c_wu.l(libinit.o)
    0x0800020e   0x0800020e   0x00000004   Code   RO          617    .ARM.Collect$$libinit$$00000001  c_wu.l(libinit2.o)
    0x08000212   0x08000212   0x00000000   Code   RO          620    .ARM.Collect$$libinit$$00000004  c_wu.l(libinit2.o)
    0x08000212   0x08000212   0x00000000   Code   RO          622    .ARM.Collect$$libinit$$00000006  c_wu.l(libinit2.o)
    0x08000212   0x08000212   0x00000000   Code   RO          625    .ARM.Collect$$libinit$$0000000C  c_wu.l(libinit2.o)
    0x08000212   0x08000212   0x00000000   Code   RO          627    .ARM.Collect$$libinit$$0000000E  c_wu.l(libinit2.o)
    0x08000212   0x08000212   0x00000000   Code   RO          629    .ARM.Collect$$libinit$$00000010  c_wu.l(libinit2.o)
    0x08000212   0x08000212   0x00000000   Code   RO          632    .ARM.Collect$$libinit$$00000013  c_wu.l(libinit2.o)
    0x08000212   0x08000212   0x00000000   Code   RO          634    .ARM.Collect$$libinit$$00000015  c_wu.l(libinit2.o)
    0x08000212   0x08000212   0x00000000   Code   RO          636    .ARM.Collect$$libinit$$00000017  c_wu.l(libinit2.o)
    0x08000212   0x08000212   0x00000000   Code   RO          638    .ARM.Collect$$libinit$$00000019  c_wu.l(libinit2.o)
    0x08000212   0x08000212   0x00000000   Code   RO          640    .ARM.Collect$$libinit$$0000001B  c_wu.l(libinit2.o)
    0x08000212   0x08000212   0x00000000   Code   RO          642    .ARM.Collect$$libinit$$0000001D  c_wu.l(libinit2.o)
    0x08000212   0x08000212   0x00000000   Code   RO          644    .ARM.Collect$$libinit$$0000001F  c_wu.l(libinit2.o)
    0x08000212   0x08000212   0x00000000   Code   RO          646    .ARM.Collect$$libinit$$00000021  c_wu.l(libinit2.o)
    0x08000212   0x08000212   0x00000000   Code   RO          648    .ARM.Collect$$libinit$$00000023  c_wu.l(libinit2.o)
    0x08000212   0x08000212   0x00000000   Code   RO          650    .ARM.Collect$$libinit$$00000025  c_wu.l(libinit2.o)
    0x08000212   0x08000212   0x00000000   Code   RO          652    .ARM.Collect$$libinit$$00000027  c_wu.l(libinit2.o)
    0x08000212   0x08000212   0x00000000   Code   RO          656    .ARM.Collect$$libinit$$0000002E  c_wu.l(libinit2.o)
    0x08000212   0x08000212   0x00000000   Code   RO          658    .ARM.Collect$$libinit$$00000030  c_wu.l(libinit2.o)
    0x08000212   0x08000212   0x00000000   Code   RO          660    .ARM.Collect$$libinit$$00000032  c_wu.l(libinit2.o)
    0x08000212   0x08000212   0x00000000   Code   RO          662    .ARM.Collect$$libinit$$00000034  c_wu.l(libinit2.o)
    0x08000212   0x08000212   0x00000002   Code   RO          663    .ARM.Collect$$libinit$$00000035  c_wu.l(libinit2.o)
    0x08000214   0x08000214   0x00000002   Code   RO          685    .ARM.Collect$$libshutdown$$00000000  c_wu.l(libshutdown.o)
    0x08000216   0x08000216   0x00000000   Code   RO          700    .ARM.Collect$$libshutdown$$00000002  c_wu.l(libshutdown2.o)
    0x08000216   0x08000216   0x00000000   Code   RO          702    .ARM.Collect$$libshutdown$$00000004  c_wu.l(libshutdown2.o)
    0x08000216   0x08000216   0x00000000   Code   RO          705    .ARM.Collect$$libshutdown$$00000007  c_wu.l(libshutdown2.o)
    0x08000216   0x08000216   0x00000000   Code   RO          708    .ARM.Collect$$libshutdown$$0000000A  c_wu.l(libshutdown2.o)
    0x08000216   0x08000216   0x00000000   Code   RO          710    .ARM.Collect$$libshutdown$$0000000C  c_wu.l(libshutdown2.o)
    0x08000216   0x08000216   0x00000000   Code   RO          713    .ARM.Collect$$libshutdown$$0000000F  c_wu.l(libshutdown2.o)
    0x08000216   0x08000216   0x00000002   Code   RO          714    .ARM.Collect$$libshutdown$$00000010  c_wu.l(libshutdown2.o)
    0x08000218   0x08000218   0x00000000   Code   RO          525    .ARM.Collect$$rtentry$$00000000  c_wu.l(__rtentry.o)
    0x08000218   0x08000218   0x00000000   Code   RO          567    .ARM.Collect$$rtentry$$00000002  c_wu.l(__rtentry2.o)
    0x08000218   0x08000218   0x00000006   Code   RO          579    .ARM.Collect$$rtentry$$00000004  c_wu.l(__rtentry4.o)
    0x0800021e   0x0800021e   0x00000000   Code   RO          569    .ARM.Collect$$rtentry$$00000009  c_wu.l(__rtentry2.o)
    0x0800021e   0x0800021e   0x00000004   Code   RO          570    .ARM.Collect$$rtentry$$0000000A  c_wu.l(__rtentry2.o)
    0x08000222   0x08000222   0x00000000   Code   RO          572    .ARM.Collect$$rtentry$$0000000C  c_wu.l(__rtentry2.o)
    0x08000222   0x08000222   0x00000008   Code   RO          573    .ARM.Collect$$rtentry$$0000000D  c_wu.l(__rtentry2.o)
    0x0800022a   0x0800022a   0x00000002   Code   RO          615    .ARM.Collect$$rtexit$$00000000  c_wu.l(rtexit.o)
    0x0800022c   0x0800022c   0x00000000   Code   RO          665    .ARM.Collect$$rtexit$$00000002  c_wu.l(rtexit2.o)
    0x0800022c   0x0800022c   0x00000004   Code   RO          666    .ARM.Collect$$rtexit$$00000003  c_wu.l(rtexit2.o)
    0x08000230   0x08000230   0x00000006   Code   RO          667    .ARM.Collect$$rtexit$$00000004  c_wu.l(rtexit2.o)
    0x08000236   0x08000236   0x00000002   PAD
    0x08000238   0x08000238   0x00000040   Code   RO            4  * .text               startup_n32g4fr.o
    0x08000278   0x08000278   0x000000f6   Code   RO           10    .text               board.o
    0x0800036e   0x0800036e   0x00000002   PAD
    0x08000370   0x08000370   0x00000044   Code   RO           18    .text               main.o
    0x080003b4   0x080003b4   0x0000001a   Code   RO           27    .text               n32g4fr_it.o
    0x080003ce   0x080003ce   0x00000002   PAD
    0x080003d0   0x080003d0   0x0000052e   Code   RO           34    .text               drv_usart.o
    0x080008fe   0x080008fe   0x00000002   PAD
    0x08000900   0x08000900   0x000008f2   Code   RO           48    .text               drv_gpio.o
    0x080011f2   0x080011f2   0x00000002   PAD
    0x080011f4   0x080011f4   0x00000144   Code   RO           63    .text               drv_i2c.o
    0x08001338   0x08001338   0x0000014a   Code   RO           76    .text               misc.o
    0x08001482   0x08001482   0x00000002   PAD
    0x08001484   0x08001484   0x00000218   Code   RO          139    .text               n32g4fr_exti.o
    0x0800169c   0x0800169c   0x00000856   Code   RO          153    .text               n32g4fr_gpio.o
    0x08001ef2   0x08001ef2   0x00000002   PAD
    0x08001ef4   0x08001ef4   0x0000099c   Code   RO          188    .text               n32g4fr_rcc.o
    0x08002890   0x08002890   0x00000728   Code   RO          233    .text               n32g4fr_usart.o
    0x08002fb8   0x08002fb8   0x000000d4   Code   RO          247    .text               clock.o
    0x0800308c   0x0800308c   0x00000162   Code   RO          255    .text               components.o
    0x080031ee   0x080031ee   0x00000002   PAD
    0x080031f0   0x080031f0   0x000006d2   Code   RO          272    .text               device.o
    0x080038c2   0x080038c2   0x00000002   PAD
    0x080038c4   0x080038c4   0x0000016e   Code   RO          280    .text               idle.o
    0x08003a32   0x08003a32   0x00000002   PAD
    0x08003a34   0x08003a34   0x00000c8e   Code   RO          290    .text               ipc.o
    0x080046c2   0x080046c2   0x00000002   PAD
    0x080046c4   0x080046c4   0x00000076   Code   RO          298    .text               irq.o
    0x0800473a   0x0800473a   0x00000002   PAD
    0x0800473c   0x0800473c   0x000010e2   Code   RO          306    .text               kservice.o
    0x0800581e   0x0800581e   0x00000002   PAD
    0x08005820   0x08005820   0x00000aa6   Code   RO          321    .text               mem.o
    0x080062c6   0x080062c6   0x00000002   PAD
    0x080062c8   0x080062c8   0x00000440   Code   RO          338    .text               object.o
    0x08006708   0x08006708   0x000003d4   Code   RO          347    .text               scheduler.o
    0x08006adc   0x08006adc   0x00000ab0   Code   RO          363    .text               thread.o
    0x0800758c   0x0800758c   0x000006c8   Code   RO          371    .text               timer.o
    0x08007c54   0x08007c54   0x0000035e   Code   RO          381    .text               system_n32g4fr.o
    0x08007fb2   0x08007fb2   0x00000002   PAD
    0x08007fb4   0x08007fb4   0x00000374   Code   RO          390    .text               pin.o
    0x08008328   0x08008328   0x00000a06   Code   RO          399    .text               serial.o
    0x08008d2e   0x08008d2e   0x00000002   PAD
    0x08008d30   0x08008d30   0x00000216   Code   RO          408    .text               completion.o
    0x08008f46   0x08008f46   0x00000002   PAD
    0x08008f48   0x08008f48   0x00000208   Code   RO          416    .text               i2c_core.o
    0x08009150   0x08009150   0x000007dc   Code   RO          426    .text               i2c-bit-ops.o
    0x0800992c   0x0800992c   0x00000212   Code   RO          435    .text               i2c_dev.o
    0x08009b3e   0x08009b3e   0x00000002   PAD
    0x08009b40   0x08009b40   0x00000256   Code   RO          443    .text               cpuport.o
    0x08009d96   0x08009d96   0x00000002   PAD
    0x08009d98   0x08009d98   0x00000134   Code   RO          455    .text               context_rvds.o
    0x08009ecc   0x08009ecc   0x00000006   Code   RO          489    .text               c_wu.l(heapauxi.o)
    0x08009ed2   0x08009ed2   0x00000002   PAD
    0x08009ed4   0x08009ed4   0x00000008   Code   RO          602    .text               c_wu.l(libspace.o)
    0x08009edc   0x08009edc   0x0000004a   Code   RO          605    .text               c_wu.l(sys_stackheap_outer.o)
    0x08009f26   0x08009f26   0x00000012   Code   RO          607    .text               c_wu.l(exit.o)
    0x08009f38   0x08009f38   0x0000000c   Code   RO          675    .text               c_wu.l(sys_exit.o)
    0x08009f44   0x08009f44   0x00000002   Code   RO          690    .text               c_wu.l(use_no_semi.o)
    0x08009f46   0x08009f46   0x00000000   Code   RO          692    .text               c_wu.l(indicate_semi.o)
    0x08009f46   0x08009f46   0x0000001a   Code   RO          673    x$fpl$fpinit        fz_wm.l(fpinit.o)
    0x08009f60   0x08009f60   0x00000010   Data   RO          384    .rodata.AHBPrescTable  system_n32g4fr.o
    0x08009f70   0x08009f70   0x00000018   Data   RO           51    .rodata._N32G4FR_pin_ops  drv_gpio.o
    0x08009f88   0x08009f88   0x00000100   Data   RO          312    .rodata.__lowest_bit_bitmap  kservice.o
    0x0800a088   0x0800a088   0x0000000f   Data   RO           69    .rodata.__rti_rt_hw_i2c_init_name  drv_i2c.o
    0x0800a097   0x0800a097   0x0000000f   Data   RO           52    .rodata.__rti_rt_hw_pin_init_name  drv_gpio.o
    0x0800a0a6   0x0800a0a6   0x00000011   Data   RO           40    .rodata.__rti_rt_hw_usart_init_name  drv_usart.o
    0x0800a0b7   0x0800a0b7   0x00000011   Data   RO          419    .rodata.__rti_rt_i2c_core_init_name  i2c_core.o
    0x0800a0c8   0x0800a0c8   0x0000000e   Data   RO          261    .rodata.__rti_rti_board_end_name  components.o
    0x0800a0d6   0x0800a0d6   0x00000010   Data   RO          259    .rodata.__rti_rti_board_start_name  components.o
    0x0800a0e6   0x0800a0e6   0x00000008   Data   RO          263    .rodata.__rti_rti_end_name  components.o
    0x0800a0ee   0x0800a0ee   0x0000000a   Data   RO          257    .rodata.__rti_rti_start_name  components.o
    0x0800a0f8   0x0800a0f8   0x0000000c   Data   RO          428    .rodata.i2c_bit_bus_ops  i2c-bit-ops.o
    0x0800a104   0x0800a104   0x00000014   Data   RO           38    .rodata.n32g4fr_uart_ops  drv_usart.o
    0x0800a118   0x0800a118   0x00000080   Data   RO           56    .rodata.pin_irq_map  drv_gpio.o
    0x0800a198   0x0800a198   0x000003c0   Data   RO           54    .rodata.pins        drv_gpio.o
    0x0800a558   0x0800a558   0x00000011   Data   RO          315    .rodata.print_number.large_digits  kservice.o
    0x0800a569   0x0800a569   0x00000011   Data   RO          314    .rodata.print_number.small_digits  kservice.o
    0x0800a57a   0x0800a57a   0x00000002   PAD
    0x0800a57c   0x0800a57c   0x00000018   Data   RO           66    .rodata.rt_hw_i2c_init._i2c_bdata  drv_i2c.o
    0x0800a594   0x0800a594   0x00000020   Data   RO           67    .rodata.rt_hw_i2c_init._i2c_bit_ops  drv_i2c.o
    0x0800a5b4   0x0800a5b4   0x00000010   Data   RO          191    .rodata.s_AdcHclkPresTable  n32g4fr_rcc.o
    0x0800a5c4   0x0800a5c4   0x00000020   Data   RO          192    .rodata.s_AdcPllClkPresTable  n32g4fr_rcc.o
    0x0800a5e4   0x0800a5e4   0x00000010   Data   RO          190    .rodata.s_ApbAhbPresTable  n32g4fr_rcc.o
    0x0800a5f4   0x0800a5f4   0x00000007   Data   RO           12    .rodata.str1.1      board.o
    0x0800a5fb   0x0800a5fb   0x00000013   Data   RO           20    .rodata.str1.1      main.o
    0x0800a60e   0x0800a60e   0x00000076   Data   RO           42    .rodata.str1.1      drv_usart.o
    0x0800a684   0x0800a684   0x00000004   Data   RO           50    .rodata.str1.1      drv_gpio.o
    0x0800a688   0x0800a688   0x00000005   Data   RO           68    .rodata.str1.1      drv_i2c.o
    0x0800a68d   0x0800a68d   0x0000005f   Data   RO          265    .rodata.str1.1      components.o
    0x0800a6ec   0x0800a6ec   0x000001d0   Data   RO          274    .rodata.str1.1      device.o
    0x0800a8bc   0x0800a8bc   0x00000043   Data   RO          282    .rodata.str1.1      idle.o
    0x0800a8ff   0x0800a8ff   0x00000296   Data   RO          292    .rodata.str1.1      ipc.o
    0x0800ab95   0x0800ab95   0x000000bf   Data   RO          309    .rodata.str1.1      kservice.o
    0x0800ac54   0x0800ac54   0x000002b0   Data   RO          323    .rodata.str1.1      mem.o
    0x0800af04   0x0800af04   0x000000c9   Data   RO          341    .rodata.str1.1      object.o
    0x0800afcd   0x0800afcd   0x000000af   Data   RO          355    .rodata.str1.1      scheduler.o
    0x0800b07c   0x0800b07c   0x00000226   Data   RO          365    .rodata.str1.1      thread.o
    0x0800b2a2   0x0800b2a2   0x0000012c   Data   RO          373    .rodata.str1.1      timer.o
    0x0800b3ce   0x0800b3ce   0x0000008e   Data   RO          393    .rodata.str1.1      pin.o
    0x0800b45c   0x0800b45c   0x00000165   Data   RO          401    .rodata.str1.1      serial.o
    0x0800b5c1   0x0800b5c1   0x0000007e   Data   RO          410    .rodata.str1.1      completion.o
    0x0800b63f   0x0800b63f   0x0000008e   Data   RO          418    .rodata.str1.1      i2c_core.o
    0x0800b6cd   0x0800b6cd   0x00000093   Data   RO          429    .rodata.str1.1      i2c-bit-ops.o
    0x0800b760   0x0800b760   0x00000070   Data   RO          437    .rodata.str1.1      i2c_dev.o
    0x0800b7d0   0x0800b7d0   0x00000135   Data   RO          446    .rodata.str1.1      cpuport.o
    0x0800b905   0x0800b905   0x00000003   PAD
    0x0800b908   0x0800b908   0x00000034   Data   RO           39    .rodata.uarts       drv_usart.o
    0x0800b93c   0x0800b93c   0x00000008   Data   RO          258    .rti_fn.0           components.o
    0x0800b944   0x0800b944   0x00000008   Data   RO          260    .rti_fn.0.end       components.o
    0x0800b94c   0x0800b94c   0x00000008   Data   RO           41    .rti_fn.1           drv_usart.o
    0x0800b954   0x0800b954   0x00000008   Data   RO           53    .rti_fn.1           drv_gpio.o
    0x0800b95c   0x0800b95c   0x00000008   Data   RO          262    .rti_fn.1.end       components.o
    0x0800b964   0x0800b964   0x00000008   Data   RO           70    .rti_fn.3           drv_i2c.o
    0x0800b96c   0x0800b96c   0x00000008   Data   RO          420    .rti_fn.4           i2c_core.o
    0x0800b974   0x0800b974   0x00000008   Data   RO          264    .rti_fn.6.end       components.o
    0x0800b97c   0x0800b97c   0x00000020   Data   RO          748    Region$$Table       anon$$obj.o


    Execution Region ER_RW (Exec base: 0x20000000, Load base: 0x0800b99c, Size: 0x00000114, Max: 0xffffffff, ABSOLUTE)

    Exec Addr    Load Addr    Size         Type   Attr      Idx    E Section Name        Object

    0x20000000   0x0800b99c   0x00000004   Data   RW          383    .data.SystemCoreClock  system_n32g4fr.o
    0x20000004   0x0800b9a0   0x000000c0   Data   RW           55    .data.pin_irq_hdr_tab  drv_gpio.o
    0x200000c4   0x0800ba60   0x00000050   Data   RW          340    .data.rt_object_container  object.o


    Execution Region ER_ZI (Exec base: 0x20000118, Load base: 0x0800bab0, Size: 0x00001d00, Max: 0xffffffff, ABSOLUTE)

    Exec Addr    Load Addr    Size         Type   Attr      Idx    E Section Name        Object

    0x20000118        -       0x00000060   Zero   RW          603    .bss                c_wu.l(libspace.o)
    0x20000178        -       0x00000004   Zero   RW          308    .bss.__rt_errno     kservice.o
    0x2000017c        -       0x00000004   Zero   RW          310    .bss._console_device  kservice.o
    0x20000180        -       0x00000048   Zero   RW          392    .bss._hw_pin        pin.o
    0x200001c8        -       0x00000004   Zero   RW          402    .bss._serial_check_buffer_size.already_output  serial.o
    0x200001cc        -       0x00000004   Zero   RW          326    .bss.heap_end       mem.o
    0x200001d0        -       0x00000004   Zero   RW          325    .bss.heap_ptr       mem.o
    0x200001d4        -       0x00000020   Zero   RW          327    .bss.heap_sem       mem.o
    0x200001f4        -       0x00000078   Zero   RW          283    .bss.idle           idle.o
    0x2000026c        -       0x00000004   Zero   RW          328    .bss.lfree          mem.o
    0x20000270        -       0x00000004   Zero   RW          330    .bss.max_mem        mem.o
    0x20000274        -       0x00000004   Zero   RW          324    .bss.mem_size_aligned  mem.o
    0x20000278        -       0x00000004   Zero   RW           57    .bss.pin_irq_enable_mask  drv_gpio.o
    0x2000027c        -       0x00000004   Zero   RW          313    .bss.rt_assert_hook  kservice.o
    0x20000280        -       0x00000001   Zero   RW          351    .bss.rt_current_priority  scheduler.o
    0x20000281   0x0800bab0   0x00000003   PAD
    0x20000284        -       0x00000004   Zero   RW          352    .bss.rt_current_thread  scheduler.o
    0x20000288        -       0x00000004   Zero   RW          445    .bss.rt_exception_hook  cpuport.o
    0x2000028c        -       0x0000007c   Zero   RW           65    .bss.rt_hw_i2c_init.i2c_device  drv_i2c.o
    0x20000308        -       0x00000004   Zero   RW          447    .bss.rt_interrupt_from_thread  cpuport.o
    0x2000030c        -       0x00000001   Zero   RW          300    .bss.rt_interrupt_nest  irq.o
    0x2000030d   0x0800bab0   0x00000003   PAD
    0x20000310        -       0x00000004   Zero   RW          448    .bss.rt_interrupt_to_thread  cpuport.o
    0x20000314        -       0x00000080   Zero   RW          311    .bss.rt_kprintf.rt_log_buf  kservice.o
    0x20000394        -       0x00000002   Zero   RW          349    .bss.rt_scheduler_lock_nest  scheduler.o
    0x20000396   0x0800bab0   0x00000002   PAD
    0x20000398        -       0x00000008   Zero   RW          354    .bss.rt_thread_defunct  scheduler.o
    0x200003a0        -       0x00000100   Zero   RW          350    .bss.rt_thread_priority_table  scheduler.o
    0x200004a0        -       0x00000004   Zero   RW          353    .bss.rt_thread_ready_priority_group  scheduler.o
    0x200004a4        -       0x00000100   Zero   RW          284    .bss.rt_thread_stack  idle.o
    0x200005a4        -       0x00000004   Zero   RW          449    .bss.rt_thread_switch_interrupt_flag  cpuport.o
    0x200005a8        -       0x00000004   Zero   RW          249    .bss.rt_tick        clock.o
    0x200005ac        -       0x00000008   Zero   RW          375    .bss.rt_timer_list  timer.o
    0x200005b4        -       0x00000004   Zero   RW          374    .bss.rt_timer_start.random_nr  timer.o
    0x200005b8        -       0x0000005c   Zero   RW           36    .bss.serial1        drv_usart.o
    0x20000614        -       0x00000004   Zero   RW          329    .bss.used_mem       mem.o
    0x20000618        -       0x00000300   Zero   RW            2    HEAP                startup_n32g4fr.o
    0x20000918        -       0x00001500   Zero   RW            1    STACK               startup_n32g4fr.o


==============================================================================

Image component sizes


      Code (inc. data)   RO Data    RW Data    ZI Data      Debug   Object Name

       246          0          7          0          0       4210   board.o
       212          0          0          0          4       2234   clock.o
       534          0        126          0          0       3148   completion.o
       354          0        175          0          0       3276   components.o
       308         26          0          0          0        820   context_rvds.o
       598          0        309          0         16       2932   cpuport.o
      1746          0        464          0          0       5886   device.o
      2290          0       1139        192          4      12226   drv_gpio.o
       324          0         84          0        124       6267   drv_i2c.o
      1326          8        215          0         92      10616   drv_usart.o
      2012          0        159          0          0       7894   i2c-bit-ops.o
       520          0        167          0          0       5193   i2c_core.o
       530          4        112          0          0       4866   i2c_dev.o
       366          0         67          0        376       2778   idle.o
      3214          0        662          0          0       7819   ipc.o
       118          0          0          0          1        907   irq.o
      4322        168        481          0        140      11843   kservice.o
        68          0         19          0          0        706   main.o
      2726          0        688          0         56       4936   mem.o
       330          0          0          0          0       2865   misc.o
       536          0          0          0          0       2584   n32g4fr_exti.o
      2134          0          0          0          0       5832   n32g4fr_gpio.o
        26          0          0          0          0        698   n32g4fr_it.o
      2460          0         64          0          0       7734   n32g4fr_rcc.o
      1832          0          0          0          0       6322   n32g4fr_usart.o
      1088          0        201         80          0       4360   object.o
       884          0        142          0         72       4839   pin.o
       980          0        175          0        275       4308   scheduler.o
      2566          0        357          0          4       7978   serial.o
        64         26        408          0       6144        884   startup_n32g4fr.o
       862          0         16          4          0       2865   system_n32g4fr.o
      2736          0        550          0          0       7366   thread.o
      1736          4        300          0         12       5572   timer.o

    ----------------------------------------------------------------------
     40084        236       7124        276       7328     162764   Object Totals
         0          0         32          0          0          0   (incl. Generated)
        36          0          5          0          8          0   (incl. Padding)

    ----------------------------------------------------------------------

      Code (inc. data)   RO Data    RW Data    ZI Data      Debug   Library Member Name

         8          0          0          0          0         68   __main.o
         0          0          0          0          0          0   __rtentry.o
        12          0          0          0          0          0   __rtentry2.o
         6          0          0          0          0          0   __rtentry4.o
        52          8          0          0          0          0   __scatter.o
        26          0          0          0          0          0   __scatter_copy.o
        28          0          0          0          0          0   __scatter_zi.o
        18          0          0          0          0         80   exit.o
         6          0          0          0          0        152   heapauxi.o
         0          0          0          0          0          0   indicate_semi.o
         2          0          0          0          0          0   libinit.o
         6          0          0          0          0          0   libinit2.o
         2          0          0          0          0          0   libshutdown.o
         2          0          0          0          0          0   libshutdown2.o
         8          4          0          0         96         68   libspace.o
         2          0          0          0          0          0   rtexit.o
        10          0          0          0          0          0   rtexit2.o
        12          4          0          0          0         68   sys_exit.o
        74          0          0          0          0         80   sys_stackheap_outer.o
         2          0          0          0          0         68   use_no_semi.o
        26          0          0          0          0        116   fpinit.o

    ----------------------------------------------------------------------
       308         16          0          0         96        700   Library Totals
         6          0          0          0          0          0   (incl. Padding)

    ----------------------------------------------------------------------

      Code (inc. data)   RO Data    RW Data    ZI Data      Debug   Library Name

       276         16          0          0         96        584   c_wu.l
        26          0          0          0          0        116   fz_wm.l

    ----------------------------------------------------------------------
       308         16          0          0         96        700   Library Totals

    ----------------------------------------------------------------------

==============================================================================


      Code (inc. data)   RO Data    RW Data    ZI Data      Debug   

     40392        252       7124        276       7424     162608   Grand Totals
     40392        252       7124        276       7424     162608   ELF Image Totals
     40392        252       7124        276          0          0   ROM Totals

==============================================================================

    Total RO  Size (Code + RO Data)                47516 (  46.40kB)
    Total RW  Size (RW Data + ZI Data)              7700 (   7.52kB)
    Total ROM Size (Code + RO Data + RW Data)      47792 (  46.67kB)

==============================================================================

