Component: Arm Compiler for Embedded 6.19 Tool: armlink [5e73cb00]

==============================================================================

Section Cross References

    startup_n32g4fr.o(STACK) refers (Special) to heapauxi.o(.text) for __use_two_region_memory
    startup_n32g4fr.o(HEAP) refers (Special) to heapauxi.o(.text) for __use_two_region_memory
    startup_n32g4fr.o(RESET) refers (Special) to heapauxi.o(.text) for __use_two_region_memory
    startup_n32g4fr.o(RESET) refers to startup_n32g4fr.o(STACK) for __initial_sp
    startup_n32g4fr.o(RESET) refers to startup_n32g4fr.o(.text) for Reset_Handler
    startup_n32g4fr.o(RESET) refers to n32g4fr_it.o(.text) for NMI_Handler
    startup_n32g4fr.o(RESET) refers to context_rvds.o(.text) for HardFault_Handler
    startup_n32g4fr.o(RESET) refers to board.o(.text) for SysTick_Handler
    startup_n32g4fr.o(RESET) refers to drv_gpio.o(.text) for EXTI0_IRQHandler
    startup_n32g4fr.o(RESET) refers to drv_usart.o(.text) for USART1_IRQHandler
    startup_n32g4fr.o(.text) refers (Special) to heapauxi.o(.text) for __use_two_region_memory
    startup_n32g4fr.o(.text) refers to system_n32g4fr.o(.text) for SystemInit
    startup_n32g4fr.o(.text) refers to __main.o(!!!main) for __main
    startup_n32g4fr.o(.text) refers to startup_n32g4fr.o(HEAP) for Heap_Mem
    startup_n32g4fr.o(.text) refers to startup_n32g4fr.o(STACK) for Stack_Mem
    board.o(.text) refers to misc.o(.text) for NVIC_SetVectorTable
    board.o(.text) refers to irq.o(.text) for rt_interrupt_enter
    board.o(.text) refers to clock.o(.text) for rt_tick_increase
    board.o(.text) refers to system_n32g4fr.o(.data.SystemCoreClock) for SystemCoreClock
    board.o(.text) refers to mem.o(.text) for rt_system_heap_init
    board.o(.text) refers to components.o(.text) for rt_components_board_init
    board.o(.text) refers to board.o(.rodata.str1.1) for .L.str
    board.o(.text) refers to kservice.o(.text) for rt_console_set_device
    board.o(.ARM.exidx) refers to board.o(.text) for [Anonymous Symbol]
    main.o(.text) refers to main.o(.rodata.str1.1) for .L.str
    main.o(.text) refers to kservice.o(.text) for rt_kprintf
    main.o(.text) refers to pin.o(.text) for rt_pin_mode
    main.o(.text) refers to thread.o(.text) for rt_thread_delay
    main.o(.ARM.exidx) refers to main.o(.text) for [Anonymous Symbol]
    n32g4fr_it.o(.ARM.exidx) refers to n32g4fr_it.o(.text) for [Anonymous Symbol]
    drv_usart.o(.text) refers to irq.o(.text) for rt_interrupt_enter
    drv_usart.o(.text) refers to drv_usart.o(.bss.serial1) for serial1
    drv_usart.o(.text) refers to drv_usart.o(.rodata.str1.1) for .L.str
    drv_usart.o(.text) refers to kservice.o(.text) for rt_assert_handler
    drv_usart.o(.text) refers to n32g4fr_usart.o(.text) for USART_GetIntStatus
    drv_usart.o(.text) refers to serial.o(.text) for rt_hw_serial_isr
    drv_usart.o(.text) refers to n32g4fr_rcc.o(.text) for RCC_EnableAPB2PeriphClk
    drv_usart.o(.text) refers to n32g4fr_gpio.o(.text) for GPIO_InitPeripheral
    drv_usart.o(.text) refers to drv_usart.o(.rodata.uarts) for uarts
    drv_usart.o(.text) refers to drv_usart.o(.rodata.n32g4fr_uart_ops) for n32g4fr_uart_ops
    drv_usart.o(.text) refers to misc.o(.text) for NVIC_PriorityGroupConfig
    drv_usart.o(.ARM.exidx) refers to drv_usart.o(.text) for [Anonymous Symbol]
    drv_usart.o(.rodata.n32g4fr_uart_ops) refers to drv_usart.o(.text) for n32g4fr_configure
    drv_usart.o(.rodata.uarts) refers to drv_usart.o(.bss.serial1) for serial1
    drv_usart.o(.rodata.uarts) refers to drv_usart.o(.rodata.str1.1) for [Anonymous Symbol]
    drv_usart.o(.rti_fn.1) refers to drv_usart.o(.rodata.__rti_rt_hw_usart_init_name) for __rti_rt_hw_usart_init_name
    drv_usart.o(.rti_fn.1) refers to drv_usart.o(.text) for rt_hw_usart_init
    drv_gpio.o(.text) refers to n32g4fr_rcc.o(.text) for RCC_EnableAPB2PeriphClk
    drv_gpio.o(.text) refers to drv_gpio.o(.rodata.str1.1) for .L.str
    drv_gpio.o(.text) refers to drv_gpio.o(.rodata._N32G4FR_pin_ops) for _N32G4FR_pin_ops
    drv_gpio.o(.text) refers to pin.o(.text) for rt_device_pin_register
    drv_gpio.o(.text) refers to n32g4fr_exti.o(.text) for EXTI_GetITStatus
    drv_gpio.o(.text) refers to drv_gpio.o(.data.pin_irq_hdr_tab) for pin_irq_hdr_tab
    drv_gpio.o(.text) refers to irq.o(.text) for rt_interrupt_enter
    drv_gpio.o(.text) refers to n32g4fr_gpio.o(.text) for GPIO_InitPeripheral
    drv_gpio.o(.text) refers to context_rvds.o(.text) for rt_hw_interrupt_disable
    drv_gpio.o(.text) refers to drv_gpio.o(.rodata.pin_irq_map) for pin_irq_map
    drv_gpio.o(.text) refers to drv_gpio.o(.bss.pin_irq_enable_mask) for pin_irq_enable_mask
    drv_gpio.o(.text) refers to drv_gpio.o(.rodata.pins) for pins
    drv_gpio.o(.ARM.exidx) refers to drv_gpio.o(.text) for [Anonymous Symbol]
    drv_gpio.o(.rodata._N32G4FR_pin_ops) refers to drv_gpio.o(.text) for N32G4FR_pin_mode
[...]
    .L__FUNCTION__.rt_sem_delete             0x08009dab   Data          14  ipc.o(.rodata.str1.1)
    .L__FUNCTION__.rt_mutex_delete           0x08009db9   Data          16  ipc.o(.rodata.str1.1)
    .L__FUNCTION__.rt_sem_detach             0x08009dc9   Data          14  ipc.o(.rodata.str1.1)
    .L__FUNCTION__.rt_mutex_detach           0x08009dd7   Data          16  ipc.o(.rodata.str1.1)
    .L__FUNCTION__.rt_sem_control            0x08009de7   Data          15  ipc.o(.rodata.str1.1)
    .L__FUNCTION__.rt_mutex_control          0x08009df6   Data          17  ipc.o(.rodata.str1.1)
    .L__FUNCTION__.rt_sem_init               0x08009e07   Data          12  ipc.o(.rodata.str1.1)
    .L__FUNCTION__.rt_mutex_init             0x08009e13   Data          14  ipc.o(.rodata.str1.1)
    .L.str.9                                 0x08009e21   Data          67  ipc.o(.rodata.str1.1)
    .L.str.6                                 0x08009e64   Data          55  kservice.o(.rodata.str1.1)
    [Anonymous Symbol]                       0x08009e64   Section        0  kservice.o(.rodata.str1.1)
    .L.str                                   0x08009e9b   Data           9  kservice.o(.rodata.str1.1)
    .L.str.4                                 0x08009ea4   Data          42  kservice.o(.rodata.str1.1)
    .L.str.1                                 0x08009ece   Data          36  kservice.o(.rodata.str1.1)
    .L.str.2                                 0x08009ef2   Data          30  kservice.o(.rodata.str1.1)
    .L.str.5                                 0x08009f10   Data           7  kservice.o(.rodata.str1.1)
    .L.str.3                                 0x08009f17   Data          12  kservice.o(.rodata.str1.1)
    .L.str.10                                0x08009f23   Data          27  mem.o(.rodata.str1.1)
    [Anonymous Symbol]                       0x08009f23   Section        0  mem.o(.rodata.str1.1)
    .L.str.2                                 0x08009f3e   Data          58  mem.o(.rodata.str1.1)
    .L.str.11                                0x08009f78   Data          48  mem.o(.rodata.str1.1)
    .L.str.4                                 0x08009fa8   Data          40  mem.o(.rodata.str1.1)
    .L.str.7                                 0x08009fd0   Data          47  mem.o(.rodata.str1.1)
    .L.str.8                                 0x08009fff   Data          48  mem.o(.rodata.str1.1)
    .L.str.6                                 0x0800a02f   Data          73  mem.o(.rodata.str1.1)
    .L.str.16                                0x0800a078   Data          15  mem.o(.rodata.str1.1)
    .L.str.1                                 0x0800a085   Data           2  mem.o(.rodata.str1.1)
    .L.str.1                                 0x0800a085   Data           2  mem.o(.rodata.str1.1)
    .L.str.20                                0x0800a085   Data           2  mem.o(.rodata.str1.1)
    .L.str.3                                 0x0800a085   Data           2  mem.o(.rodata.str1.1)
    .L.str.4                                 0x0800a085   Data           2  mem.o(.rodata.str1.1)
    .L.str.5                                 0x0800a085   Data           2  mem.o(.rodata.str1.1)
    .L.str.13                                0x0800a087   Data          25  mem.o(.rodata.str1.1)
    .L__FUNCTION__.rt_realloc                0x0800a0a0   Data          11  mem.o(.rodata.str1.1)
    .L__FUNCTION__.rt_malloc                 0x0800a0ab   Data          10  mem.o(.rodata.str1.1)
    .L.str.12                                0x0800a0b5   Data          10  mem.o(.rodata.str1.1)
    .L.str.15                                0x0800a0bf   Data          43  mem.o(.rodata.str1.1)
    .L.str.9                                 0x0800a0ea   Data          92  mem.o(.rodata.str1.1)
    .L.str.5                                 0x0800a146   Data          67  mem.o(.rodata.str1.1)
    .L__FUNCTION__.rt_free                   0x0800a189   Data           8  mem.o(.rodata.str1.1)
    .L.str.3                                 0x0800a191   Data           5  mem.o(.rodata.str1.1)
    .L.str.14                                0x0800a196   Data          30  mem.o(.rodata.str1.1)
    .L__FUNCTION__.plug_holes                0x0800a1b4   Data          11  mem.o(.rodata.str1.1)
    .L__FUNCTION__.rt_system_heap_init       0x0800a1bf   Data          20  mem.o(.rodata.str1.1)
    .L.str.5                                 0x0800a1d3   Data          41  object.o(.rodata.str1.1)
    [Anonymous Symbol]                       0x0800a1d3   Section        0  object.o(.rodata.str1.1)
    .L.str.2                                 0x0800a1fc   Data          18  object.o(.rodata.str1.1)
    .L__FUNCTION__.rt_object_find            0x0800a20e   Data          15  object.o(.rodata.str1.1)
    .L__FUNCTION__.rt_object_get_type        0x0800a21d   Data          19  object.o(.rodata.str1.1)
    .L__FUNCTION__.rt_object_allocate        0x0800a230   Data          19  object.o(.rodata.str1.1)
    .L__FUNCTION__.rt_object_delete          0x0800a243   Data          17  object.o(.rodata.str1.1)
    .L__FUNCTION__.rt_object_detach          0x0800a254   Data          17  object.o(.rodata.str1.1)
    .L.str.1                                 0x0800a265   Data          14  object.o(.rodata.str1.1)
    .L__FUNCTION__.rt_object_is_systemobject 0x0800a273   Data          26  object.o(.rodata.str1.1)
    .L__FUNCTION__.rt_object_init            0x0800a28d   Data          15  object.o(.rodata.str1.1)
    .L.str.2                                 0x0800a29c   Data          53  scheduler.o(.rodata.str1.1)
    [Anonymous Symbol]                       0x0800a29c   Section        0  scheduler.o(.rodata.str1.1)
    .L.str.1                                 0x0800a2d1   Data          26  scheduler.o(.rodata.str1.1)
    .L.str                                   0x0800a2eb   Data          18  scheduler.o(.rodata.str1.1)
    .L.str                                   0x0800a2eb   Data          18  scheduler.o(.rodata.str1.1)
    .L__FUNCTION__.rt_schedule_remove_thread 0x0800a2fd   Data          26  scheduler.o(.rodata.str1.1)
    .L__FUNCTION__.rt_schedule_insert_thread 0x0800a317   Data          26  scheduler.o(.rodata.str1.1)
    .L__FUNCTION__._rt_scheduler_stack_check 0x0800a331   Data          26  scheduler.o(.rodata.str1.1)
    .L.str.4                                 0x0800a34b   Data          47  thread.o(.rodata.str1.1)
    [Anonymous Symbol]                       0x0800a34b   Section        0  thread.o(.rodata.str1.1)
    .L.str.7                                 0x0800a37a   Data          58  thread.o(.rodata.str1.1)
    .L.str.5                                 0x0800a3b4   Data          59  thread.o(.rodata.str1.1)
    .L.str.6                                 0x0800a3ef   Data          16  thread.o(.rodata.str1.1)
    .L.str.1                                 0x0800a3ff   Data          23  thread.o(.rodata.str1.1)
    .L.str.2                                 0x0800a416   Data          55  thread.o(.rodata.str1.1)
    .L.str.9                                 0x0800a44d   Data          34  thread.o(.rodata.str1.1)
    .L.str.3                                 0x0800a46f   Data          66  thread.o(.rodata.str1.1)
    .L__FUNCTION__.rt_thread_suspend         0x0800a4b1   Data          18  thread.o(.rodata.str1.1)
    .L__FUNCTION__.rt_thread_find            0x0800a4c3   Data          15  thread.o(.rodata.str1.1)
    .L__FUNCTION__.rt_thread_resume          0x0800a4d2   Data          17  thread.o(.rodata.str1.1)
    .L__FUNCTION__.rt_thread_delete          0x0800a4e3   Data          17  thread.o(.rodata.str1.1)
    .L__FUNCTION__.rt_thread_detach          0x0800a4f4   Data          17  thread.o(.rodata.str1.1)
    .L__FUNCTION__.rt_thread_delay_until     0x0800a505   Data          22  thread.o(.rodata.str1.1)
    .L__FUNCTION__.rt_thread_control         0x0800a51b   Data          18  thread.o(.rodata.str1.1)
    .L__FUNCTION__.rt_thread_sleep           0x0800a52d   Data          16  thread.o(.rodata.str1.1)
    .L__FUNCTION__.rt_thread_startup         0x0800a53d   Data          18  thread.o(.rodata.str1.1)
    .L__FUNCTION__._rt_thread_init           0x0800a54f   Data          16  thread.o(.rodata.str1.1)
    .L__FUNCTION__.rt_thread_init            0x0800a550   Data          15  thread.o(.rodata.str1.1)
    .L__FUNCTION__.rt_thread_timeout         0x0800a55f   Data          18  thread.o(.rodata.str1.1)
    .L.str.2                                 0x0800a571   Data          42  timer.o(.rodata.str1.1)
    [Anonymous Symbol]                       0x0800a571   Section        0  timer.o(.rodata.str1.1)
    .L.str.4                                 0x0800a59b   Data          35  timer.o(.rodata.str1.1)
    .L.str.3                                 0x0800a5be   Data          54  timer.o(.rodata.str1.1)
    .L.str                                   0x0800a5f4   Data          17  timer.o(.rodata.str1.1)
    .L__FUNCTION__.rt_timer_delete           0x0800a605   Data          16  timer.o(.rodata.str1.1)
    .L__FUNCTION__.rt_timer_detach           0x0800a615   Data          16  timer.o(.rodata.str1.1)
    .L__FUNCTION__.rt_timer_control          0x0800a625   Data          17  timer.o(.rodata.str1.1)
    .L__FUNCTION__.rt_timer_stop             0x0800a636   Data          14  timer.o(.rodata.str1.1)
    .L.str.1                                 0x0800a644   Data          60  timer.o(.rodata.str1.1)
    .L__FUNCTION__.rt_timer_init             0x0800a680   Data          14  timer.o(.rodata.str1.1)
    .L__FUNCTION__.rt_timer_start            0x0800a68e   Data          15  timer.o(.rodata.str1.1)
    .L.str.1                                 0x0800a69d   Data          15  pin.o(.rodata.str1.1)
    [Anonymous Symbol]                       0x0800a69d   Section        0  pin.o(.rodata.str1.1)
    .L.str                                   0x0800a6ac   Data          23  pin.o(.rodata.str1.1)
    .L__FUNCTION__.rt_pin_read               0x0800a6c3   Data          12  pin.o(.rodata.str1.1)
    .L__FUNCTION__._pin_read                 0x0800a6c5   Data          10  pin.o(.rodata.str1.1)
    .L__FUNCTION__.rt_pin_mode               0x0800a6cf   Data          12  pin.o(.rodata.str1.1)
    .L__FUNCTION__.rt_pin_irq_enable         0x0800a6db   Data          18  pin.o(.rodata.str1.1)
    .L__FUNCTION__.rt_pin_write              0x0800a6ed   Data          13  pin.o(.rodata.str1.1)
    .L__FUNCTION__._pin_write                0x0800a6ef   Data          11  pin.o(.rodata.str1.1)
    .L__FUNCTION__._pin_control              0x0800a6fa   Data          13  pin.o(.rodata.str1.1)
    .L__FUNCTION__.rt_pin_detach_irq         0x0800a707   Data          18  pin.o(.rodata.str1.1)
    .L__FUNCTION__.rt_pin_attach_irq         0x0800a719   Data          18  pin.o(.rodata.str1.1)
    .L.str.5                                 0x0800a72b   Data          10  serial.o(.rodata.str1.1)
    [Anonymous Symbol]                       0x0800a72b   Section        0  serial.o(.rodata.str1.1)
    .L.str.6                                 0x0800a735   Data          99  serial.o(.rodata.str1.1)
    .L.str.1                                 0x0800a798   Data          19  serial.o(.rodata.str1.1)
    .L.str.3                                 0x0800a7ab   Data          19  serial.o(.rodata.str1.1)
    .L.str.4                                 0x0800a7be   Data          14  serial.o(.rodata.str1.1)
    .L__FUNCTION__.rt_serial_read            0x0800a7cc   Data          15  serial.o(.rodata.str1.1)
    .L__FUNCTION__.rt_serial_close           0x0800a7db   Data          16  serial.o(.rodata.str1.1)
    .L__FUNCTION__.rt_serial_write           0x0800a7eb   Data          16  serial.o(.rodata.str1.1)
    .L__FUNCTION__.rt_serial_control         0x0800a7fb   Data          18  serial.o(.rodata.str1.1)
    .L__FUNCTION__.rt_serial_open            0x0800a80d   Data          15  serial.o(.rodata.str1.1)
    .L__FUNCTION__.rt_hw_serial_register     0x0800a81c   Data          22  serial.o(.rodata.str1.1)
    .L__FUNCTION__.rt_hw_serial_isr          0x0800a832   Data          17  serial.o(.rodata.str1.1)
    .L__FUNCTION__.rt_serial_init            0x0800a843   Data          15  serial.o(.rodata.str1.1)
    .L__FUNCTION__._serial_poll_rx           0x0800a852   Data          16  serial.o(.rodata.str1.1)
    .L__FUNCTION__._serial_int_rx            0x0800a862   Data          15  serial.o(.rodata.str1.1)
    .L__FUNCTION__._serial_poll_tx           0x0800a871   Data          16  serial.o(.rodata.str1.1)
    .L__FUNCTION__._serial_int_tx            0x0800a881   Data          15  serial.o(.rodata.str1.1)
    .L.str.1                                 0x0800a890   Data          47  completion.o(.rodata.str1.1)
    [Anonymous Symbol]                       0x0800a890   Section        0  completion.o(.rodata.str1.1)
    .L.str                                   0x0800a8bf   Data          22  completion.o(.rodata.str1.1)
    .L__FUNCTION__.rt_completion_done        0x0800a8d5   Data          19  completion.o(.rodata.str1.1)
    .L__FUNCTION__.rt_completion_wait        0x0800a8e8   Data          19  completion.o(.rodata.str1.1)
    .L__FUNCTION__.rt_completion_init        0x0800a8fb   Data          19  completion.o(.rodata.str1.1)
    .L.str.17                                0x0800a90e   Data          26  cpuport.o(.rodata.str1.1)
    [Anonymous Symbol]                       0x0800a90e   Section        0  cpuport.o(.rodata.str1.1)
    .L.str.16                                0x0800a928   Data          29  cpuport.o(.rodata.str1.1)
    .L.str.18                                0x0800a945   Data          14  cpuport.o(.rodata.str1.1)
    .L.str.19                                0x0800a953   Data          13  cpuport.o(.rodata.str1.1)
    .L.str.1                                 0x0800a960   Data          13  cpuport.o(.rodata.str1.1)
    .L.str.11                                0x0800a96d   Data          13  cpuport.o(.rodata.str1.1)
    .L.str.2                                 0x0800a97a   Data          13  cpuport.o(.rodata.str1.1)
    .L.str.12                                0x0800a987   Data          13  cpuport.o(.rodata.str1.1)
    .L.str.3                                 0x0800a994   Data          13  cpuport.o(.rodata.str1.1)
    .L.str.13                                0x0800a9a1   Data          13  cpuport.o(.rodata.str1.1)
    .L.str.4                                 0x0800a9ae   Data          13  cpuport.o(.rodata.str1.1)
    .L.str.5                                 0x0800a9bb   Data          13  cpuport.o(.rodata.str1.1)
    .L.str.6                                 0x0800a9c8   Data          13  cpuport.o(.rodata.str1.1)
    .L.str.7                                 0x0800a9d5   Data          13  cpuport.o(.rodata.str1.1)
    .L.str.8                                 0x0800a9e2   Data          13  cpuport.o(.rodata.str1.1)
    .L.str.9                                 0x0800a9ef   Data          13  cpuport.o(.rodata.str1.1)
    .L.str.10                                0x0800a9fc   Data          13  cpuport.o(.rodata.str1.1)
    .L.str.15                                0x0800aa09   Data          13  cpuport.o(.rodata.str1.1)
    .L.str.14                                0x0800aa16   Data          13  cpuport.o(.rodata.str1.1)
    .L.str                                   0x0800aa23   Data          13  cpuport.o(.rodata.str1.1)
    .L.str.7                                 0x0800aa2e   Data           2  cpuport.o(.rodata.str1.1)
    .L__FUNCTION__.rt_hw_cpu_shutdown        0x0800aa30   Data          19  cpuport.o(.rodata.str1.1)
    uarts                                    0x0800aa44   Data          52  drv_usart.o(.rodata.uarts)
    [Anonymous Symbol]                       0x0800aa44   Section        0  drv_usart.o(.rodata.uarts)
    __tagsym$$used.0                         0x0800aa78   Number         0  components.o(.rti_fn.0)
    __tagsym$$used.1                         0x0800aa80   Number         0  components.o(.rti_fn.0.end)
    __tagsym$$used.0                         0x0800aa88   Number         0  drv_usart.o(.rti_fn.1)
    __tagsym$$used.0                         0x0800aa90   Number         0  drv_gpio.o(.rti_fn.1)
    __tagsym$$used.2                         0x0800aa98   Number         0  components.o(.rti_fn.1.end)
    __tagsym$$used.3                         0x0800aaa0   Number         0  components.o(.rti_fn.6.end)
    pin_irq_hdr_tab                          0x20000004   Data         192  drv_gpio.o(.data.pin_irq_hdr_tab)
    [Anonymous Symbol]                       0x20000004   Section        0  drv_gpio.o(.data.pin_irq_hdr_tab)
    rt_object_container                      0x200000c4   Data          80  object.o(.data.rt_object_container)
    [Anonymous Symbol]                       0x200000c4   Section        0  object.o(.data.rt_object_container)
    .bss                                     0x20000118   Section       96  libspace.o(.bss)
    __rt_errno                               0x20000178   Data           4  kservice.o(.bss.__rt_errno)
    [Anonymous Symbol]                       0x20000178   Section        0  kservice.o(.bss.__rt_errno)
    _console_device                          0x2000017c   Data           4  kservice.o(.bss._console_device)
    [Anonymous Symbol]                       0x2000017c   Section        0  kservice.o(.bss._console_device)
    _hw_pin                                  0x20000180   Data          72  pin.o(.bss._hw_pin)
    [Anonymous Symbol]                       0x20000180   Section        0  pin.o(.bss._hw_pin)
    _serial_check_buffer_size.already_output 0x200001c8   Data           4  serial.o(.bss._serial_check_buffer_size.already_output)
    [Anonymous Symbol]                       0x200001c8   Section        0  serial.o(.bss._serial_check_buffer_size.already_output)
    heap_end                                 0x200001cc   Data           4  mem.o(.bss.heap_end)
    [Anonymous Symbol]                       0x200001cc   Section        0  mem.o(.bss.heap_end)
    heap_ptr                                 0x200001d0   Data           4  mem.o(.bss.heap_ptr)
    [Anonymous Symbol]                       0x200001d0   Section        0  mem.o(.bss.heap_ptr)
    heap_sem                                 0x200001d4   Data          32  mem.o(.bss.heap_sem)
    [Anonymous Symbol]                       0x200001d4   Section        0  mem.o(.bss.heap_sem)
    idle                                     0x200001f4   Data         120  idle.o(.bss.idle)
    [Anonymous Symbol]                       0x200001f4   Section        0  idle.o(.bss.idle)
    lfree                                    0x2000026c   Data           4  mem.o(.bss.lfree)
    [Anonymous Symbol]                       0x2000026c   Section        0  mem.o(.bss.lfree)
    max_mem                                  0x20000270   Data           4  mem.o(.bss.max_mem)
    [Anonymous Symbol]                       0x20000270   Section        0  mem.o(.bss.max_mem)
    mem_size_aligned                         0x20000274   Data           4  mem.o(.bss.mem_size_aligned)
    [Anonymous Symbol]                       0x20000274   Section        0  mem.o(.bss.mem_size_aligned)
    pin_irq_enable_mask                      0x20000278   Data           4  drv_gpio.o(.bss.pin_irq_enable_mask)
    [Anonymous Symbol]                       0x20000278   Section        0  drv_gpio.o(.bss.pin_irq_enable_mask)
    rt_exception_hook                        0x20000288   Data           4  cpuport.o(.bss.rt_exception_hook)
    [Anonymous Symbol]                       0x20000288   Section        0  cpuport.o(.bss.rt_exception_hook)
    rt_kprintf.rt_log_buf                    0x20000298   Data         128  kservice.o(.bss.rt_kprintf.rt_log_buf)
    [Anonymous Symbol]                       0x20000298   Section        0  kservice.o(.bss.rt_kprintf.rt_log_buf)
    rt_scheduler_lock_nest                   0x20000318   Data           2  scheduler.o(.bss.rt_scheduler_lock_nest)
    [Anonymous Symbol]                       0x20000318   Section        0  scheduler.o(.bss.rt_scheduler_lock_nest)
    rt_thread_stack                          0x20000428   Data         256  idle.o(.bss.rt_thread_stack)
    [Anonymous Symbol]                       0x20000428   Section        0  idle.o(.bss.rt_thread_stack)
    rt_tick                                  0x2000052c   Data           4  clock.o(.bss.rt_tick)
    [Anonymous Symbol]                       0x2000052c   Section        0  clock.o(.bss.rt_tick)
    rt_timer_list                            0x20000530   Data           8  timer.o(.bss.rt_timer_list)
    [Anonymous Symbol]                       0x20000530   Section        0  timer.o(.bss.rt_timer_list)
    rt_timer_start.random_nr                 0x20000538   Data           4  timer.o(.bss.rt_timer_start.random_nr)
    [Anonymous Symbol]                       0x20000538   Section        0  timer.o(.bss.rt_timer_start.random_nr)
    used_mem                                 0x20000598   Data           4  mem.o(.bss.used_mem)
    [Anonymous Symbol]                       0x20000598   Section        0  mem.o(.bss.used_mem)
    Heap_Mem                                 0x200005a0   Data         768  startup_n32g4fr.o(HEAP)
    HEAP                                     0x200005a0   Section      768  startup_n32g4fr.o(HEAP)
    Stack_Mem                                0x200008a0   Data        5376  startup_n32g4fr.o(STACK)
    STACK                                    0x200008a0   Section     5376  startup_n32g4fr.o(STACK)
    __initial_sp                             0x20001da0   Data           0  startup_n32g4fr.o(STACK)

    Global Symbols

    Symbol Name                              Value     Ov Type        Size  Object(Section)

    BuildAttributes$$THM_ISAv4$E$P$D$K$B$S$7EM$VFPi3$EXTD16$VFPS$VFMA$PE$A:L22UL41UL21$X:L11$S22US41US21$IEEE1$IW$~IW$USESV6$~STKCKD$USESV7$WCHAR32$ENUMINT$~SHL$OSPACE$ROPI$EBA8$UX$STANDARDLIB$REQ8$PRES8$EABIv2 0x00000000   Number         0  anon$$obj.o ABSOLUTE
    __ARM_exceptions_init                     - Undefined Weak Reference
    __alloca_initialize                       - Undefined Weak Reference
    __arm_preinit_                            - Undefined Weak Reference
    __arm_relocate_pie_                       - Undefined Weak Reference
    __cpp_initialize__aeabi_                  - Undefined Weak Reference
    __cxa_finalize                            - Undefined Weak Reference
    __rt_locale                               - Undefined Weak Reference
    __sigvec_lookup                           - Undefined Weak Reference
    _atexit_init                              - Undefined Weak Reference
    _call_atexit_fns                          - Undefined Weak Reference
    _clock_init                               - Undefined Weak Reference
    _fp_trap_init                             - Undefined Weak Reference
    _fp_trap_shutdown                         - Undefined Weak Reference
    _get_lc_collate                           - Undefined Weak Reference
    _get_lc_ctype                             - Undefined Weak Reference
    _get_lc_monetary                          - Undefined Weak Reference
    _get_lc_numeric                           - Undefined Weak Reference
    _get_lc_time                              - Undefined Weak Reference
    _getenv_init                              - Undefined Weak Reference
    _handle_redirection                       - Undefined Weak Reference
    _init_alloc                               - Undefined Weak Reference
    _init_user_alloc                          - Undefined Weak Reference
    _initio                                   - Undefined Weak Reference
    _rand_init                                - Undefined Weak Reference
    _signal_finish                            - Undefined Weak Reference
    _signal_init                              - Undefined Weak Reference
    _terminate_alloc                          - Undefined Weak Reference
    _terminate_user_alloc                     - Undefined Weak Reference
    _terminateio                              - Undefined Weak Reference
    __Vectors_Size                           0x00000198   Number         0  startup_n32g4fr.o ABSOLUTE
    __Vectors                                0x08000000   Data           4  startup_n32g4fr.o(RESET)
    __Vectors_End                            0x08000198   Data           0  startup_n32g4fr.o(RESET)
    __main                                   0x08000199   Thumb Code     8  __main.o(!!!main)
    __scatterload                            0x080001a1   Thumb Code     0  __scatter.o(!!!scatter)
    __scatterload_rt2                        0x080001a1   Thumb Code    44  __scatter.o(!!!scatter)
    __scatterload_rt2_thumb_only             0x080001a1   Thumb Code     0  __scatter.o(!!!scatter)
    __scatterload_null                       0x080001af   Thumb Code     0  __scatter.o(!!!scatter)
    __scatterload_copy                       0x080001d5   Thumb Code    26  __scatter_copy.o(!!handler_copy)
    __scatterload_zeroinit                   0x080001f1   Thumb Code    28  __scatter_zi.o(!!handler_zi)
    __rt_lib_init                            0x0800020d   Thumb Code     0  libinit.o(.ARM.Collect$$libinit$$00000000)
    __rt_lib_init_fp_1                       0x0800020f   Thumb Code     0  libinit2.o(.ARM.Collect$$libinit$$00000001)
    __rt_lib_init_alloca_1                   0x08000213   Thumb Code     0  libinit2.o(.ARM.Collect$$libinit$$00000030)
    __rt_lib_init_argv_1                     0x08000213   Thumb Code     0  libinit2.o(.ARM.Collect$$libinit$$0000002E)
    __rt_lib_init_atexit_1                   0x08000213   Thumb Code     0  libinit2.o(.ARM.Collect$$libinit$$0000001D)
    __rt_lib_init_clock_1                    0x08000213   Thumb Code     0  libinit2.o(.ARM.Collect$$libinit$$00000023)
    __rt_lib_init_cpp_1                      0x08000213   Thumb Code     0  libinit2.o(.ARM.Collect$$libinit$$00000034)
    __rt_lib_init_exceptions_1               0x08000213   Thumb Code     0  libinit2.o(.ARM.Collect$$libinit$$00000032)
    __rt_lib_init_fp_trap_1                  0x08000213   Thumb Code     0  libinit2.o(.ARM.Collect$$libinit$$00000021)
    __rt_lib_init_getenv_1                   0x08000213   Thumb Code     0  libinit2.o(.ARM.Collect$$libinit$$00000025)
    __rt_lib_init_heap_1                     0x08000213   Thumb Code     0  libinit2.o(.ARM.Collect$$libinit$$0000000C)
    __rt_lib_init_lc_collate_1               0x08000213   Thumb Code     0  libinit2.o(.ARM.Collect$$libinit$$00000013)
    __rt_lib_init_lc_ctype_1                 0x08000213   Thumb Code     0  libinit2.o(.ARM.Collect$$libinit$$00000015)
    __rt_lib_init_lc_monetary_1              0x08000213   Thumb Code     0  libinit2.o(.ARM.Collect$$libinit$$00000017)
    __rt_lib_init_lc_numeric_1               0x08000213   Thumb Code     0  libinit2.o(.ARM.Collect$$libinit$$00000019)
    __rt_lib_init_lc_time_1                  0x08000213   Thumb Code     0  libinit2.o(.ARM.Collect$$libinit$$0000001B)
    __rt_lib_init_preinit_1                  0x08000213   Thumb Code     0  libinit2.o(.ARM.Collect$$libinit$$00000006)
    __rt_lib_init_rand_1                     0x08000213   Thumb Code     0  libinit2.o(.ARM.Collect$$libinit$$00000010)
    __rt_lib_init_relocate_pie_1             0x08000213   Thumb Code     0  libinit2.o(.ARM.Collect$$libinit$$00000004)
    __rt_lib_init_return                     0x08000213   Thumb Code     0  libinit2.o(.ARM.Collect$$libinit$$00000035)
    __rt_lib_init_signal_1                   0x08000213   Thumb Code     0  libinit2.o(.ARM.Collect$$libinit$$0000001F)
    __rt_lib_init_stdio_1                    0x08000213   Thumb Code     0  libinit2.o(.ARM.Collect$$libinit$$00000027)
    __rt_lib_init_user_alloc_1               0x08000213   Thumb Code     0  libinit2.o(.ARM.Collect$$libinit$$0000000E)
    __rt_lib_shutdown                        0x08000215   Thumb Code     0  libshutdown.o(.ARM.Collect$$libshutdown$$00000000)
    __rt_lib_shutdown_cpp_1                  0x08000217   Thumb Code     0  libshutdown2.o(.ARM.Collect$$libshutdown$$00000002)
    __rt_lib_shutdown_fp_trap_1              0x08000217   Thumb Code     0  libshutdown2.o(.ARM.Collect$$libshutdown$$00000007)
    __rt_lib_shutdown_heap_1                 0x08000217   Thumb Code     0  libshutdown2.o(.ARM.Collect$$libshutdown$$0000000F)
    __rt_lib_shutdown_return                 0x08000217   Thumb Code     0  libshutdown2.o(.ARM.Collect$$libshutdown$$00000010)
    __rt_lib_shutdown_signal_1               0x08000217   Thumb Code     0  libshutdown2.o(.ARM.Collect$$libshutdown$$0000000A)
    __rt_lib_shutdown_stdio_1                0x08000217   Thumb Code     0  libshutdown2.o(.ARM.Collect$$libshutdown$$00000004)
    __rt_lib_shutdown_user_alloc_1           0x08000217   Thumb Code     0  libshutdown2.o(.ARM.Collect$$libshutdown$$0000000C)
    __rt_entry                               0x08000219   Thumb Code     0  __rtentry.o(.ARM.Collect$$rtentry$$00000000)
    __rt_entry_presh_1                       0x08000219   Thumb Code     0  __rtentry2.o(.ARM.Collect$$rtentry$$00000002)
    __rt_entry_sh                            0x08000219   Thumb Code     0  __rtentry4.o(.ARM.Collect$$rtentry$$00000004)
    __rt_entry_li                            0x0800021f   Thumb Code     0  __rtentry2.o(.ARM.Collect$$rtentry$$0000000A)
    __rt_entry_postsh_1                      0x0800021f   Thumb Code     0  __rtentry2.o(.ARM.Collect$$rtentry$$00000009)
    __rt_entry_main                          0x08000223   Thumb Code     0  __rtentry2.o(.ARM.Collect$$rtentry$$0000000D)
    __rt_entry_postli_1                      0x08000223   Thumb Code     0  __rtentry2.o(.ARM.Collect$$rtentry$$0000000C)
    __rt_exit                                0x0800022b   Thumb Code     0  rtexit.o(.ARM.Collect$$rtexit$$00000000)
    __rt_exit_ls                             0x0800022d   Thumb Code     0  rtexit2.o(.ARM.Collect$$rtexit$$00000003)
    __rt_exit_prels_1                        0x0800022d   Thumb Code     0  rtexit2.o(.ARM.Collect$$rtexit$$00000002)
    __rt_exit_exit                           0x08000231   Thumb Code     0  rtexit2.o(.ARM.Collect$$rtexit$$00000004)
    Reset_Handler                            0x08000239   Thumb Code     8  startup_n32g4fr.o(.text)
    ADC1_2_IRQHandler                        0x08000253   Thumb Code     0  startup_n32g4fr.o(.text)
    CAN1_RX1_IRQHandler                      0x08000253   Thumb Code     0  startup_n32g4fr.o(.text)
    CAN1_SCE_IRQHandler                      0x08000253   Thumb Code     0  startup_n32g4fr.o(.text)
    CAN2_RX0_IRQHandler                      0x08000253   Thumb Code     0  startup_n32g4fr.o(.text)
    CAN2_RX1_IRQHandler                      0x08000253   Thumb Code     0  startup_n32g4fr.o(.text)
    CAN2_SCE_IRQHandler                      0x08000253   Thumb Code     0  startup_n32g4fr.o(.text)
    CAN2_TX_IRQHandler                       0x08000253   Thumb Code     0  startup_n32g4fr.o(.text)
    DMA1_Channel1_IRQHandler                 0x08000253   Thumb Code     0  startup_n32g4fr.o(.text)
    DMA1_Channel2_IRQHandler                 0x08000253   Thumb Code     0  startup_n32g4fr.o(.text)
    DMA1_Channel3_IRQHandler                 0x08000253   Thumb Code     0  startup_n32g4fr.o(.text)
    DMA1_Channel4_IRQHandler                 0x08000253   Thumb Code     0  startup_n32g4fr.o(.text)
    DMA1_Channel5_IRQHandler                 0x08000253   Thumb Code     0  startup_n32g4fr.o(.text)
    DMA1_Channel6_IRQHandler                 0x08000253   Thumb Code     0  startup_n32g4fr.o(.text)
    DMA1_Channel7_IRQHandler                 0x08000253   Thumb Code     0  startup_n32g4fr.o(.text)
    DMA1_Channel8_IRQHandler                 0x08000253   Thumb Code     0  startup_n32g4fr.o(.text)
    DMA2_Channel1_IRQHandler                 0x08000253   Thumb Code     0  startup_n32g4fr.o(.text)
    DMA2_Channel2_IRQHandler                 0x08000253   Thumb Code     0  startup_n32g4fr.o(.text)
    DMA2_Channel3_IRQHandler                 0x08000253   Thumb Code     0  startup_n32g4fr.o(.text)
    DMA2_Channel4_IRQHandler                 0x08000253   Thumb Code     0  startup_n32g4fr.o(.text)
    DMA2_Channel5_IRQHandler                 0x08000253   Thumb Code     0  startup_n32g4fr.o(.text)
    DMA2_Channel6_IRQHandler                 0x08000253   Thumb Code     0  startup_n32g4fr.o(.text)
    DMA2_Channel7_IRQHandler                 0x08000253   Thumb Code     0  startup_n32g4fr.o(.text)
    DMA2_Channel8_IRQHandler                 0x08000253   Thumb Code     0  startup_n32g4fr.o(.text)
    DVP_IRQHandler                           0x08000253   Thumb Code     0  startup_n32g4fr.o(.text)
    FLASH_IRQHandler                         0x08000253   Thumb Code     0  startup_n32g4fr.o(.text)
    I2C1_ER_IRQHandler                       0x08000253   Thumb Code     0  startup_n32g4fr.o(.text)
    I2C1_EV_IRQHandler                       0x08000253   Thumb Code     0  startup_n32g4fr.o(.text)
    I2C2_ER_IRQHandler                       0x08000253   Thumb Code     0  startup_n32g4fr.o(.text)
    I2C2_EV_IRQHandler                       0x08000253   Thumb Code     0  startup_n32g4fr.o(.text)
    I2C3_ER_IRQHandler                       0x08000253   Thumb Code     0  startup_n32g4fr.o(.text)
    I2C3_EV_IRQHandler                       0x08000253   Thumb Code     0  startup_n32g4fr.o(.text)
    I2C4_ER_IRQHandler                       0x08000253   Thumb Code     0  startup_n32g4fr.o(.text)
    I2C4_EV_IRQHandler                       0x08000253   Thumb Code     0  startup_n32g4fr.o(.text)
    MMU_IRQHandler                           0x08000253   Thumb Code     0  startup_n32g4fr.o(.text)
    PVD_IRQHandler                           0x08000253   Thumb Code     0  startup_n32g4fr.o(.text)
    QSPI_IRQHandler                          0x08000253   Thumb Code     0  startup_n32g4fr.o(.text)
    RCC_IRQHandler                           0x08000253   Thumb Code     0  startup_n32g4fr.o(.text)
    RSRAM_IRQHandler                         0x08000253   Thumb Code     0  startup_n32g4fr.o(.text)
    RTCAlarm_IRQHandler                      0x08000253   Thumb Code     0  startup_n32g4fr.o(.text)
    RTC_WKUP_IRQHandler                      0x08000253   Thumb Code     0  startup_n32g4fr.o(.text)
    SAC_IRQHandler                           0x08000253   Thumb Code     0  startup_n32g4fr.o(.text)
    SDIO_IRQHandler                          0x08000253   Thumb Code     0  startup_n32g4fr.o(.text)
    SPI1_IRQHandler                          0x08000253   Thumb Code     0  startup_n32g4fr.o(.text)
    SPI2_IRQHandler                          0x08000253   Thumb Code     0  startup_n32g4fr.o(.text)
    SPI3_IRQHandler                          0x08000253   Thumb Code     0  startup_n32g4fr.o(.text)
    TAMPER_IRQHandler                        0x08000253   Thumb Code     0  startup_n32g4fr.o(.text)
    TIM1_BRK_IRQHandler                      0x08000253   Thumb Code     0  startup_n32g4fr.o(.text)
    TIM1_CC_IRQHandler                       0x08000253   Thumb Code     0  startup_n32g4fr.o(.text)
    TIM1_TRG_COM_IRQHandler                  0x08000253   Thumb Code     0  startup_n32g4fr.o(.text)
    TIM1_UP_IRQHandler                       0x08000253   Thumb Code     0  startup_n32g4fr.o(.text)
    TIM2_IRQHandler                          0x08000253   Thumb Code     0  startup_n32g4fr.o(.text)
    TIM3_IRQHandler                          0x08000253   Thumb Code     0  startup_n32g4fr.o(.text)
    TIM4_IRQHandler                          0x08000253   Thumb Code     0  startup_n32g4fr.o(.text)
    TIM5_IRQHandler                          0x08000253   Thumb Code     0  startup_n32g4fr.o(.text)
    TIM6_IRQHandler                          0x08000253   Thumb Code     0  startup_n32g4fr.o(.text)
    TIM7_IRQHandler                          0x08000253   Thumb Code     0  startup_n32g4fr.o(.text)
    TIM8_BRK_IRQHandler                      0x08000253   Thumb Code     0  startup_n32g4fr.o(.text)
    TIM8_CC_IRQHandler                       0x08000253   Thumb Code     0  startup_n32g4fr.o(.text)
    TIM8_TRG_COM_IRQHandler                  0x08000253   Thumb Code     0  startup_n32g4fr.o(.text)
    TIM8_UP_IRQHandler                       0x08000253   Thumb Code     0  startup_n32g4fr.o(.text)
    TSC_IRQHandler                           0x08000253   Thumb Code     0  startup_n32g4fr.o(.text)
    UART4_IRQHandler                         0x08000253   Thumb Code     0  startup_n32g4fr.o(.text)
    UART5_IRQHandler                         0x08000253   Thumb Code     0  startup_n32g4fr.o(.text)
    UART6_IRQHandler                         0x08000253   Thumb Code     0  startup_n32g4fr.o(.text)
    UART7_IRQHandler                         0x08000253   Thumb Code     0  startup_n32g4fr.o(.text)
    USART2_IRQHandler                        0x08000253   Thumb Code     0  startup_n32g4fr.o(.text)
    USART3_IRQHandler                        0x08000253   Thumb Code     0  startup_n32g4fr.o(.text)
    USBWakeUp_IRQHandler                     0x08000253   Thumb Code     0  startup_n32g4fr.o(.text)
    USB_HP_CAN1_TX_IRQHandler                0x08000253   Thumb Code     0  startup_n32g4fr.o(.text)
    USB_LP_CAN1_RX0_IRQHandler               0x08000253   Thumb Code     0  startup_n32g4fr.o(.text)
    WWDG_IRQHandler                          0x08000253   Thumb Code     0  startup_n32g4fr.o(.text)
    __user_initial_stackheap                 0x08000255   Thumb Code     0  startup_n32g4fr.o(.text)
    NVIC_Configuration                       0x08000279   Thumb Code    14  board.o(.text)
    SysTick_Handler                          0x08000289   Thumb Code    16  board.o(.text)
    rt_hw_board_init                         0x08000299   Thumb Code    72  board.o(.text)
    hello                                    0x08000371   Thumb Code    16  main.o(.text)
    $Super$$main                             0x08000381   Thumb Code   162  main.o(.text)
    NMI_Handler                              0x08000425   Thumb Code     2  n32g4fr_it.o(.text)
    MemManage_Handler                        0x08000429   Thumb Code     4  n32g4fr_it.o(.text)
    BusFault_Handler                         0x0800042d   Thumb Code     4  n32g4fr_it.o(.text)
    UsageFault_Handler                       0x08000431   Thumb Code     4  n32g4fr_it.o(.text)
    SVC_Handler                              0x08000435   Thumb Code     2  n32g4fr_it.o(.text)
    DebugMon_Handler                         0x08000439   Thumb Code     2  n32g4fr_it.o(.text)
    DMA_IRQ_HANDLER                          0x0800043d   Thumb Code     2  n32g4fr_it.o(.text)
    USART1_IRQHandler                        0x08000441   Thumb Code    24  drv_usart.o(.text)
    n32g4fr_uart_gpio_init                   0x080004d9   Thumb Code   212  drv_usart.o(.text)
    rt_hw_usart_init                         0x08000615   Thumb Code   124  drv_usart.o(.text)
    rt_hw_pin_init                           0x08000971   Thumb Code    56  drv_gpio.o(.text)
    N32G4FR_GPIO_EXTI_IRQHandler             0x080009a9   Thumb Code    50  drv_gpio.o(.text)
    EXTI0_IRQHandler                         0x08000a19   Thumb Code    18  drv_gpio.o(.text)
    EXTI1_IRQHandler                         0x08000a2d   Thumb Code    18  drv_gpio.o(.text)
    EXTI2_IRQHandler                         0x08000a41   Thumb Code    18  drv_gpio.o(.text)
    EXTI3_IRQHandler                         0x08000a55   Thumb Code    18  drv_gpio.o(.text)
    EXTI4_IRQHandler                         0x08000a69   Thumb Code    18  drv_gpio.o(.text)
    EXTI9_5_IRQHandler                       0x08000a7d   Thumb Code    42  drv_gpio.o(.text)
    EXTI15_10_IRQHandler                     0x08000aa9   Thumb Code    48  drv_gpio.o(.text)
    GPIOInit                                 0x08000ad9   Thumb Code   194  drv_gpio.o(.text)
    NVIC_PriorityGroupConfig                 0x08001265   Thumb Code    28  misc.o(.text)
    NVIC_Init                                0x08001281   Thumb Code   170  misc.o(.text)
    NVIC_SetVectorTable                      0x0800132d   Thumb Code    36  misc.o(.text)
    NVIC_SystemLPConfig                      0x08001351   Thumb Code    58  misc.o(.text)
    SysTick_CLKSourceConfig                  0x0800138d   Thumb Code    34  misc.o(.text)
    EXTI_DeInit                              0x080013b1   Thumb Code    62  n32g4fr_exti.o(.text)
    EXTI_InitPeripheral                      0x080013f1   Thumb Code   234  n32g4fr_exti.o(.text)
    EXTI_InitStruct                          0x080014dd   Thumb Code    28  n32g4fr_exti.o(.text)
    EXTI_TriggerSWInt                        0x080014f9   Thumb Code    24  n32g4fr_exti.o(.text)
    EXTI_GetStatusFlag                       0x08001511   Thumb Code    44  n32g4fr_exti.o(.text)
    EXTI_ClrStatusFlag                       0x0800153d   Thumb Code    20  n32g4fr_exti.o(.text)
    EXTI_GetITStatus                         0x08001551   Thumb Code    68  n32g4fr_exti.o(.text)
    EXTI_ClrITPendBit                        0x08001595   Thumb Code    20  n32g4fr_exti.o(.text)
    EXTI_RTCTimeStampSel                     0x080015a9   Thumb Code    32  n32g4fr_exti.o(.text)
    GPIO_DeInit                              0x080015c9   Thumb Code   200  n32g4fr_gpio.o(.text)
    GPIO_AFIOInitDefault                     0x08001691   Thumb Code    26  n32g4fr_gpio.o(.text)
    GPIO_InitPeripheral                      0x080016ad   Thumb Code   390  n32g4fr_gpio.o(.text)
    GPIO_InitStruct                          0x08001835   Thumb Code    28  n32g4fr_gpio.o(.text)
    GPIO_ReadInputDataBit                    0x08001851   Thumb Code    52  n32g4fr_gpio.o(.text)
    GPIO_ReadInputData                       0x08001885   Thumb Code    14  n32g4fr_gpio.o(.text)
    GPIO_ReadOutputDataBit                   0x08001895   Thumb Code    52  n32g4fr_gpio.o(.text)
    GPIO_ReadOutputData                      0x080018c9   Thumb Code    14  n32g4fr_gpio.o(.text)
    GPIO_SetBits                             0x080018d9   Thumb Code    20  n32g4fr_gpio.o(.text)
    GPIO_SetBitsHigh16                       0x080018ed   Thumb Code    16  n32g4fr_gpio.o(.text)
    GPIO_ResetBits                           0x080018fd   Thumb Code    20  n32g4fr_gpio.o(.text)
    GPIO_WriteBit                            0x08001911   Thumb Code    40  n32g4fr_gpio.o(.text)
    GPIO_Write                               0x08001939   Thumb Code    20  n32g4fr_gpio.o(.text)
    GPIO_ConfigPinLock                       0x0800194d   Thumb Code    60  n32g4fr_gpio.o(.text)
    GPIO_ConfigEventOutput                   0x08001989   Thumb Code    64  n32g4fr_gpio.o(.text)
    GPIO_CtrlEventOutput                     0x080019c9   Thumb Code    18  n32g4fr_gpio.o(.text)
    GPIO_ConfigPinRemap                      0x080019dd   Thumb Code   974  n32g4fr_gpio.o(.text)
    GPIO_ConfigEXTILine                      0x08001dad   Thumb Code    84  n32g4fr_gpio.o(.text)
    GPIO_ETH_ConfigMediaInterface            0x08001e01   Thumb Code    30  n32g4fr_gpio.o(.text)
    RCC_DeInit                               0x08001e21   Thumb Code   118  n32g4fr_rcc.o(.text)
    RCC_ConfigHse                            0x08001e99   Thumb Code    92  n32g4fr_rcc.o(.text)
    RCC_WaitHseStable                        0x08001ef5   Thumb Code    94  n32g4fr_rcc.o(.text)
    RCC_GetFlagStatus                        0x08001f55   Thumb Code   122  n32g4fr_rcc.o(.text)
    RCC_SetHsiCalibValue                     0x08001fd1   Thumb Code    50  n32g4fr_rcc.o(.text)
    RCC_EnableHsi                            0x08002005   Thumb Code    18  n32g4fr_rcc.o(.text)
    RCC_ConfigPll                            0x08002019   Thumb Code    56  n32g4fr_rcc.o(.text)
    RCC_EnablePll                            0x08002051   Thumb Code    18  n32g4fr_rcc.o(.text)
    RCC_ConfigSysclk                         0x08002065   Thumb Code    44  n32g4fr_rcc.o(.text)
    RCC_GetSysclkSrc                         0x08002091   Thumb Code    16  n32g4fr_rcc.o(.text)
    RCC_ConfigHclk                           0x080020a1   Thumb Code    44  n32g4fr_rcc.o(.text)
    RCC_ConfigPclk1                          0x080020cd   Thumb Code    44  n32g4fr_rcc.o(.text)
    RCC_ConfigPclk2                          0x080020f9   Thumb Code    46  n32g4fr_rcc.o(.text)
    RCC_ConfigInt                            0x08002129   Thumb Code    58  n32g4fr_rcc.o(.text)
    RCC_ConfigUsbClk                         0x08002165   Thumb Code    30  n32g4fr_rcc.o(.text)
    RCC_ConfigTim18Clk                       0x08002185   Thumb Code    44  n32g4fr_rcc.o(.text)
    RCC_ConfigRngcClk                        0x080021b1   Thumb Code    44  n32g4fr_rcc.o(.text)
    RCC_ConfigAdc1mClk                       0x080021dd   Thumb Code    62  n32g4fr_rcc.o(.text)
    RCC_ConfigAdcPllClk                      0x0800221d   Thumb Code    80  n32g4fr_rcc.o(.text)
    RCC_ConfigAdcHclk                        0x0800226d   Thumb Code    44  n32g4fr_rcc.o(.text)
    RCC_ConfigTrng1mClk                      0x08002299   Thumb Code    62  n32g4fr_rcc.o(.text)
    RCC_EnableTrng1mClk                      0x080022d9   Thumb Code    50  n32g4fr_rcc.o(.text)
    RCC_ConfigLse                            0x0800230d   Thumb Code    76  n32g4fr_rcc.o(.text)
    RCC_EnableLsi                            0x08002359   Thumb Code    20  n32g4fr_rcc.o(.text)
    RCC_ConfigRtcClk                         0x0800236d   Thumb Code    32  n32g4fr_rcc.o(.text)
    RCC_EnableRtcClk                         0x0800238d   Thumb Code    20  n32g4fr_rcc.o(.text)
    RCC_GetClocksFreqValue                   0x080023a1   Thumb Code   452  n32g4fr_rcc.o(.text)
    RCC_EnableAHBPeriphClk                   0x08002565   Thumb Code    52  n32g4fr_rcc.o(.text)
    RCC_EnableAPB2PeriphClk                  0x08002599   Thumb Code    52  n32g4fr_rcc.o(.text)
    RCC_EnableAPB1PeriphClk                  0x080025cd   Thumb Code    52  n32g4fr_rcc.o(.text)
    RCC_EnableAHBPeriphReset                 0x08002601   Thumb Code    52  n32g4fr_rcc.o(.text)
    RCC_EnableAPB2PeriphReset                0x08002635   Thumb Code    52  n32g4fr_rcc.o(.text)
    RCC_EnableAPB1PeriphReset                0x08002669   Thumb Code    52  n32g4fr_rcc.o(.text)
    RCC_EnableBORReset                       0x0800269d   Thumb Code    50  n32g4fr_rcc.o(.text)
    RCC_EnableBackupReset                    0x080026d1   Thumb Code    20  n32g4fr_rcc.o(.text)
    RCC_EnableClockSecuritySystem            0x080026e5   Thumb Code    18  n32g4fr_rcc.o(.text)
    RCC_ConfigMcoPllClk                      0x080026f9   Thumb Code    44  n32g4fr_rcc.o(.text)
    RCC_ConfigMco                            0x08002725   Thumb Code    50  n32g4fr_rcc.o(.text)
    RCC_ClrFlag                              0x08002759   Thumb Code    26  n32g4fr_rcc.o(.text)
    RCC_GetIntStatus                         0x08002775   Thumb Code    48  n32g4fr_rcc.o(.text)
    RCC_ClrIntPendingBit                     0x080027a5   Thumb Code    24  n32g4fr_rcc.o(.text)
    USART_DeInit                             0x080027bd   Thumb Code   288  n32g4fr_usart.o(.text)
    USART_Init                               0x080028dd   Thumb Code   334  n32g4fr_usart.o(.text)
    USART_StructInit                         0x08002a2d   Thumb Code    40  n32g4fr_usart.o(.text)
    USART_ClockInit                          0x08002a55   Thumb Code    58  n32g4fr_usart.o(.text)
    USART_ClockStructInit                    0x08002a91   Thumb Code    26  n32g4fr_usart.o(.text)
    USART_Enable                             0x08002aad   Thumb Code    40  n32g4fr_usart.o(.text)
    USART_ConfigInt                          0x08002ad5   Thumb Code   142  n32g4fr_usart.o(.text)
    USART_EnableDMA                          0x08002b65   Thumb Code    48  n32g4fr_usart.o(.text)
    USART_SetAddr                            0x08002b95   Thumb Code    34  n32g4fr_usart.o(.text)
    USART_ConfigWakeUpMode                   0x08002bb9   Thumb Code    34  n32g4fr_usart.o(.text)
    USART_EnableRcvWakeUp                    0x08002bdd   Thumb Code    40  n32g4fr_usart.o(.text)
    USART_ConfigLINBreakDetectLength         0x08002c05   Thumb Code    34  n32g4fr_usart.o(.text)
    USART_EnableLIN                          0x08002c29   Thumb Code    40  n32g4fr_usart.o(.text)
    USART_SendData                           0x08002c51   Thumb Code    24  n32g4fr_usart.o(.text)
    USART_ReceiveData                        0x08002c69   Thumb Code    16  n32g4fr_usart.o(.text)
    USART_SendBreak                          0x08002c79   Thumb Code    18  n32g4fr_usart.o(.text)
    USART_SetGuardTime                       0x08002c8d   Thumb Code    34  n32g4fr_usart.o(.text)
    USART_SetPrescaler                       0x08002cb1   Thumb Code    34  n32g4fr_usart.o(.text)
    USART_EnableSmartCard                    0x08002cd5   Thumb Code    40  n32g4fr_usart.o(.text)
    USART_SetSmartCardNACK                   0x08002cfd   Thumb Code    40  n32g4fr_usart.o(.text)
    USART_EnableHalfDuplex                   0x08002d25   Thumb Code    40  n32g4fr_usart.o(.text)
    USART_ConfigIrDAMode                     0x08002d4d   Thumb Code    34  n32g4fr_usart.o(.text)
    USART_EnableIrDA                         0x08002d71   Thumb Code    40  n32g4fr_usart.o(.text)
    USART_GetFlagStatus                      0x08002d99   Thumb Code    60  n32g4fr_usart.o(.text)
    USART_ClrFlag                            0x08002dd5   Thumb Code    36  n32g4fr_usart.o(.text)
    USART_GetIntStatus                       0x08002df9   Thumb Code   168  n32g4fr_usart.o(.text)
    USART_ClrIntPendingBit                   0x08002ea1   Thumb Code    68  n32g4fr_usart.o(.text)
    rt_system_tick_init                      0x08002ee5   Thumb Code     2  clock.o(.text)
    rt_tick_get                              0x08002ee9   Thumb Code    12  clock.o(.text)
    rt_tick_set                              0x08002ef5   Thumb Code    34  clock.o(.text)
    rt_tick_increase                         0x08002f19   Thumb Code    60  clock.o(.text)
    rt_tick_from_millisecond                 0x08002f55   Thumb Code   100  clock.o(.text)
    rt_components_board_init                 0x08002fc9   Thumb Code    84  components.o(.text)
    rt_components_init                       0x0800301d   Thumb Code    96  components.o(.text)
    main                                     0x0800307d   Thumb Code    10  components.o(.text)
    rtthread_startup                         0x08003089   Thumb Code    42  components.o(.text)
    main_thread_entry                        0x080030b5   Thumb Code    18  components.o(.text)
    rt_application_init                      0x080030c9   Thumb Code    82  components.o(.text)
    rt_device_register                       0x0800311d   Thumb Code    82  device.o(.text)
    rt_device_find                           0x08003171   Thumb Code   154  device.o(.text)
    rt_device_unregister                     0x0800320d   Thumb Code   118  device.o(.text)
    rt_device_init_all                       0x08003285   Thumb Code     4  device.o(.text)
    rt_device_create                         0x08003289   Thumb Code    68  device.o(.text)
    rt_device_destroy                        0x080032cd   Thumb Code   122  device.o(.text)
    rt_device_init                           0x08003349   Thumb Code   114  device.o(.text)
    rt_device_open                           0x080033bd   Thumb Code   300  device.o(.text)
    rt_device_close                          0x080034e9   Thumb Code   170  device.o(.text)
    rt_device_read                           0x08003595   Thumb Code   150  device.o(.text)
    rt_device_write                          0x0800362d   Thumb Code   150  device.o(.text)
    rt_device_control                        0x080036c5   Thumb Code   116  device.o(.text)
    rt_device_set_rx_indicate                0x08003739   Thumb Code    90  device.o(.text)
    rt_device_set_tx_complete                0x08003795   Thumb Code    90  device.o(.text)
    rt_thread_idle_excute                    0x080037f1   Thumb Code   206  idle.o(.text)
    rt_thread_idle_init                      0x080038fd   Thumb Code    72  idle.o(.text)
    rt_thread_idle_gethandler                0x08003955   Thumb Code    10  idle.o(.text)
    rt_sem_init                              0x08003961   Thumb Code   114  ipc.o(.text)
    rt_sem_detach                            0x080039e9   Thumb Code   126  ipc.o(.text)
    rt_sem_create                            0x08003aa5   Thumb Code   168  ipc.o(.text)
    rt_sem_delete                            0x08003b4d   Thumb Code   198  ipc.o(.text)
    rt_sem_take                              0x08003c15   Thumb Code   372  ipc.o(.text)
    rt_sem_trytake                           0x08003e1d   Thumb Code    18  ipc.o(.text)
    rt_sem_release                           0x08003e31   Thumb Code   152  ipc.o(.text)
    rt_sem_control                           0x08003efd   Thumb Code   142  ipc.o(.text)
    rt_mutex_init                            0x08003f8d   Thumb Code    94  ipc.o(.text)
    rt_mutex_detach                          0x08003fed   Thumb Code   132  ipc.o(.text)
    rt_mutex_create                          0x08004071   Thumb Code   146  ipc.o(.text)
    rt_mutex_delete                          0x08004105   Thumb Code   198  ipc.o(.text)
    rt_mutex_take                            0x080041cd   Thumb Code   488  ipc.o(.text)
    rt_mutex_release                         0x080043b5   Thumb Code   428  ipc.o(.text)
    rt_mutex_control                         0x08004561   Thumb Code    88  ipc.o(.text)
    rt_interrupt_enter                       0x080045f1   Thumb Code    38  irq.o(.text)
    rt_interrupt_leave                       0x08004619   Thumb Code    38  irq.o(.text)
    rt_interrupt_get_nest                    0x08004641   Thumb Code    38  irq.o(.text)
    rt_get_errno                             0x08004669   Thumb Code    66  kservice.o(.text)
    rt_set_errno                             0x080046ad   Thumb Code    66  kservice.o(.text)
    _rt_errno                                0x080046f1   Thumb Code    62  kservice.o(.text)
    rt_memset                                0x08004731   Thumb Code    42  kservice.o(.text)
    rt_memcpy                                0x0800475d   Thumb Code   114  kservice.o(.text)
    rt_memmove                               0x080047d1   Thumb Code   130  kservice.o(.text)
    rt_memcmp                                0x08004855   Thumb Code    74  kservice.o(.text)
    rt_strstr                                0x080048a1   Thumb Code    94  kservice.o(.text)
    rt_strlen                                0x08004901   Thumb Code    38  kservice.o(.text)
    rt_strcasecmp                            0x08004929   Thumb Code   124  kservice.o(.text)
    rt_strncpy                               0x080049a5   Thumb Code    92  kservice.o(.text)
    rt_strncmp                               0x08004a01   Thumb Code    76  kservice.o(.text)
    rt_strcmp                                0x08004a4d   Thumb Code    76  kservice.o(.text)
    rt_strnlen                               0x08004a99   Thumb Code    72  kservice.o(.text)
    rt_strdup                                0x08004ae1   Thumb Code    58  kservice.o(.text)
    strdup                                   0x08004ae1   Thumb Code    58  kservice.o(.text)
    rt_show_version                          0x08004b1d   Thumb Code    74  kservice.o(.text)
    rt_kprintf                               0x08004b69   Thumb Code   148  kservice.o(.text)
    rt_vsnprintf                             0x08004bfd   Thumb Code  1434  kservice.o(.text)
    rt_snprintf                              0x08005435   Thumb Code    44  kservice.o(.text)
    rt_vsprintf                              0x08005461   Thumb Code    28  kservice.o(.text)
    rt_sprintf                               0x0800547d   Thumb Code    42  kservice.o(.text)
    rt_console_get_device                    0x080054a9   Thumb Code    12  kservice.o(.text)
    rt_console_set_device                    0x080054b5   Thumb Code    90  kservice.o(.text)
    rt_hw_console_output                     0x08005511   Thumb Code     8  kservice.o(.text)
    rt_kputs                                 0x08005519   Thumb Code   104  kservice.o(.text)
    rt_malloc_align                          0x08005581   Thumb Code   114  kservice.o(.text)
    rt_free_align                            0x080055f5   Thumb Code    24  kservice.o(.text)
    __rt_ffs                                 0x0800560d   Thumb Code   126  kservice.o(.text)
    rt_assert_set_hook                       0x0800568d   Thumb Code    20  kservice.o(.text)
    rt_assert_handler                        0x080056a1   Thumb Code    86  kservice.o(.text)
    rt_system_heap_init                      0x0800574d   Thumb Code   330  mem.o(.text)
    rt_malloc                                0x08005899   Thumb Code   922  mem.o(.text)
    rt_realloc                               0x08005c35   Thumb Code   526  mem.o(.text)
    rt_free                                  0x08005e45   Thumb Code   472  mem.o(.text)
    rt_calloc                                0x08006175   Thumb Code    48  mem.o(.text)
    rt_memory_info                           0x080061a5   Thumb Code    78  mem.o(.text)
    rt_system_object_init                    0x080061f5   Thumb Code     2  object.o(.text)
    rt_object_get_information                0x080061f9   Thumb Code    80  object.o(.text)
    rt_object_init                           0x08006249   Thumb Code   188  object.o(.text)
    rt_object_detach                         0x0800632d   Thumb Code    68  object.o(.text)
    rt_object_allocate                       0x08006391   Thumb Code   208  object.o(.text)
    rt_object_delete                         0x08006461   Thumb Code   112  object.o(.text)
    rt_object_is_systemobject                0x080064d1   Thumb Code    68  object.o(.text)
    rt_object_get_type                       0x08006515   Thumb Code    50  object.o(.text)
    rt_object_find                           0x08006549   Thumb Code   236  object.o(.text)
    rt_system_scheduler_init                 0x08006635   Thumb Code   112  scheduler.o(.text)
    rt_system_scheduler_start                0x080066b5   Thumb Code    64  scheduler.o(.text)
    rt_schedule                              0x080066f5   Thumb Code   188  scheduler.o(.text)
    rt_schedule_insert_thread                0x08006841   Thumb Code   116  scheduler.o(.text)
    rt_schedule_remove_thread                0x080068dd   Thumb Code   112  scheduler.o(.text)
    rt_enter_critical                        0x08006981   Thumb Code    34  scheduler.o(.text)
    rt_exit_critical                         0x080069a5   Thumb Code    86  scheduler.o(.text)
    rt_critical_level                        0x080069fd   Thumb Code    12  scheduler.o(.text)
    rt_thread_exit                           0x08006a09   Thumb Code   106  thread.o(.text)
    rt_thread_init                           0x08006a9d   Thumb Code   148  thread.o(.text)
    rt_thread_self                           0x08006c19   Thumb Code    12  thread.o(.text)
    rt_thread_startup                        0x08006c25   Thumb Code   174  thread.o(.text)
    rt_thread_resume                         0x08006cd5   Thumb Code   154  thread.o(.text)
    rt_thread_detach                         0x08006d71   Thumb Code   214  thread.o(.text)
    rt_thread_create                         0x08006e49   Thumb Code   126  thread.o(.text)
    rt_thread_delete                         0x08006ec9   Thumb Code   184  thread.o(.text)
    rt_thread_yield                          0x08006f81   Thumb Code   116  thread.o(.text)
    rt_thread_sleep                          0x0800703d   Thumb Code   154  thread.o(.text)
    rt_thread_suspend                        0x080070d9   Thumb Code   162  thread.o(.text)
    rt_thread_delay                          0x0800717d   Thumb Code    16  thread.o(.text)
    rt_thread_delay_until                    0x0800718d   Thumb Code   234  thread.o(.text)
    rt_thread_mdelay                         0x08007279   Thumb Code    24  thread.o(.text)
    rt_thread_control                        0x08007291   Thumb Code   228  thread.o(.text)
    rt_thread_timeout                        0x08007375   Thumb Code   152  thread.o(.text)
    rt_thread_find                           0x0800740d   Thumb Code   156  thread.o(.text)
    rt_timer_init                            0x080074b9   Thumb Code    92  timer.o(.text)
    rt_timer_detach                          0x0800757d   Thumb Code   136  timer.o(.text)
    rt_timer_create                          0x08007635   Thumb Code    78  timer.o(.text)
    rt_timer_delete                          0x08007685   Thumb Code   142  timer.o(.text)
    rt_timer_start                           0x08007715   Thumb Code   452  timer.o(.text)
    rt_timer_stop                            0x08007901   Thumb Code   134  timer.o(.text)
    rt_timer_control                         0x08007989   Thumb Code   148  timer.o(.text)
    rt_timer_check                           0x08007a1d   Thumb Code   170  timer.o(.text)
    rt_timer_next_timeout_tick               0x08007add   Thumb Code    16  timer.o(.text)
    rt_system_timer_init                     0x08007b1d   Thumb Code    48  timer.o(.text)
    rt_system_timer_thread_init              0x08007b5d   Thumb Code     2  timer.o(.text)
    SystemInit                               0x08007b81   Thumb Code   210  system_n32g4fr.o(.text)
    SystemCoreClockUpdate                    0x08007d9d   Thumb Code   322  system_n32g4fr.o(.text)
    rt_device_pin_register                   0x08007ee1   Thumb Code    88  pin.o(.text)
    rt_pin_attach_irq                        0x0800805d   Thumb Code   114  pin.o(.text)
    rt_pin_detach_irq                        0x080080d1   Thumb Code    92  pin.o(.text)
    rt_pin_irq_enable                        0x0800812d   Thumb Code    96  pin.o(.text)
    rt_pin_mode                              0x0800818d   Thumb Code    68  pin.o(.text)
    rt_pin_write                             0x080081d1   Thumb Code    68  pin.o(.text)
    rt_pin_read                              0x08008215   Thumb Code    64  pin.o(.text)
    rt_hw_serial_register                    0x08008255   Thumb Code   160  serial.o(.text)
    rt_hw_serial_isr                         0x08008849   Thumb Code   352  serial.o(.text)
    rt_completion_init                       0x08008c5d   Thumb Code    66  completion.o(.text)
    rt_completion_wait                       0x08008cb1   Thumb Code   278  completion.o(.text)
    rt_completion_done                       0x08008e05   Thumb Code   110  completion.o(.text)
    rt_hw_stack_init                         0x08008e75   Thumb Code   128  cpuport.o(.text)
    rt_hw_exception_install                  0x08008ef5   Thumb Code    20  cpuport.o(.text)
    rt_hw_hard_fault_exception               0x08008f09   Thumb Code   392  cpuport.o(.text)
    rt_hw_cpu_shutdown                       0x08009091   Thumb Code    40  cpuport.o(.text)
    rt_hw_cpu_reset                          0x080090b9   Thumb Code    18  cpuport.o(.text)
    rt_hw_interrupt_disable                  0x080090cd   Thumb Code     8  context_rvds.o(.text)
    rt_hw_interrupt_enable                   0x080090d5   Thumb Code     6  context_rvds.o(.text)
    rt_hw_context_switch                     0x080090db   Thumb Code    32  context_rvds.o(.text)
    rt_hw_context_switch_interrupt           0x080090db   Thumb Code     0  context_rvds.o(.text)
    PendSV_Handler                           0x080090fb   Thumb Code   108  context_rvds.o(.text)
    rt_hw_context_switch_to                  0x08009167   Thumb Code    70  context_rvds.o(.text)
    rt_hw_interrupt_thread_switch            0x080091ad   Thumb Code     2  context_rvds.o(.text)
    HardFault_Handler                        0x080091af   Thumb Code    56  context_rvds.o(.text)
    __use_two_region_memory                  0x08009201   Thumb Code     2  heapauxi.o(.text)
    __rt_heap_escrow$2region                 0x08009203   Thumb Code     2  heapauxi.o(.text)
    __rt_heap_expand$2region                 0x08009205   Thumb Code     2  heapauxi.o(.text)
    __user_setup_stackheap                   0x08009207   Thumb Code    74  sys_stackheap_outer.o(.text)
    exit                                     0x08009251   Thumb Code    18  exit.o(.text)
    __user_libspace                          0x08009265   Thumb Code     8  libspace.o(.text)
    __user_perproc_libspace                  0x08009265   Thumb Code     0  libspace.o(.text)
    __user_perthread_libspace                0x08009265   Thumb Code     0  libspace.o(.text)
    _sys_exit                                0x0800926d   Thumb Code     8  sys_exit.o(.text)
    __I$use$semihosting                      0x08009279   Thumb Code     0  use_no_semi.o(.text)
    __use_no_semihosting_swi                 0x08009279   Thumb Code     2  use_no_semi.o(.text)
    __semihosting_library_function           0x0800927b   Thumb Code     0  indicate_semi.o(.text)
    _fp_init                                 0x0800927b   Thumb Code    26  fpinit.o(x$fpl$fpinit)
    __fplib_config_fpu_vfp                   0x08009293   Thumb Code     0  fpinit.o(x$fpl$fpinit)
    __fplib_config_pureend_doubles           0x08009293   Thumb Code     0  fpinit.o(x$fpl$fpinit)
    AHBPrescTable                            0x08009294   Data          16  system_n32g4fr.o(.rodata.AHBPrescTable)
    __lowest_bit_bitmap                      0x080092bc   Data         256  kservice.o(.rodata.__lowest_bit_bitmap)
    __rti_rt_hw_pin_init_name                0x080093bc   Data          15  drv_gpio.o(.rodata.__rti_rt_hw_pin_init_name)
    __rti_rt_hw_usart_init_name              0x080093cb   Data          17  drv_usart.o(.rodata.__rti_rt_hw_usart_init_name)
    __rti_rti_board_end_name                 0x080093dc   Data          14  components.o(.rodata.__rti_rti_board_end_name)
    __rti_rti_board_start_name               0x080093ea   Data          16  components.o(.rodata.__rti_rti_board_start_name)
    __rti_rti_end_name                       0x080093fa   Data           8  components.o(.rodata.__rti_rti_end_name)
    __rti_rti_start_name                     0x08009402   Data          10  components.o(.rodata.__rti_rti_start_name)
    __rt_init_desc_rti_start                 0x0800aa78   Data           8  components.o(.rti_fn.0)
    __rt_init_desc_rti_board_start           0x0800aa80   Data           8  components.o(.rti_fn.0.end)
    __rt_init_desc_rt_hw_usart_init          0x0800aa88   Data           8  drv_usart.o(.rti_fn.1)
    __rt_init_desc_rt_hw_pin_init            0x0800aa90   Data           8  drv_gpio.o(.rti_fn.1)
    __rt_init_desc_rti_board_end             0x0800aa98   Data           8  components.o(.rti_fn.1.end)
    __rt_init_desc_rti_end                   0x0800aaa0   Data           8  components.o(.rti_fn.6.end)
    Region$$Table$$Base                      0x0800aaa8   Number         0  anon$$obj.o(Region$$Table)
    Region$$Table$$Limit                     0x0800aac8   Number         0  anon$$obj.o(Region$$Table)
    SystemCoreClock                          0x20000000   Data           4  system_n32g4fr.o(.data.SystemCoreClock)
    __libspace_start                         0x20000118   Data          96  libspace.o(.bss)
    __temporary_stack_top$libspace           0x20000178   Data           0  libspace.o(.bss)
    rt_assert_hook                           0x2000027c   Data           4  kservice.o(.bss.rt_assert_hook)
    rt_current_priority                      0x20000280   Data           1  scheduler.o(.bss.rt_current_priority)
    rt_current_thread                        0x20000284   Data           4  scheduler.o(.bss.rt_current_thread)
    rt_interrupt_from_thread                 0x2000028c   Data           4  cpuport.o(.bss.rt_interrupt_from_thread)
    rt_interrupt_nest                        0x20000290   Data           1  irq.o(.bss.rt_interrupt_nest)
    rt_interrupt_to_thread                   0x20000294   Data           4  cpuport.o(.bss.rt_interrupt_to_thread)
    rt_thread_defunct                        0x2000031c   Data           8  scheduler.o(.bss.rt_thread_defunct)
    rt_thread_priority_table                 0x20000324   Data         256  scheduler.o(.bss.rt_thread_priority_table)
    rt_thread_ready_priority_group           0x20000424   Data           4  scheduler.o(.bss.rt_thread_ready_priority_group)
    rt_thread_switch_interrupt_flag          0x20000528   Data           4  cpuport.o(.bss.rt_thread_switch_interrupt_flag)
    serial1                                  0x2000053c   Data          92  drv_usart.o(.bss.serial1)



==============================================================================

Memory Map of the image

  Image Entry point : 0x08000239

  Load Region LR_1 (Base: 0x08000000, Size: 0x0000abdc, Max: 0xffffffff, ABSOLUTE)

    Execution Region ER_RO (Exec base: 0x08000000, Load base: 0x08000000, Size: 0x0000aac8, Max: 0xffffffff, ABSOLUTE)

    Exec Addr    Load Addr    Size         Type   Attr      Idx    E Section Name        Object

    0x08000000   0x08000000   0x00000198   Data   RO            3    RESET               startup_n32g4fr.o
    0x08000198   0x08000198   0x00000008   Code   RO          423  * !!!main             c_wu.l(__main.o)
    0x080001a0   0x080001a0   0x00000034   Code   RO          588    !!!scatter          c_wu.l(__scatter.o)
    0x080001d4   0x080001d4   0x0000001a   Code   RO          590    !!handler_copy      c_wu.l(__scatter_copy.o)
    0x080001ee   0x080001ee   0x00000002   PAD
    0x080001f0   0x080001f0   0x0000001c   Code   RO          592    !!handler_zi        c_wu.l(__scatter_zi.o)
    0x0800020c   0x0800020c   0x00000002   Code   RO          450    .ARM.Collect$$libinit$$00000000  c_wu.l(libinit.o)
    0x0800020e   0x0800020e   0x00000004   Code   RO          456    .ARM.Collect$$libinit$$00000001  c_wu.l(libinit2.o)
    0x08000212   0x08000212   0x00000000   Code   RO          459    .ARM.Collect$$libinit$$00000004  c_wu.l(libinit2.o)
    0x08000212   0x08000212   0x00000000   Code   RO          461    .ARM.Collect$$libinit$$00000006  c_wu.l(libinit2.o)
    0x08000212   0x08000212   0x00000000   Code   RO          464    .ARM.Collect$$libinit$$0000000C  c_wu.l(libinit2.o)
    0x08000212   0x08000212   0x00000000   Code   RO          466    .ARM.Collect$$libinit$$0000000E  c_wu.l(libinit2.o)
    0x08000212   0x08000212   0x00000000   Code   RO          468    .ARM.Collect$$libinit$$00000010  c_wu.l(libinit2.o)
    0x08000212   0x08000212   0x00000000   Code   RO          471    .ARM.Collect$$libinit$$00000013  c_wu.l(libinit2.o)
    0x08000212   0x08000212   0x00000000   Code   RO          473    .ARM.Collect$$libinit$$00000015  c_wu.l(libinit2.o)
    0x08000212   0x08000212   0x00000000   Code   RO          475    .ARM.Collect$$libinit$$00000017  c_wu.l(libinit2.o)
    0x08000212   0x08000212   0x00000000   Code   RO          477    .ARM.Collect$$libinit$$00000019  c_wu.l(libinit2.o)
    0x08000212   0x08000212   0x00000000   Code   RO          479    .ARM.Collect$$libinit$$0000001B  c_wu.l(libinit2.o)
    0x08000212   0x08000212   0x00000000   Code   RO          481    .ARM.Collect$$libinit$$0000001D  c_wu.l(libinit2.o)
    0x08000212   0x08000212   0x00000000   Code   RO          483    .ARM.Collect$$libinit$$0000001F  c_wu.l(libinit2.o)
    0x08000212   0x08000212   0x00000000   Code   RO          485    .ARM.Collect$$libinit$$00000021  c_wu.l(libinit2.o)
    0x08000212   0x08000212   0x00000000   Code   RO          487    .ARM.Collect$$libinit$$00000023  c_wu.l(libinit2.o)
    0x08000212   0x08000212   0x00000000   Code   RO          489    .ARM.Collect$$libinit$$00000025  c_wu.l(libinit2.o)
    0x08000212   0x08000212   0x00000000   Code   RO          491    .ARM.Collect$$libinit$$00000027  c_wu.l(libinit2.o)
    0x08000212   0x08000212   0x00000000   Code   RO          495    .ARM.Collect$$libinit$$0000002E  c_wu.l(libinit2.o)
    0x08000212   0x08000212   0x00000000   Code   RO          497    .ARM.Collect$$libinit$$00000030  c_wu.l(libinit2.o)
    0x08000212   0x08000212   0x00000000   Code   RO          499    .ARM.Collect$$libinit$$00000032  c_wu.l(libinit2.o)
    0x08000212   0x08000212   0x00000000   Code   RO          501    .ARM.Collect$$libinit$$00000034  c_wu.l(libinit2.o)
    0x08000212   0x08000212   0x00000002   Code   RO          502    .ARM.Collect$$libinit$$00000035  c_wu.l(libinit2.o)
    0x08000214   0x08000214   0x00000002   Code   RO          524    .ARM.Collect$$libshutdown$$00000000  c_wu.l(libshutdown.o)
    0x08000216   0x08000216   0x00000000   Code   RO          539    .ARM.Collect$$libshutdown$$00000002  c_wu.l(libshutdown2.o)
    0x08000216   0x08000216   0x00000000   Code   RO          541    .ARM.Collect$$libshutdown$$00000004  c_wu.l(libshutdown2.o)
    0x08000216   0x08000216   0x00000000   Code   RO          544    .ARM.Collect$$libshutdown$$00000007  c_wu.l(libshutdown2.o)
    0x08000216   0x08000216   0x00000000   Code   RO          547    .ARM.Collect$$libshutdown$$0000000A  c_wu.l(libshutdown2.o)
    0x08000216   0x08000216   0x00000000   Code   RO          549    .ARM.Collect$$libshutdown$$0000000C  c_wu.l(libshutdown2.o)
    0x08000216   0x08000216   0x00000000   Code   RO          552    .ARM.Collect$$libshutdown$$0000000F  c_wu.l(libshutdown2.o)
    0x08000216   0x08000216   0x00000002   Code   RO          553    .ARM.Collect$$libshutdown$$00000010  c_wu.l(libshutdown2.o)
    0x08000218   0x08000218   0x00000000   Code   RO          425    .ARM.Collect$$rtentry$$00000000  c_wu.l(__rtentry.o)
    0x08000218   0x08000218   0x00000000   Code   RO          427    .ARM.Collect$$rtentry$$00000002  c_wu.l(__rtentry2.o)
    0x08000218   0x08000218   0x00000006   Code   RO          439    .ARM.Collect$$rtentry$$00000004  c_wu.l(__rtentry4.o)
    0x0800021e   0x0800021e   0x00000000   Code   RO          429    .ARM.Collect$$rtentry$$00000009  c_wu.l(__rtentry2.o)
    0x0800021e   0x0800021e   0x00000004   Code   RO          430    .ARM.Collect$$rtentry$$0000000A  c_wu.l(__rtentry2.o)
    0x08000222   0x08000222   0x00000000   Code   RO          432    .ARM.Collect$$rtentry$$0000000C  c_wu.l(__rtentry2.o)
    0x08000222   0x08000222   0x00000008   Code   RO          433    .ARM.Collect$$rtentry$$0000000D  c_wu.l(__rtentry2.o)
    0x0800022a   0x0800022a   0x00000002   Code   RO          454    .ARM.Collect$$rtexit$$00000000  c_wu.l(rtexit.o)
    0x0800022c   0x0800022c   0x00000000   Code   RO          504    .ARM.Collect$$rtexit$$00000002  c_wu.l(rtexit2.o)
    0x0800022c   0x0800022c   0x00000004   Code   RO          505    .ARM.Collect$$rtexit$$00000003  c_wu.l(rtexit2.o)
    0x08000230   0x08000230   0x00000006   Code   RO          506    .ARM.Collect$$rtexit$$00000004  c_wu.l(rtexit2.o)
    0x08000236   0x08000236   0x00000002   PAD
    0x08000238   0x08000238   0x00000040   Code   RO            4  * .text               startup_n32g4fr.o
    0x08000278   0x08000278   0x000000f6   Code   RO           10    .text               board.o
    0x0800036e   0x0800036e   0x00000002   PAD
    0x08000370   0x08000370   0x000000b2   Code   RO           18    .text               main.o
    0x08000422   0x08000422   0x00000002   PAD
    0x08000424   0x08000424   0x0000001a   Code   RO           27    .text               n32g4fr_it.o
    0x0800043e   0x0800043e   0x00000002   PAD
    0x08000440   0x08000440   0x0000052e   Code   RO           34    .text               drv_usart.o
    0x0800096e   0x0800096e   0x00000002   PAD
    0x08000970   0x08000970   0x000008f2   Code   RO           48    .text               drv_gpio.o
    0x08001262   0x08001262   0x00000002   PAD
    0x08001264   0x08001264   0x0000014a   Code   RO           63    .text               misc.o
    0x080013ae   0x080013ae   0x00000002   PAD
    0x080013b0   0x080013b0   0x00000218   Code   RO          126    .text               n32g4fr_exti.o
    0x080015c8   0x080015c8   0x00000856   Code   RO          140    .text               n32g4fr_gpio.o
    0x08001e1e   0x08001e1e   0x00000002   PAD
    0x08001e20   0x08001e20   0x0000099c   Code   RO          175    .text               n32g4fr_rcc.o
    0x080027bc   0x080027bc   0x00000728   Code   RO          220    .text               n32g4fr_usart.o
    0x08002ee4   0x08002ee4   0x000000d4   Code   RO          234    .text               clock.o
    0x08002fb8   0x08002fb8   0x00000162   Code   RO          242    .text               components.o
    0x0800311a   0x0800311a   0x00000002   PAD
    0x0800311c   0x0800311c   0x000006d2   Code   RO          259    .text               device.o
    0x080037ee   0x080037ee   0x00000002   PAD
    0x080037f0   0x080037f0   0x0000016e   Code   RO          267    .text               idle.o
    0x0800395e   0x0800395e   0x00000002   PAD
    0x08003960   0x08003960   0x00000c8e   Code   RO          277    .text               ipc.o
    0x080045ee   0x080045ee   0x00000002   PAD
    0x080045f0   0x080045f0   0x00000076   Code   RO          285    .text               irq.o
    0x08004666   0x08004666   0x00000002   PAD
    0x08004668   0x08004668   0x000010e2   Code   RO          293    .text               kservice.o
    0x0800574a   0x0800574a   0x00000002   PAD
    0x0800574c   0x0800574c   0x00000aa6   Code   RO          308    .text               mem.o
    0x080061f2   0x080061f2   0x00000002   PAD
    0x080061f4   0x080061f4   0x00000440   Code   RO          325    .text               object.o
    0x08006634   0x08006634   0x000003d4   Code   RO          334    .text               scheduler.o
    0x08006a08   0x08006a08   0x00000ab0   Code   RO          350    .text               thread.o
    0x080074b8   0x080074b8   0x000006c8   Code   RO          358    .text               timer.o
    0x08007b80   0x08007b80   0x0000035e   Code   RO          368    .text               system_n32g4fr.o
    0x08007ede   0x08007ede   0x00000002   PAD
    0x08007ee0   0x08007ee0   0x00000374   Code   RO          377    .text               pin.o
    0x08008254   0x08008254   0x00000a06   Code   RO          386    .text               serial.o
    0x08008c5a   0x08008c5a   0x00000002   PAD
    0x08008c5c   0x08008c5c   0x00000216   Code   RO          395    .text               completion.o
    0x08008e72   0x08008e72   0x00000002   PAD
    0x08008e74   0x08008e74   0x00000256   Code   RO          403    .text               cpuport.o
    0x080090ca   0x080090ca   0x00000002   PAD
    0x080090cc   0x080090cc   0x00000134   Code   RO          415    .text               context_rvds.o
    0x08009200   0x08009200   0x00000006   Code   RO          421    .text               c_wu.l(heapauxi.o)
    0x08009206   0x08009206   0x0000004a   Code   RO          441    .text               c_wu.l(sys_stackheap_outer.o)
    0x08009250   0x08009250   0x00000012   Code   RO          443    .text               c_wu.l(exit.o)
    0x08009262   0x08009262   0x00000002   PAD
    0x08009264   0x08009264   0x00000008   Code   RO          451    .text               c_wu.l(libspace.o)
    0x0800926c   0x0800926c   0x0000000c   Code   RO          514    .text               c_wu.l(sys_exit.o)
    0x08009278   0x08009278   0x00000002   Code   RO          529    .text               c_wu.l(use_no_semi.o)
    0x0800927a   0x0800927a   0x00000000   Code   RO          531    .text               c_wu.l(indicate_semi.o)
    0x0800927a   0x0800927a   0x0000001a   Code   RO          512    x$fpl$fpinit        fz_wm.l(fpinit.o)
    0x08009294   0x08009294   0x00000010   Data   RO          371    .rodata.AHBPrescTable  system_n32g4fr.o
    0x080092a4   0x080092a4   0x00000018   Data   RO           51    .rodata._N32G4FR_pin_ops  drv_gpio.o
    0x080092bc   0x080092bc   0x00000100   Data   RO          299    .rodata.__lowest_bit_bitmap  kservice.o
    0x080093bc   0x080093bc   0x0000000f   Data   RO           52    .rodata.__rti_rt_hw_pin_init_name  drv_gpio.o
    0x080093cb   0x080093cb   0x00000011   Data   RO           40    .rodata.__rti_rt_hw_usart_init_name  drv_usart.o
    0x080093dc   0x080093dc   0x0000000e   Data   RO          248    .rodata.__rti_rti_board_end_name  components.o
    0x080093ea   0x080093ea   0x00000010   Data   RO          246    .rodata.__rti_rti_board_start_name  components.o
    0x080093fa   0x080093fa   0x00000008   Data   RO          250    .rodata.__rti_rti_end_name  components.o
    0x08009402   0x08009402   0x0000000a   Data   RO          244    .rodata.__rti_rti_start_name  components.o
    0x0800940c   0x0800940c   0x00000014   Data   RO           38    .rodata.n32g4fr_uart_ops  drv_usart.o
    0x08009420   0x08009420   0x00000080   Data   RO           56    .rodata.pin_irq_map  drv_gpio.o
    0x080094a0   0x080094a0   0x000003c0   Data   RO           54    .rodata.pins        drv_gpio.o
    0x08009860   0x08009860   0x00000011   Data   RO          302    .rodata.print_number.large_digits  kservice.o
    0x08009871   0x08009871   0x00000011   Data   RO          301    .rodata.print_number.small_digits  kservice.o
    0x08009882   0x08009882   0x00000010   Data   RO          178    .rodata.s_AdcHclkPresTable  n32g4fr_rcc.o
    0x08009892   0x08009892   0x00000020   Data   RO          179    .rodata.s_AdcPllClkPresTable  n32g4fr_rcc.o
    0x080098b2   0x080098b2   0x00000010   Data   RO          177    .rodata.s_ApbAhbPresTable  n32g4fr_rcc.o
    0x080098c2   0x080098c2   0x00000007   Data   RO           12    .rodata.str1.1      board.o
    0x080098c9   0x080098c9   0x00000019   Data   RO           20    .rodata.str1.1      main.o
    0x080098e2   0x080098e2   0x00000076   Data   RO           42    .rodata.str1.1      drv_usart.o
    0x08009958   0x08009958   0x00000004   Data   RO           50    .rodata.str1.1      drv_gpio.o
    0x0800995c   0x0800995c   0x0000005f   Data   RO          252    .rodata.str1.1      components.o
    0x080099bb   0x080099bb   0x000001d0   Data   RO          261    .rodata.str1.1      device.o
    0x08009b8b   0x08009b8b   0x00000043   Data   RO          269    .rodata.str1.1      idle.o
    0x08009bce   0x08009bce   0x00000296   Data   RO          279    .rodata.str1.1      ipc.o
    0x08009e64   0x08009e64   0x000000bf   Data   RO          296    .rodata.str1.1      kservice.o
    0x08009f23   0x08009f23   0x000002b0   Data   RO          310    .rodata.str1.1      mem.o
    0x0800a1d3   0x0800a1d3   0x000000c9   Data   RO          328    .rodata.str1.1      object.o
    0x0800a29c   0x0800a29c   0x000000af   Data   RO          342    .rodata.str1.1      scheduler.o
    0x0800a34b   0x0800a34b   0x00000226   Data   RO          352    .rodata.str1.1      thread.o
    0x0800a571   0x0800a571   0x0000012c   Data   RO          360    .rodata.str1.1      timer.o
    0x0800a69d   0x0800a69d   0x0000008e   Data   RO          380    .rodata.str1.1      pin.o
    0x0800a72b   0x0800a72b   0x00000165   Data   RO          388    .rodata.str1.1      serial.o
    0x0800a890   0x0800a890   0x0000007e   Data   RO          397    .rodata.str1.1      completion.o
    0x0800a90e   0x0800a90e   0x00000135   Data   RO          406    .rodata.str1.1      cpuport.o
    0x0800aa43   0x0800aa43   0x00000001   PAD
    0x0800aa44   0x0800aa44   0x00000034   Data   RO           39    .rodata.uarts       drv_usart.o
    0x0800aa78   0x0800aa78   0x00000008   Data   RO          245    .rti_fn.0           components.o
    0x0800aa80   0x0800aa80   0x00000008   Data   RO          247    .rti_fn.0.end       components.o
    0x0800aa88   0x0800aa88   0x00000008   Data   RO           41    .rti_fn.1           drv_usart.o
    0x0800aa90   0x0800aa90   0x00000008   Data   RO           53    .rti_fn.1           drv_gpio.o
    0x0800aa98   0x0800aa98   0x00000008   Data   RO          249    .rti_fn.1.end       components.o
    0x0800aaa0   0x0800aaa0   0x00000008   Data   RO          251    .rti_fn.6.end       components.o
    0x0800aaa8   0x0800aaa8   0x00000020   Data   RO          587    Region$$Table       anon$$obj.o


    Execution Region ER_RW (Exec base: 0x20000000, Load base: 0x0800aac8, Size: 0x00000114, Max: 0xffffffff, ABSOLUTE)

    Exec Addr    Load Addr    Size         Type   Attr      Idx    E Section Name        Object

    0x20000000   0x0800aac8   0x00000004   Data   RW          370    .data.SystemCoreClock  system_n32g4fr.o
    0x20000004   0x0800aacc   0x000000c0   Data   RW           55    .data.pin_irq_hdr_tab  drv_gpio.o
    0x200000c4   0x0800ab8c   0x00000050   Data   RW          327    .data.rt_object_container  object.o


    Execution Region ER_ZI (Exec base: 0x20000118, Load base: 0x0800abdc, Size: 0x00001c88, Max: 0xffffffff, ABSOLUTE)

    Exec Addr    Load Addr    Size         Type   Attr      Idx    E Section Name        Object

    0x20000118        -       0x00000060   Zero   RW          452    .bss                c_wu.l(libspace.o)
    0x20000178        -       0x00000004   Zero   RW          295    .bss.__rt_errno     kservice.o
    0x2000017c        -       0x00000004   Zero   RW          297    .bss._console_device  kservice.o
    0x20000180        -       0x00000048   Zero   RW          379    .bss._hw_pin        pin.o
    0x200001c8        -       0x00000004   Zero   RW          389    .bss._serial_check_buffer_size.already_output  serial.o
    0x200001cc        -       0x00000004   Zero   RW          313    .bss.heap_end       mem.o
    0x200001d0        -       0x00000004   Zero   RW          312    .bss.heap_ptr       mem.o
    0x200001d4        -       0x00000020   Zero   RW          314    .bss.heap_sem       mem.o
    0x200001f4        -       0x00000078   Zero   RW          270    .bss.idle           idle.o
    0x2000026c        -       0x00000004   Zero   RW          315    .bss.lfree          mem.o
    0x20000270        -       0x00000004   Zero   RW          317    .bss.max_mem        mem.o
    0x20000274        -       0x00000004   Zero   RW          311    .bss.mem_size_aligned  mem.o
    0x20000278        -       0x00000004   Zero   RW           57    .bss.pin_irq_enable_mask  drv_gpio.o
    0x2000027c        -       0x00000004   Zero   RW          300    .bss.rt_assert_hook  kservice.o
    0x20000280        -       0x00000001   Zero   RW          338    .bss.rt_current_priority  scheduler.o
    0x20000281   0x0800abdc   0x00000003   PAD
    0x20000284        -       0x00000004   Zero   RW          339    .bss.rt_current_thread  scheduler.o
    0x20000288        -       0x00000004   Zero   RW          405    .bss.rt_exception_hook  cpuport.o
    0x2000028c        -       0x00000004   Zero   RW          407    .bss.rt_interrupt_from_thread  cpuport.o
    0x20000290        -       0x00000001   Zero   RW          287    .bss.rt_interrupt_nest  irq.o
    0x20000291   0x0800abdc   0x00000003   PAD
    0x20000294        -       0x00000004   Zero   RW          408    .bss.rt_interrupt_to_thread  cpuport.o
    0x20000298        -       0x00000080   Zero   RW          298    .bss.rt_kprintf.rt_log_buf  kservice.o
    0x20000318        -       0x00000002   Zero   RW          336    .bss.rt_scheduler_lock_nest  scheduler.o
    0x2000031a   0x0800abdc   0x00000002   PAD
    0x2000031c        -       0x00000008   Zero   RW          341    .bss.rt_thread_defunct  scheduler.o
    0x20000324        -       0x00000100   Zero   RW          337    .bss.rt_thread_priority_table  scheduler.o
    0x20000424        -       0x00000004   Zero   RW          340    .bss.rt_thread_ready_priority_group  scheduler.o
    0x20000428        -       0x00000100   Zero   RW          271    .bss.rt_thread_stack  idle.o
    0x20000528        -       0x00000004   Zero   RW          409    .bss.rt_thread_switch_interrupt_flag  cpuport.o
    0x2000052c        -       0x00000004   Zero   RW          236    .bss.rt_tick        clock.o
    0x20000530        -       0x00000008   Zero   RW          362    .bss.rt_timer_list  timer.o
    0x20000538        -       0x00000004   Zero   RW          361    .bss.rt_timer_start.random_nr  timer.o
    0x2000053c        -       0x0000005c   Zero   RW           36    .bss.serial1        drv_usart.o
    0x20000598        -       0x00000004   Zero   RW          316    .bss.used_mem       mem.o
    0x2000059c   0x0800abdc   0x00000004   PAD
    0x200005a0        -       0x00000300   Zero   RW            2    HEAP                startup_n32g4fr.o
    0x200008a0        -       0x00001500   Zero   RW            1    STACK               startup_n32g4fr.o


==============================================================================

Image component sizes


      Code (inc. data)   RO Data    RW Data    ZI Data      Debug   Object Name

       246          0          7          0          0       4210   board.o
       212          0          0          0          4       2234   clock.o
       534          0        126          0          0       3148   completion.o
       354          0        175          0          0       3276   components.o
       308         26          0          0          0        820   context_rvds.o
       598          0        309          0         16       2932   cpuport.o
      1746          0        464          0          0       5886   device.o
      2290          0       1139        192          4      12226   drv_gpio.o
      1326          8        215          0         92      10616   drv_usart.o
       366          0         67          0        376       2778   idle.o
      3214          0        662          0          0       7819   ipc.o
       118          0          0          0          1        907   irq.o
      4322        168        481          0        140      11843   kservice.o
       178          0         25          0          0        986   main.o
      2726          0        688          0         56       4936   mem.o
       330          0          0          0          0       2865   misc.o
       536          0          0          0          0       2584   n32g4fr_exti.o
      2134          0          0          0          0       5832   n32g4fr_gpio.o
        26          0          0          0          0        698   n32g4fr_it.o
      2460          0         64          0          0       7734   n32g4fr_rcc.o
      1832          0          0          0          0       6322   n32g4fr_usart.o
      1088          0        201         80          0       4360   object.o
       884          0        142          0         72       4839   pin.o
       980          0        175          0        275       4308   scheduler.o
      2566          0        357          0          4       7978   serial.o
        64         26        408          0       6144        884   startup_n32g4fr.o
       862          0         16          4          0       2865   system_n32g4fr.o
      2736          0        550          0          0       7366   thread.o
      1736          4        300          0         12       5572   timer.o

    ----------------------------------------------------------------------
     36808        232       6604        276       7208     138824   Object Totals
         0          0         32          0          0          0   (incl. Generated)
        36          0          1          0         12          0   (incl. Padding)

    ----------------------------------------------------------------------

      Code (inc. data)   RO Data    RW Data    ZI Data      Debug   Library Member Name

         8          0          0          0          0         68   __main.o
         0          0          0          0          0          0   __rtentry.o
        12          0          0          0          0          0   __rtentry2.o
         6          0          0          0          0          0   __rtentry4.o
        52          8          0          0          0          0   __scatter.o
        26          0          0          0          0          0   __scatter_copy.o
        28          0          0          0          0          0   __scatter_zi.o
        18          0          0          0          0         80   exit.o
         6          0          0          0          0        152   heapauxi.o
         0          0          0          0          0          0   indicate_semi.o
         2          0          0          0          0          0   libinit.o
         6          0          0          0          0          0   libinit2.o
         2          0          0          0          0          0   libshutdown.o
         2          0          0          0          0          0   libshutdown2.o
         8          4          0          0         96         68   libspace.o
         2          0          0          0          0          0   rtexit.o
        10          0          0          0          0          0   rtexit2.o
        12          4          0          0          0         68   sys_exit.o
        74          0          0          0          0         80   sys_stackheap_outer.o
         2          0          0          0          0         68   use_no_semi.o
        26          0          0          0          0        116   fpinit.o

    ----------------------------------------------------------------------
       308         16          0          0         96        700   Library Totals
         6          0          0          0          0          0   (incl. Padding)

    ----------------------------------------------------------------------

      Code (inc. data)   RO Data    RW Data    ZI Data      Debug   Library Name

       276         16          0          0         96        584   c_wu.l
        26          0          0          0          0        116   fz_wm.l

    ----------------------------------------------------------------------
       308         16          0          0         96        700   Library Totals

    ----------------------------------------------------------------------

==============================================================================


      Code (inc. data)   RO Data    RW Data    ZI Data      Debug   

     37116        248       6604        276       7304     138748   Grand Totals
     37116        248       6604        276       7304     138748   ELF Image Totals
     37116        248       6604        276          0          0   ROM Totals

==============================================================================

    Total RO  Size (Code + RO Data)                43720 (  42.70kB)
    Total RW  Size (RW Data + ZI Data)              7580 (   7.40kB)
    Total ROM Size (Code + RO Data + RW Data)      43996 (  42.96kB)

==============================================================================

